Archive member included to satisfy reference by file (symbol)

C:/ST/STM32CubeIDE_1.14.1/STM32CubeIDE/plugins/com.st.stm32cube.ide.mcu.externaltools.gnu-tools-for-stm32.11.3.rel1.win32_1.1.100.202309141235/tools/bin/../lib/gcc/arm-none-eabi/11.3.1/../../../../arm-none-eabi/lib/thumb/v7e-m+fp/hard\libc_nano.a(libc_a-atoi.o)
                              ./Core/Src/main.o (atoi)
C:/ST/STM32CubeIDE_1.14.1/STM32CubeIDE/plugins/com.st.stm32cube.ide.mcu.externaltools.gnu-tools-for-stm32.11.3.rel1.win32_1.1.100.202309141235/tools/bin/../lib/gcc/arm-none-eabi/11.3.1/../../../../arm-none-eabi/lib/thumb/v7e-m+fp/hard\libc_nano.a(libc_a-exit.o)
                              C:/ST/STM32CubeIDE_1.14.1/STM32CubeIDE/plugins/com.st.stm32cube.ide.mcu.externaltools.gnu-tools-for-stm32.11.3.rel1.win32_1.1.100.202309141235/tools/bin/../lib/gcc/arm-none-eabi/11.3.1/../../../../arm-none-eabi/lib/thumb/v7e-m+fp/hard/crt0.o (exit)
C:/ST/STM32CubeIDE_1.14.1/STM32CubeIDE/plugins/com.st.stm32cube.ide.mcu.externaltools.gnu-tools-for-stm32.11.3.rel1.win32_1.1.100.202309141235/tools/bin/../lib/gcc/arm-none-eabi/11.3.1/../../../../arm-none-eabi/lib/thumb/v7e-m+fp/hard\libc_nano.a(libc_a-strtol.o)
                              C:/ST/STM32CubeIDE_1.14.1/STM32CubeIDE/plugins/com.st.stm32cube.ide.mcu.externaltools.gnu-tools-for-stm32.11.3.rel1.win32_1.1.100.202309141235/tools/bin/../lib/gcc/arm-none-eabi/11.3.1/../../../../arm-none-eabi/lib/thumb/v7e-m+fp/hard\libc_nano.a(libc_a-atoi.o) (_strtol_r)
C:/ST/STM32CubeIDE_1.14.1/STM32CubeIDE/plugins/com.st.stm32cube.ide.mcu.externaltools.gnu-tools-for-stm32.11.3.rel1.win32_1.1.100.202309141235/tools/bin/../lib/gcc/arm-none-eabi/11.3.1/../../../../arm-none-eabi/lib/thumb/v7e-m+fp/hard\libc_nano.a(libc_a-ctype_.o)
                              C:/ST/STM32CubeIDE_1.14.1/STM32CubeIDE/plugins/com.st.stm32cube.ide.mcu.externaltools.gnu-tools-for-stm32.11.3.rel1.win32_1.1.100.202309141235/tools/bin/../lib/gcc/arm-none-eabi/11.3.1/../../../../arm-none-eabi/lib/thumb/v7e-m+fp/hard\libc_nano.a(libc_a-strtol.o) (_ctype_)
C:/ST/STM32CubeIDE_1.14.1/STM32CubeIDE/plugins/com.st.stm32cube.ide.mcu.externaltools.gnu-tools-for-stm32.11.3.rel1.win32_1.1.100.202309141235/tools/bin/../lib/gcc/arm-none-eabi/11.3.1/../../../../arm-none-eabi/lib/thumb/v7e-m+fp/hard\libc_nano.a(libc_a-findfp.o)
                              C:/ST/STM32CubeIDE_1.14.1/STM32CubeIDE/plugins/com.st.stm32cube.ide.mcu.externaltools.gnu-tools-for-stm32.11.3.rel1.win32_1.1.100.202309141235/tools/bin/../lib/gcc/arm-none-eabi/11.3.1/../../../../arm-none-eabi/lib/thumb/v7e-m+fp/hard\libc_nano.a(libc_a-exit.o) (__stdio_exit_handler)
C:/ST/STM32CubeIDE_1.14.1/STM32CubeIDE/plugins/com.st.stm32cube.ide.mcu.externaltools.gnu-tools-for-stm32.11.3.rel1.win32_1.1.100.202309141235/tools/bin/../lib/gcc/arm-none-eabi/11.3.1/../../../../arm-none-eabi/lib/thumb/v7e-m+fp/hard\libc_nano.a(libc_a-fwalk.o)
                              C:/ST/STM32CubeIDE_1.14.1/STM32CubeIDE/plugins/com.st.stm32cube.ide.mcu.externaltools.gnu-tools-for-stm32.11.3.rel1.win32_1.1.100.202309141235/tools/bin/../lib/gcc/arm-none-eabi/11.3.1/../../../../arm-none-eabi/lib/thumb/v7e-m+fp/hard\libc_nano.a(libc_a-findfp.o) (_fwalk_sglue)
C:/ST/STM32CubeIDE_1.14.1/STM32CubeIDE/plugins/com.st.stm32cube.ide.mcu.externaltools.gnu-tools-for-stm32.11.3.rel1.win32_1.1.100.202309141235/tools/bin/../lib/gcc/arm-none-eabi/11.3.1/../../../../arm-none-eabi/lib/thumb/v7e-m+fp/hard\libc_nano.a(libc_a-printf.o)
                              ./Core/Src/main.o (printf)
C:/ST/STM32CubeIDE_1.14.1/STM32CubeIDE/plugins/com.st.stm32cube.ide.mcu.externaltools.gnu-tools-for-stm32.11.3.rel1.win32_1.1.100.202309141235/tools/bin/../lib/gcc/arm-none-eabi/11.3.1/../../../../arm-none-eabi/lib/thumb/v7e-m+fp/hard\libc_nano.a(libc_a-puts.o)
                              ./Core/Src/main.o (puts)
C:/ST/STM32CubeIDE_1.14.1/STM32CubeIDE/plugins/com.st.stm32cube.ide.mcu.externaltools.gnu-tools-for-stm32.11.3.rel1.win32_1.1.100.202309141235/tools/bin/../lib/gcc/arm-none-eabi/11.3.1/../../../../arm-none-eabi/lib/thumb/v7e-m+fp/hard\libc_nano.a(libc_a-sprintf.o)
                              ./Core/Src/main.o (sprintf)
C:/ST/STM32CubeIDE_1.14.1/STM32CubeIDE/plugins/com.st.stm32cube.ide.mcu.externaltools.gnu-tools-for-stm32.11.3.rel1.win32_1.1.100.202309141235/tools/bin/../lib/gcc/arm-none-eabi/11.3.1/../../../../arm-none-eabi/lib/thumb/v7e-m+fp/hard\libc_nano.a(libc_a-stdio.o)
                              C:/ST/STM32CubeIDE_1.14.1/STM32CubeIDE/plugins/com.st.stm32cube.ide.mcu.externaltools.gnu-tools-for-stm32.11.3.rel1.win32_1.1.100.202309141235/tools/bin/../lib/gcc/arm-none-eabi/11.3.1/../../../../arm-none-eabi/lib/thumb/v7e-m+fp/hard\libc_nano.a(libc_a-findfp.o) (__sread)
[...]
Memory Configuration

Name             Origin             Length             Attributes
CCMRAM           0x0000000010000000 0x0000000000010000 xrw
RAM              0x0000000020000000 0x0000000000020000 xrw
FLASH            0x0000000008000000 0x0000000000080000 xr
*default*        0x0000000000000000 0xffffffffffffffff

Linker script and memory map

LOAD C:/ST/STM32CubeIDE_1.14.1/STM32CubeIDE/plugins/com.st.stm32cube.ide.mcu.externaltools.gnu-tools-for-stm32.11.3.rel1.win32_1.1.100.202309141235/tools/bin/../lib/gcc/arm-none-eabi/11.3.1/thumb/v7e-m+fp/hard/crti.o
LOAD C:/ST/STM32CubeIDE_1.14.1/STM32CubeIDE/plugins/com.st.stm32cube.ide.mcu.externaltools.gnu-tools-for-stm32.11.3.rel1.win32_1.1.100.202309141235/tools/bin/../lib/gcc/arm-none-eabi/11.3.1/thumb/v7e-m+fp/hard/crtbegin.o
LOAD C:/ST/STM32CubeIDE_1.14.1/STM32CubeIDE/plugins/com.st.stm32cube.ide.mcu.externaltools.gnu-tools-for-stm32.11.3.rel1.win32_1.1.100.202309141235/tools/bin/../lib/gcc/arm-none-eabi/11.3.1/../../../../arm-none-eabi/lib/thumb/v7e-m+fp/hard/crt0.o
LOAD ./Core/Src/ICM20948.o
LOAD ./Core/Src/freertos.o
LOAD ./Core/Src/main.o
LOAD ./Core/Src/oled.o
LOAD ./Core/Src/pid.o
LOAD ./Core/Src/stm32f4xx_hal_msp.o
LOAD ./Core/Src/stm32f4xx_it.o
LOAD ./Core/Src/syscalls.o
LOAD ./Core/Src/sysmem.o
LOAD ./Core/Src/system_stm32f4xx.o
LOAD ./Core/Startup/startup_stm32f407vetx.o
LOAD ./Drivers/STM32F4xx_HAL_Driver/Src/stm32f4xx_hal.o
LOAD ./Drivers/STM32F4xx_HAL_Driver/Src/stm32f4xx_hal_cortex.o
LOAD ./Drivers/STM32F4xx_HAL_Driver/Src/stm32f4xx_hal_dma.o
LOAD ./Drivers/STM32F4xx_HAL_Driver/Src/stm32f4xx_hal_dma_ex.o
LOAD ./Drivers/STM32F4xx_HAL_Driver/Src/stm32f4xx_hal_exti.o
LOAD ./Drivers/STM32F4xx_HAL_Driver/Src/stm32f4xx_hal_flash.o
LOAD ./Drivers/STM32F4xx_HAL_Driver/Src/stm32f4xx_hal_flash_ex.o
LOAD ./Drivers/STM32F4xx_HAL_Driver/Src/stm32f4xx_hal_flash_ramfunc.o
LOAD ./Drivers/STM32F4xx_HAL_Driver/Src/stm32f4xx_hal_gpio.o
LOAD ./Drivers/STM32F4xx_HAL_Driver/Src/stm32f4xx_hal_i2c.o
LOAD ./Drivers/STM32F4xx_HAL_Driver/Src/stm32f4xx_hal_i2c_ex.o
LOAD ./Drivers/STM32F4xx_HAL_Driver/Src/stm32f4xx_hal_pwr.o
LOAD ./Drivers/STM32F4xx_HAL_Driver/Src/stm32f4xx_hal_pwr_ex.o
LOAD ./Drivers/STM32F4xx_HAL_Driver/Src/stm32f4xx_hal_rcc.o
LOAD ./Drivers/STM32F4xx_HAL_Driver/Src/stm32f4xx_hal_rcc_ex.o
LOAD ./Drivers/STM32F4xx_HAL_Driver/Src/stm32f4xx_hal_tim.o
LOAD ./Drivers/STM32F4xx_HAL_Driver/Src/stm32f4xx_hal_tim_ex.o
LOAD ./Drivers/STM32F4xx_HAL_Driver/Src/stm32f4xx_hal_uart.o
LOAD ./Middlewares/Third_Party/FreeRTOS/Source/CMSIS_RTOS_V2/cmsis_os2.o
LOAD ./Middlewares/Third_Party/FreeRTOS/Source/croutine.o
LOAD ./Middlewares/Third_Party/FreeRTOS/Source/event_groups.o
LOAD ./Middlewares/Third_Party/FreeRTOS/Source/list.o
LOAD ./Middlewares/Third_Party/FreeRTOS/Source/queue.o
LOAD ./Middlewares/Third_Party/FreeRTOS/Source/stream_buffer.o
LOAD ./Middlewares/Third_Party/FreeRTOS/Source/tasks.o
LOAD ./Middlewares/Third_Party/FreeRTOS/Source/timers.o
LOAD ./Middlewares/Third_Party/FreeRTOS/Source/portable/GCC/ARM_CM4F/port.o
LOAD ./Middlewares/Third_Party/FreeRTOS/Source/portable/MemMang/heap_4.o
START GROUP
LOAD C:/ST/STM32CubeIDE_1.14.1/STM32CubeIDE/plugins/com.st.stm32cube.ide.mcu.externaltools.gnu-tools-for-stm32.11.3.rel1.win32_1.1.100.202309141235/tools/bin/../lib/gcc/arm-none-eabi/11.3.1/../../../../arm-none-eabi/lib/thumb/v7e-m+fp/hard\libc_nano.a
LOAD C:/ST/STM32CubeIDE_1.14.1/STM32CubeIDE/plugins/com.st.stm32cube.ide.mcu.externaltools.gnu-tools-for-stm32.11.3.rel1.win32_1.1.100.202309141235/tools/bin/../lib/gcc/arm-none-eabi/11.3.1/../../../../arm-none-eabi/lib/thumb/v7e-m+fp/hard\libm.a
END GROUP
START GROUP
LOAD C:/ST/STM32CubeIDE_1.14.1/STM32CubeIDE/plugins/com.st.stm32cube.ide.mcu.externaltools.gnu-tools-for-stm32.11.3.rel1.win32_1.1.100.202309141235/tools/bin/../lib/gcc/arm-none-eabi/11.3.1/thumb/v7e-m+fp/hard\libgcc.a
LOAD C:/ST/STM32CubeIDE_1.14.1/STM32CubeIDE/plugins/com.st.stm32cube.ide.mcu.externaltools.gnu-tools-for-stm32.11.3.rel1.win32_1.1.100.202309141235/tools/bin/../lib/gcc/arm-none-eabi/11.3.1/../../../../arm-none-eabi/lib/thumb/v7e-m+fp/hard\libc_nano.a
END GROUP
START GROUP
LOAD C:/ST/STM32CubeIDE_1.14.1/STM32CubeIDE/plugins/com.st.stm32cube.ide.mcu.externaltools.gnu-tools-for-stm32.11.3.rel1.win32_1.1.100.202309141235/tools/bin/../lib/gcc/arm-none-eabi/11.3.1/thumb/v7e-m+fp/hard\libgcc.a
LOAD C:/ST/STM32CubeIDE_1.14.1/STM32CubeIDE/plugins/com.st.stm32cube.ide.mcu.externaltools.gnu-tools-for-stm32.11.3.rel1.win32_1.1.100.202309141235/tools/bin/../lib/gcc/arm-none-eabi/11.3.1/../../../../arm-none-eabi/lib/thumb/v7e-m+fp/hard\libc_nano.a
LOAD C:/ST/STM32CubeIDE_1.14.1/STM32CubeIDE/plugins/com.st.stm32cube.ide.mcu.externaltools.gnu-tools-for-stm32.11.3.rel1.win32_1.1.100.202309141235/tools/bin/../lib/gcc/arm-none-eabi/11.3.1/../../../../arm-none-eabi/lib/thumb/v7e-m+fp/hard\libnosys.a
END GROUP
START GROUP
LOAD C:/ST/STM32CubeIDE_1.14.1/STM32CubeIDE/plugins/com.st.stm32cube.ide.mcu.externaltools.gnu-tools-for-stm32.11.3.rel1.win32_1.1.100.202309141235/tools/bin/../lib/gcc/arm-none-eabi/11.3.1/thumb/v7e-m+fp/hard\libgcc.a
LOAD C:/ST/STM32CubeIDE_1.14.1/STM32CubeIDE/plugins/com.st.stm32cube.ide.mcu.externaltools.gnu-tools-for-stm32.11.3.rel1.win32_1.1.100.202309141235/tools/bin/../lib/gcc/arm-none-eabi/11.3.1/../../../../arm-none-eabi/lib/thumb/v7e-m+fp/hard\libc_nano.a
LOAD C:/ST/STM32CubeIDE_1.14.1/STM32CubeIDE/plugins/com.st.stm32cube.ide.mcu.externaltools.gnu-tools-for-stm32.11.3.rel1.win32_1.1.100.202309141235/tools/bin/../lib/gcc/arm-none-eabi/11.3.1/../../../../arm-none-eabi/lib/thumb/v7e-m+fp/hard\libnosys.a
END GROUP
LOAD C:/ST/STM32CubeIDE_1.14.1/STM32CubeIDE/plugins/com.st.stm32cube.ide.mcu.externaltools.gnu-tools-for-stm32.11.3.rel1.win32_1.1.100.202309141235/tools/bin/../lib/gcc/arm-none-eabi/11.3.1/thumb/v7e-m+fp/hard/crtend.o
LOAD C:/ST/STM32CubeIDE_1.14.1/STM32CubeIDE/plugins/com.st.stm32cube.ide.mcu.externaltools.gnu-tools-for-stm32.11.3.rel1.win32_1.1.100.202309141235/tools/bin/../lib/gcc/arm-none-eabi/11.3.1/thumb/v7e-m+fp/hard/crtn.o
                0x0000000020020000                _estack = (ORIGIN (RAM) + LENGTH (RAM))
                0x0000000000000200                _Min_Heap_Size = 0x200
                0x0000000000000400                _Min_Stack_Size = 0x400

.isr_vector     0x0000000008000000      0x188
                0x0000000008000000                . = ALIGN (0x4)
 *(.isr_vector)
 .isr_vector    0x0000000008000000      0x188 ./Core/Startup/startup_stm32f407vetx.o
                0x0000000008000000                g_pfnVectors
                0x0000000008000188                . = ALIGN (0x4)

.text           0x0000000008000190     0x6c64
                0x0000000008000190                . = ALIGN (0x4)
 *(.text)
 .text          0x0000000008000190       0x40 C:/ST/STM32CubeIDE_1.14.1/STM32CubeIDE/plugins/com.st.stm32cube.ide.mcu.externaltools.gnu-tools-for-stm32.11.3.rel1.win32_1.1.100.202309141235/tools/bin/../lib/gcc/arm-none-eabi/11.3.1/thumb/v7e-m+fp/hard/crtbegin.o
 .text          0x00000000080001d0       0xa0 C:/ST/STM32CubeIDE_1.14.1/STM32CubeIDE/plugins/com.st.stm32cube.ide.mcu.externaltools.gnu-tools-for-stm32.11.3.rel1.win32_1.1.100.202309141235/tools/bin/../lib/gcc/arm-none-eabi/11.3.1/../../../../arm-none-eabi/lib/thumb/v7e-m+fp/hard\libc_nano.a(libc_a-memchr.o)
                0x00000000080001d0                memchr
 .text          0x0000000008000270      0x378 C:/ST/STM32CubeIDE_1.14.1/STM32CubeIDE/plugins/com.st.stm32cube.ide.mcu.externaltools.gnu-tools-for-stm32.11.3.rel1.win32_1.1.100.202309141235/tools/bin/../lib/gcc/arm-none-eabi/11.3.1/thumb/v7e-m+fp/hard\libgcc.a(_arm_addsubdf3.o)
                0x0000000008000270                __aeabi_drsub
                0x0000000008000278                __aeabi_dsub
                0x0000000008000278                __subdf3
                0x000000000800027c                __aeabi_dadd
                0x000000000800027c                __adddf3
                0x00000000080004f4                __floatunsidf
                0x00000000080004f4                __aeabi_ui2d
                0x0000000008000514                __floatsidf
                0x0000000008000514                __aeabi_i2d
                0x0000000008000538                __aeabi_f2d
                0x0000000008000538                __extendsfdf2
                0x000000000800057c                __floatundidf
                0x000000000800057c                __aeabi_ul2d
                0x000000000800058c                __floatdidf
                0x000000000800058c                __aeabi_l2d
 .text          0x00000000080005e8      0x424 C:/ST/STM32CubeIDE_1.14.1/STM32CubeIDE/plugins/com.st.stm32cube.ide.mcu.externaltools.gnu-tools-for-stm32.11.3.rel1.win32_1.1.100.202309141235/tools/bin/../lib/gcc/arm-none-eabi/11.3.1/thumb/v7e-m+fp/hard\libgcc.a(_arm_muldivdf3.o)
                0x00000000080005e8                __aeabi_dmul
                0x00000000080005e8                __muldf3
                0x000000000800083c                __divdf3
                0x000000000800083c                __aeabi_ddiv
 .text          0x0000000008000a0c      0x110 C:/ST/STM32CubeIDE_1.14.1/STM32CubeIDE/plugins/com.st.stm32cube.ide.mcu.externaltools.gnu-tools-for-stm32.11.3.rel1.win32_1.1.100.202309141235/tools/bin/../lib/gcc/arm-none-eabi/11.3.1/thumb/v7e-m+fp/hard\libgcc.a(_arm_cmpdf2.o)
                0x0000000008000a0c                __gtdf2
                0x0000000008000a0c                __gedf2
                0x0000000008000a14                __ltdf2
                0x0000000008000a14                __ledf2
                0x0000000008000a1c                __nedf2
                0x0000000008000a1c                __eqdf2
                0x0000000008000a1c                __cmpdf2
                0x0000000008000a98                __aeabi_cdrcmple
                0x0000000008000aa8                __aeabi_cdcmpeq
                0x0000000008000aa8                __aeabi_cdcmple
                0x0000000008000ab8                __aeabi_dcmpeq
                0x0000000008000acc                __aeabi_dcmplt
                0x0000000008000ae0                __aeabi_dcmple
                0x0000000008000af4                __aeabi_dcmpge
                0x0000000008000b08                __aeabi_dcmpgt
 .text          0x0000000008000b1c       0x50 C:/ST/STM32CubeIDE_1.14.1/STM32CubeIDE/plugins/com.st.stm32cube.ide.mcu.externaltools.gnu-tools-for-stm32.11.3.rel1.win32_1.1.100.202309141235/tools/bin/../lib/gcc/arm-none-eabi/11.3.1/thumb/v7e-m+fp/hard\libgcc.a(_arm_fixdfsi.o)
                0x0000000008000b1c                __aeabi_d2iz
                0x0000000008000b1c                __fixdfsi
 .text          0x0000000008000b6c       0xa0 C:/ST/STM32CubeIDE_1.14.1/STM32CubeIDE/plugins/com.st.stm32cube.ide.mcu.externaltools.gnu-tools-for-stm32.11.3.rel1.win32_1.1.100.202309141235/tools/bin/../lib/gcc/arm-none-eabi/11.3.1/thumb/v7e-m+fp/hard\libgcc.a(_arm_truncdfsf2.o)
                0x0000000008000b6c                __truncdfsf2
                0x0000000008000b6c                __aeabi_d2f
 .text          0x0000000008000c0c       0x30 C:/ST/STM32CubeIDE_1.14.1/STM32CubeIDE/plugins/com.st.stm32cube.ide.mcu.externaltools.gnu-tools-for-stm32.11.3.rel1.win32_1.1.100.202309141235/tools/bin/../lib/gcc/arm-none-eabi/11.3.1/thumb/v7e-m+fp/hard\libgcc.a(_aeabi_uldivmod.o)
                0x0000000008000c0c                __aeabi_uldivmod
 .text          0x0000000008000c3c      0x2c8 C:/ST/STM32CubeIDE_1.14.1/STM32CubeIDE/plugins/com.st.stm32cube.ide.mcu.externaltools.gnu-tools-for-stm32.11.3.rel1.win32_1.1.100.202309141235/tools/bin/../lib/gcc/arm-none-eabi/11.3.1/thumb/v7e-m+fp/hard\libgcc.a(_udivmoddi4.o)
                0x0000000008000c3c                __udivmoddi4
 .text          0x0000000008000f04        0x4 C:/ST/STM32CubeIDE_1.14.1/STM32CubeIDE/plugins/com.st.stm32cube.ide.mcu.externaltools.gnu-tools-for-stm32.11.3.rel1.win32_1.1.100.202309141235/tools/bin/../lib/gcc/arm-none-eabi/11.3.1/thumb/v7e-m+fp/hard\libgcc.a(_dvmd_tls.o)
                0x0000000008000f04                __aeabi_idiv0
                0x0000000008000f04                __aeabi_ldiv0
 *(.text*)
 .text._ICM20948_SelectUserBank
                0x0000000008000f08       0x30 ./Core/Src/ICM20948.o
                0x0000000008000f08                _ICM20948_SelectUserBank
 .text._ICM20948_WriteByte
                0x0000000008000f38       0x2c ./Core/Src/ICM20948.o
                0x0000000008000f38                _ICM20948_WriteByte
 .text.ICM20948_init
                0x0000000008000f64       0x7a ./Core/Src/ICM20948.o
                0x0000000008000f64                ICM20948_init
 *fill*         0x0000000008000fde        0x2 
 .text.StartDefaultTask
                0x0000000008000fe0       0x38 ./Core/Src/main.o
                0x0000000008000fe0                StartDefaultTask
 .text.SystemClock_Config
                0x0000000008001018       0x88 ./Core/Src/main.o
                0x0000000008001018                SystemClock_Config
 .text.startup.main
                0x00000000080010a0      0x4dc ./Core/Src/main.o
                0x00000000080010a0                main
 .text.HAL_UART_RxCpltCallback
                0x000000000800157c      0x118 ./Core/Src/main.o
                0x000000000800157c                HAL_UART_RxCpltCallback
 .text.motorStop
                0x0000000008001694       0x40 ./Core/Src/main.o
                0x0000000008001694                motorStop
 .text.moveMotor
                0x00000000080016d4       0x7c ./Core/Src/main.o
                0x00000000080016d4                moveMotor
 .text.setMotorForward
                0x0000000008001750       0x34 ./Core/Src/main.o
                0x0000000008001750                setMotorForward
 .text.setMotorBackward
                0x0000000008001784       0x34 ./Core/Src/main.o
                0x0000000008001784                setMotorBackward
 .text.turnLeft
                0x00000000080017b8       0x14 ./Core/Src/main.o
                0x00000000080017b8                turnLeft
 .text.turnRight
                0x00000000080017cc       0x14 ./Core/Src/main.o
                0x00000000080017cc                turnRight
 .text.faceFront
                0x00000000080017e0       0x14 ./Core/Src/main.o
                0x00000000080017e0                faceFront
 .text.getEncoderDelta
                0x00000000080017f4       0x26 ./Core/Src/main.o
                0x00000000080017f4                getEncoderDelta
 *fill*         0x000000000800181a        0x6 
 .text.chassisTask
                0x0000000008001820      0x52c ./Core/Src/main.o
                0x0000000008001820                chassisTask
 .text.delay_us
                0x0000000008001d4c       0x14 ./Core/Src/main.o
                0x0000000008001d4c                delay_us
 .text.HCSR04_Read
                0x0000000008001d60       0x34 ./Core/Src/main.o
                0x0000000008001d60                HCSR04_Read
 .text.sensorTask
                0x0000000008001d94       0x4c ./Core/Src/main.o
                0x0000000008001d94                sensorTask
 .text.HAL_TIM_PeriodElapsedCallback
                0x0000000008001de0       0x14 ./Core/Src/main.o
                0x0000000008001de0                HAL_TIM_PeriodElapsedCallback
 .text.OLED_WR_Byte
                0x0000000008001df4       0x5c ./Core/Src/oled.o
                0x0000000008001df4                OLED_WR_Byte
 .text.OLED_Refresh_Gram
                0x0000000008001e50       0x44 ./Core/Src/oled.o
                0x0000000008001e50                OLED_Refresh_Gram
 .text.OLED_Clear
                0x0000000008001e94       0x28 ./Core/Src/oled.o
                0x0000000008001e94                OLED_Clear
 .text.OLED_DrawPoint
                0x0000000008001ebc       0x38 ./Core/Src/oled.o
                0x0000000008001ebc                OLED_DrawPoint
 .text.OLED_ShowChar
                0x0000000008001ef4       0x8c ./Core/Src/oled.o
                0x0000000008001ef4                OLED_ShowChar
 .text.OLED_ShowString
                0x0000000008001f80       0x3e ./Core/Src/oled.o
                0x0000000008001f80                OLED_ShowString
 *fill*         0x0000000008001fbe        0x2 
 .text.OLED_Init
                0x0000000008001fc0      0x110 ./Core/Src/oled.o
                0x0000000008001fc0                OLED_Init
 .text.PID_init
                0x00000000080020d0       0x32 ./Core/Src/pid.o
                0x00000000080020d0                PID_init
 *fill*         0x0000000008002102        0x2 
 .text.PID_calc
                0x0000000008002104      0x120 ./Core/Src/pid.o
                0x0000000008002104                PID_calc
 .text.HAL_MspInit
                0x0000000008002224       0x40 ./Core/Src/stm32f4xx_hal_msp.o
                0x0000000008002224                HAL_MspInit
 .text.HAL_I2C_MspInit
                0x0000000008002264       0x6c ./Core/Src/stm32f4xx_hal_msp.o
                0x0000000008002264                HAL_I2C_MspInit
 .text.HAL_TIM_Base_MspInit
                0x00000000080022d0       0xf0 ./Core/Src/stm32f4xx_hal_msp.o
                0x00000000080022d0                HAL_TIM_Base_MspInit
 .text.HAL_TIM_Encoder_MspInit
                0x00000000080023c0       0xdc ./Core/Src/stm32f4xx_hal_msp.o
                0x00000000080023c0                HAL_TIM_Encoder_MspInit
 .text.HAL_TIM_MspPostInit
                0x000000000800249c       0x58 ./Core/Src/stm32f4xx_hal_msp.o
                0x000000000800249c                HAL_TIM_MspPostInit
 .text.HAL_UART_MspInit
                0x00000000080024f4       0x7c ./Core/Src/stm32f4xx_hal_msp.o
                0x00000000080024f4                HAL_UART_MspInit
 .text.NMI_Handler
                0x0000000008002570        0x2 ./Core/Src/stm32f4xx_it.o
                0x0000000008002570                NMI_Handler
 .text.HardFault_Handler
                0x0000000008002572        0x2 ./Core/Src/stm32f4xx_it.o
                0x0000000008002572                HardFault_Handler
 .text.MemManage_Handler
                0x0000000008002574        0x2 ./Core/Src/stm32f4xx_it.o
                0x0000000008002574                MemManage_Handler
 .text.BusFault_Handler
                0x0000000008002576        0x2 ./Core/Src/stm32f4xx_it.o
                0x0000000008002576                BusFault_Handler
 .text.UsageFault_Handler
                0x0000000008002578        0x2 ./Core/Src/stm32f4xx_it.o
                0x0000000008002578                UsageFault_Handler
 .text.DebugMon_Handler
                0x000000000800257a        0x2 ./Core/Src/stm32f4xx_it.o
                0x000000000800257a                DebugMon_Handler
 .text.SysTick_Handler
                0x000000000800257c       0x18 ./Core/Src/stm32f4xx_it.o
                0x000000000800257c                SysTick_Handler
 .text.TIM1_CC_IRQHandler
                0x0000000008002594        0xc ./Core/Src/stm32f4xx_it.o
                0x0000000008002594                TIM1_CC_IRQHandler
 .text.USART3_IRQHandler
                0x00000000080025a0        0xc ./Core/Src/stm32f4xx_it.o
                0x00000000080025a0                USART3_IRQHandler
 .text._sbrk    0x00000000080025ac       0x40 ./Core/Src/sysmem.o
                0x00000000080025ac                _sbrk
 .text.SystemInit
                0x00000000080025ec       0x14 ./Core/Src/system_stm32f4xx.o
                0x00000000080025ec                SystemInit
 .text.Reset_Handler
                0x0000000008002600       0x50 ./Core/Startup/startup_stm32f407vetx.o
                0x0000000008002600                Reset_Handler
 .text.Default_Handler
                0x0000000008002650        0x2 ./Core/Startup/startup_stm32f407vetx.o
                0x0000000008002650                RTC_Alarm_IRQHandler
                0x0000000008002650                HASH_RNG_IRQHandler
                0x0000000008002650                EXTI2_IRQHandler
                0x0000000008002650                TIM8_CC_IRQHandler
                0x0000000008002650                DMA2_Stream5_IRQHandler
                0x0000000008002650                DMA1_Stream5_IRQHandler
                0x0000000008002650                PVD_IRQHandler
                0x0000000008002650                SDIO_IRQHandler
                0x0000000008002650                TAMP_STAMP_IRQHandler
                0x0000000008002650                CAN2_RX1_IRQHandler
                0x0000000008002650                EXTI3_IRQHandler
                0x0000000008002650                TIM8_TRG_COM_TIM14_IRQHandler
                0x0000000008002650                TIM1_UP_TIM10_IRQHandler
                0x0000000008002650                TIM8_UP_TIM13_IRQHandler
                0x0000000008002650                I2C3_ER_IRQHandler
                0x0000000008002650                EXTI0_IRQHandler
                0x0000000008002650                I2C2_EV_IRQHandler
                0x0000000008002650                DMA1_Stream2_IRQHandler
                0x0000000008002650                CAN1_RX0_IRQHandler
                0x0000000008002650                FPU_IRQHandler
                0x0000000008002650                OTG_HS_WKUP_IRQHandler
                0x0000000008002650                CAN2_SCE_IRQHandler
                0x0000000008002650                DMA2_Stream2_IRQHandler
                0x0000000008002650                SPI1_IRQHandler
                0x0000000008002650                TIM6_DAC_IRQHandler
                0x0000000008002650                TIM1_BRK_TIM9_IRQHandler
                0x0000000008002650                DCMI_IRQHandler
                0x0000000008002650                CAN2_RX0_IRQHandler
                0x0000000008002650                DMA2_Stream3_IRQHandler
                0x0000000008002650                USART6_IRQHandler
                0x0000000008002650                CAN1_RX1_IRQHandler
                0x0000000008002650                UART5_IRQHandler
                0x0000000008002650                DMA2_Stream0_IRQHandler
                0x0000000008002650                TIM4_IRQHandler
                0x0000000008002650                I2C1_EV_IRQHandler
                0x0000000008002650                DMA1_Stream6_IRQHandler
                0x0000000008002650                DMA1_Stream1_IRQHandler
                0x0000000008002650                UART4_IRQHandler
                0x0000000008002650                TIM3_IRQHandler
                0x0000000008002650                RCC_IRQHandler
                0x0000000008002650                TIM8_BRK_TIM12_IRQHandler
                0x0000000008002650                Default_Handler
                0x0000000008002650                EXTI15_10_IRQHandler
                0x0000000008002650                ADC_IRQHandler
                0x0000000008002650                DMA1_Stream7_IRQHandler
                0x0000000008002650                TIM7_IRQHandler
                0x0000000008002650                CAN2_TX_IRQHandler
                0x0000000008002650                TIM5_IRQHandler
                0x0000000008002650                DMA2_Stream7_IRQHandler
                0x0000000008002650                I2C3_EV_IRQHandler
                0x0000000008002650                EXTI9_5_IRQHandler
                0x0000000008002650                RTC_WKUP_IRQHandler
                0x0000000008002650                ETH_WKUP_IRQHandler
                0x0000000008002650                SPI2_IRQHandler
                0x0000000008002650                OTG_HS_EP1_IN_IRQHandler
                0x0000000008002650                DMA1_Stream0_IRQHandler
                0x0000000008002650                CAN1_TX_IRQHandler
                0x0000000008002650                EXTI4_IRQHandler
                0x0000000008002650                FSMC_IRQHandler
                0x0000000008002650                ETH_IRQHandler
                0x0000000008002650                OTG_HS_EP1_OUT_IRQHandler
                0x0000000008002650                WWDG_IRQHandler
                0x0000000008002650                TIM2_IRQHandler
                0x0000000008002650                OTG_FS_WKUP_IRQHandler
                0x0000000008002650                TIM1_TRG_COM_TIM11_IRQHandler
                0x0000000008002650                OTG_HS_IRQHandler
                0x0000000008002650                EXTI1_IRQHandler
                0x0000000008002650                USART2_IRQHandler
                0x0000000008002650                I2C2_ER_IRQHandler
                0x0000000008002650                DMA2_Stream1_IRQHandler
                0x0000000008002650                CAN1_SCE_IRQHandler
                0x0000000008002650                FLASH_IRQHandler
                0x0000000008002650                DMA2_Stream4_IRQHandler
                0x0000000008002650                USART1_IRQHandler
                0x0000000008002650                OTG_FS_IRQHandler
                0x0000000008002650                SPI3_IRQHandler
                0x0000000008002650                DMA1_Stream4_IRQHandler
                0x0000000008002650                I2C1_ER_IRQHandler
                0x0000000008002650                DMA2_Stream6_IRQHandler
                0x0000000008002650                DMA1_Stream3_IRQHandler
 *fill*         0x0000000008002652        0x2 
 .text.HAL_InitTick
                0x0000000008002654       0x48 ./Drivers/STM32F4xx_HAL_Driver/Src/stm32f4xx_hal.o
                0x0000000008002654                HAL_InitTick
 .text.HAL_Init
                0x000000000800269c       0x34 ./Drivers/STM32F4xx_HAL_Driver/Src/stm32f4xx_hal.o
                0x000000000800269c                HAL_Init
 .text.HAL_IncTick
                0x00000000080026d0       0x18 ./Drivers/STM32F4xx_HAL_Driver/Src/stm32f4xx_hal.o
                0x00000000080026d0                HAL_IncTick
 .text.HAL_GetTick
                0x00000000080026e8        0xc ./Drivers/STM32F4xx_HAL_Driver/Src/stm32f4xx_hal.o
                0x00000000080026e8                HAL_GetTick
 .text.HAL_Delay
                0x00000000080026f4       0x28 ./Drivers/STM32F4xx_HAL_Driver/Src/stm32f4xx_hal.o
                0x00000000080026f4                HAL_Delay
 .text.HAL_NVIC_SetPriorityGrouping
                0x000000000800271c       0x24 ./Drivers/STM32F4xx_HAL_Driver/Src/stm32f4xx_hal_cortex.o
                0x000000000800271c                HAL_NVIC_SetPriorityGrouping
 .text.HAL_NVIC_SetPriority
                0x0000000008002740       0x64 ./Drivers/STM32F4xx_HAL_Driver/Src/stm32f4xx_hal_cortex.o
                0x0000000008002740                HAL_NVIC_SetPriority
 .text.HAL_NVIC_EnableIRQ
                0x00000000080027a4       0x1c ./Drivers/STM32F4xx_HAL_Driver/Src/stm32f4xx_hal_cortex.o
                0x00000000080027a4                HAL_NVIC_EnableIRQ
 .text.HAL_SYSTICK_Config
                0x00000000080027c0       0x28 ./Drivers/STM32F4xx_HAL_Driver/Src/stm32f4xx_hal_cortex.o
                0x00000000080027c0                HAL_SYSTICK_Config
 .text.HAL_DMA_Abort
                0x00000000080027e8       0x7e ./Drivers/STM32F4xx_HAL_Driver/Src/stm32f4xx_hal_dma.o
                0x00000000080027e8                HAL_DMA_Abort
 .text.HAL_DMA_Abort_IT
                0x0000000008002866       0x24 ./Drivers/STM32F4xx_HAL_Driver/Src/stm32f4xx_hal_dma.o
                0x0000000008002866                HAL_DMA_Abort_IT
 *fill*         0x000000000800288a        0x2 
 .text.HAL_GPIO_Init
                0x000000000800288c      0x1b4 ./Drivers/STM32F4xx_HAL_Driver/Src/stm32f4xx_hal_gpio.o
                0x000000000800288c                HAL_GPIO_Init
 .text.HAL_GPIO_WritePin
                0x0000000008002a40        0xa ./Drivers/STM32F4xx_HAL_Driver/Src/stm32f4xx_hal_gpio.o
                0x0000000008002a40                HAL_GPIO_WritePin
 .text.HAL_GPIO_TogglePin
                0x0000000008002a4a       0x12 ./Drivers/STM32F4xx_HAL_Driver/Src/stm32f4xx_hal_gpio.o
                0x0000000008002a4a                HAL_GPIO_TogglePin
 .text.I2C_IsAcknowledgeFailed
                0x0000000008002a5c       0x34 ./Drivers/STM32F4xx_HAL_Driver/Src/stm32f4xx_hal_i2c.o
 .text.I2C_WaitOnFlagUntilTimeout
                0x0000000008002a90       0x64 ./Drivers/STM32F4xx_HAL_Driver/Src/stm32f4xx_hal_i2c.o
 .text.I2C_WaitOnMasterAddressFlagUntilTimeout
                0x0000000008002af4       0x76 ./Drivers/STM32F4xx_HAL_Driver/Src/stm32f4xx_hal_i2c.o
 .text.I2C_WaitOnTXEFlagUntilTimeout
                0x0000000008002b6a       0x4c ./Drivers/STM32F4xx_HAL_Driver/Src/stm32f4xx_hal_i2c.o
 *fill*         0x0000000008002bb6        0x2 
 .text.I2C_RequestMemoryWrite
                0x0000000008002bb8       0xb0 ./Drivers/STM32F4xx_HAL_Driver/Src/stm32f4xx_hal_i2c.o
 .text.I2C_WaitOnBTFFlagUntilTimeout
                0x0000000008002c68       0x4c ./Drivers/STM32F4xx_HAL_Driver/Src/stm32f4xx_hal_i2c.o
 .text.HAL_I2C_Init
                0x0000000008002cb4      0x150 ./Drivers/STM32F4xx_HAL_Driver/Src/stm32f4xx_hal_i2c.o
                0x0000000008002cb4                HAL_I2C_Init
 .text.HAL_I2C_Mem_Write
                0x0000000008002e04      0x120 ./Drivers/STM32F4xx_HAL_Driver/Src/stm32f4xx_hal_i2c.o
                0x0000000008002e04                HAL_I2C_Mem_Write
 .text.HAL_PWR_EnableBkUpAccess
                0x0000000008002f24       0x1c ./Drivers/STM32F4xx_HAL_Driver/Src/stm32f4xx_hal_pwr.o
                0x0000000008002f24                HAL_PWR_EnableBkUpAccess
 .text.HAL_PWR_DisableBkUpAccess
                0x0000000008002f40       0x1c ./Drivers/STM32F4xx_HAL_Driver/Src/stm32f4xx_hal_pwr.o
                0x0000000008002f40                HAL_PWR_DisableBkUpAccess
 .text.HAL_RCC_OscConfig
                0x0000000008002f5c      0x358 ./Drivers/STM32F4xx_HAL_Driver/Src/stm32f4xx_hal_rcc.o
                0x0000000008002f5c                HAL_RCC_OscConfig
 .text.HAL_RCC_GetSysClockFreq
                0x00000000080032b4       0x5c ./Drivers/STM32F4xx_HAL_Driver/Src/stm32f4xx_hal_rcc.o
                0x00000000080032b4                HAL_RCC_GetSysClockFreq
 .text.HAL_RCC_ClockConfig
                0x0000000008003310      0x134 ./Drivers/STM32F4xx_HAL_Driver/Src/stm32f4xx_hal_rcc.o
                0x0000000008003310                HAL_RCC_ClockConfig
 .text.HAL_RCC_GetPCLK1Freq
                0x0000000008003444       0x20 ./Drivers/STM32F4xx_HAL_Driver/Src/stm32f4xx_hal_rcc.o
                0x0000000008003444                HAL_RCC_GetPCLK1Freq
 .text.HAL_RCC_GetPCLK2Freq
                0x0000000008003464       0x20 ./Drivers/STM32F4xx_HAL_Driver/Src/stm32f4xx_hal_rcc.o
                0x0000000008003464                HAL_RCC_GetPCLK2Freq
 .text.TIM_OC1_SetConfig
                0x0000000008003484       0x64 ./Drivers/STM32F4xx_HAL_Driver/Src/stm32f4xx_hal_tim.o
 .text.TIM_OC3_SetConfig
                0x00000000080034e8       0x6c ./Drivers/STM32F4xx_HAL_Driver/Src/stm32f4xx_hal_tim.o
 .text.TIM_OC4_SetConfig
                0x0000000008003554       0x4c ./Drivers/STM32F4xx_HAL_Driver/Src/stm32f4xx_hal_tim.o
 .text.HAL_TIM_PWM_MspInit
                0x00000000080035a0        0x2 ./Drivers/STM32F4xx_HAL_Driver/Src/stm32f4xx_hal_tim.o
                0x00000000080035a0                HAL_TIM_PWM_MspInit
 .text.HAL_TIM_IC_MspInit
                0x00000000080035a2        0x2 ./Drivers/STM32F4xx_HAL_Driver/Src/stm32f4xx_hal_tim.o
                0x00000000080035a2                HAL_TIM_IC_MspInit
 .text.HAL_TIM_Encoder_Start
                0x00000000080035a4       0xb2 ./Drivers/STM32F4xx_HAL_Driver/Src/stm32f4xx_hal_tim.o
                0x00000000080035a4                HAL_TIM_Encoder_Start
 .text.HAL_TIM_OC_DelayElapsedCallback
                0x0000000008003656        0x2 ./Drivers/STM32F4xx_HAL_Driver/Src/stm32f4xx_hal_tim.o
                0x0000000008003656                HAL_TIM_OC_DelayElapsedCallback
 .text.HAL_TIM_IC_CaptureCallback
                0x0000000008003658        0x2 ./Drivers/STM32F4xx_HAL_Driver/Src/stm32f4xx_hal_tim.o
                0x0000000008003658                HAL_TIM_IC_CaptureCallback
 .text.HAL_TIM_PWM_PulseFinishedCallback
                0x000000000800365a        0x2 ./Drivers/STM32F4xx_HAL_Driver/Src/stm32f4xx_hal_tim.o
                0x000000000800365a                HAL_TIM_PWM_PulseFinishedCallback
 .text.HAL_TIM_TriggerCallback
                0x000000000800365c        0x2 ./Drivers/STM32F4xx_HAL_Driver/Src/stm32f4xx_hal_tim.o
                0x000000000800365c                HAL_TIM_TriggerCallback
 .text.HAL_TIM_IRQHandler
                0x000000000800365e      0x144 ./Drivers/STM32F4xx_HAL_Driver/Src/stm32f4xx_hal_tim.o
                0x000000000800365e                HAL_TIM_IRQHandler
 *fill*         0x00000000080037a2        0x2 
 .text.TIM_Base_SetConfig
                0x00000000080037a4       0xcc ./Drivers/STM32F4xx_HAL_Driver/Src/stm32f4xx_hal_tim.o
                0x00000000080037a4                TIM_Base_SetConfig
 .text.HAL_TIM_Base_Init
                0x0000000008003870       0x58 ./Drivers/STM32F4xx_HAL_Driver/Src/stm32f4xx_hal_tim.o
                0x0000000008003870                HAL_TIM_Base_Init
 .text.HAL_TIM_PWM_Init
                0x00000000080038c8       0x58 ./Drivers/STM32F4xx_HAL_Driver/Src/stm32f4xx_hal_tim.o
                0x00000000080038c8                HAL_TIM_PWM_Init
 .text.HAL_TIM_IC_Init
                0x0000000008003920       0x58 ./Drivers/STM32F4xx_HAL_Driver/Src/stm32f4xx_hal_tim.o
                0x0000000008003920                HAL_TIM_IC_Init
 .text.HAL_TIM_Encoder_Init
                0x0000000008003978       0xa8 ./Drivers/STM32F4xx_HAL_Driver/Src/stm32f4xx_hal_tim.o
                0x0000000008003978                HAL_TIM_Encoder_Init
 .text.TIM_OC2_SetConfig
                0x0000000008003a20       0x6c ./Drivers/STM32F4xx_HAL_Driver/Src/stm32f4xx_hal_tim.o
                0x0000000008003a20                TIM_OC2_SetConfig
 .text.HAL_TIM_PWM_ConfigChannel
                0x0000000008003a8c       0xb2 ./Drivers/STM32F4xx_HAL_Driver/Src/stm32f4xx_hal_tim.o
                0x0000000008003a8c                HAL_TIM_PWM_ConfigChannel
 *fill*         0x0000000008003b3e        0x2 
 .text.TIM_TI1_SetConfig
                0x0000000008003b40       0x74 ./Drivers/STM32F4xx_HAL_Driver/Src/stm32f4xx_hal_tim.o
                0x0000000008003b40                TIM_TI1_SetConfig
 .text.HAL_TIM_IC_ConfigChannel
                0x0000000008003bb4      0x12a ./Drivers/STM32F4xx_HAL_Driver/Src/stm32f4xx_hal_tim.o
                0x0000000008003bb4                HAL_TIM_IC_ConfigChannel
 .text.TIM_ETR_SetConfig
                0x0000000008003cde       0x14 ./Drivers/STM32F4xx_HAL_Driver/Src/stm32f4xx_hal_tim.o
                0x0000000008003cde                TIM_ETR_SetConfig
 .text.HAL_TIM_ConfigClockSource
                0x0000000008003cf2      0x132 ./Drivers/STM32F4xx_HAL_Driver/Src/stm32f4xx_hal_tim.o
                0x0000000008003cf2                HAL_TIM_ConfigClockSource
 .text.TIM_CCxChannelCmd
                0x0000000008003e24       0x1c ./Drivers/STM32F4xx_HAL_Driver/Src/stm32f4xx_hal_tim.o
                0x0000000008003e24                TIM_CCxChannelCmd
 .text.HAL_TIM_OC_Start
                0x0000000008003e40       0xcc ./Drivers/STM32F4xx_HAL_Driver/Src/stm32f4xx_hal_tim.o
                0x0000000008003e40                HAL_TIM_OC_Start
 .text.HAL_TIM_PWM_Start
                0x0000000008003f0c        0x4 ./Drivers/STM32F4xx_HAL_Driver/Src/stm32f4xx_hal_tim.o
                0x0000000008003f0c                HAL_TIM_PWM_Start
 .text.HAL_TIM_IC_Start_IT
                0x0000000008003f10      0x104 ./Drivers/STM32F4xx_HAL_Driver/Src/stm32f4xx_hal_tim.o
                0x0000000008003f10                HAL_TIM_IC_Start_IT
 .text.HAL_TIMEx_MasterConfigSynchronization
                0x0000000008004014       0x7c ./Drivers/STM32F4xx_HAL_Driver/Src/stm32f4xx_hal_tim_ex.o
                0x0000000008004014                HAL_TIMEx_MasterConfigSynchronization
 .text.HAL_TIMEx_ConfigBreakDeadTime
                0x0000000008004090       0x4c ./Drivers/STM32F4xx_HAL_Driver/Src/stm32f4xx_hal_tim_ex.o
                0x0000000008004090                HAL_TIMEx_ConfigBreakDeadTime
 .text.HAL_TIMEx_CommutCallback
                0x00000000080040dc        0x2 ./Drivers/STM32F4xx_HAL_Driver/Src/stm32f4xx_hal_tim_ex.o
                0x00000000080040dc                HAL_TIMEx_CommutCallback
 .text.HAL_TIMEx_BreakCallback
                0x00000000080040de        0x2 ./Drivers/STM32F4xx_HAL_Driver/Src/stm32f4xx_hal_tim_ex.o
                0x00000000080040de                HAL_TIMEx_BreakCallback
 .text.UART_EndRxTransfer
                0x00000000080040e0       0x5c ./Drivers/STM32F4xx_HAL_Driver/Src/stm32f4xx_hal_uart.o
 .text.UART_SetConfig
                0x000000000800413c       0xbc ./Drivers/STM32F4xx_HAL_Driver/Src/stm32f4xx_hal_uart.o
 .text.UART_WaitOnFlagUntilTimeout.constprop.0
                0x00000000080041f8       0x6c ./Drivers/STM32F4xx_HAL_Driver/Src/stm32f4xx_hal_uart.o
 .text.HAL_UART_Init
                0x0000000008004264       0x5c ./Drivers/STM32F4xx_HAL_Driver/Src/stm32f4xx_hal_uart.o
                0x0000000008004264                HAL_UART_Init
 .text.HAL_UART_Transmit
                0x00000000080042c0       0xaa ./Drivers/STM32F4xx_HAL_Driver/Src/stm32f4xx_hal_uart.o
                0x00000000080042c0                HAL_UART_Transmit
 .text.HAL_UART_TxCpltCallback
                0x000000000800436a        0x2 ./Drivers/STM32F4xx_HAL_Driver/Src/stm32f4xx_hal_uart.o
                0x000000000800436a                HAL_UART_TxCpltCallback
 .text.HAL_UART_ErrorCallback
                0x000000000800436c        0x2 ./Drivers/STM32F4xx_HAL_Driver/Src/stm32f4xx_hal_uart.o
                0x000000000800436c                HAL_UART_ErrorCallback
 .text.UART_DMAAbortOnError
                0x000000000800436e       0x10 ./Drivers/STM32F4xx_HAL_Driver/Src/stm32f4xx_hal_uart.o
 .text.HAL_UARTEx_RxEventCallback
                0x000000000800437e        0x2 ./Drivers/STM32F4xx_HAL_Driver/Src/stm32f4xx_hal_uart.o
                0x000000000800437e                HAL_UARTEx_RxEventCallback
 .text.UART_Receive_IT.isra.0
                0x0000000008004380       0xb4 ./Drivers/STM32F4xx_HAL_Driver/Src/stm32f4xx_hal_uart.o
 .text.HAL_UART_IRQHandler
                0x0000000008004434      0x28c ./Drivers/STM32F4xx_HAL_Driver/Src/stm32f4xx_hal_uart.o
                0x0000000008004434                HAL_UART_IRQHandler
 .text.UART_Start_Receive_IT
                0x00000000080046c0       0x36 ./Drivers/STM32F4xx_HAL_Driver/Src/stm32f4xx_hal_uart.o
                0x00000000080046c0                UART_Start_Receive_IT
 .text.HAL_UART_Receive_IT
                0x00000000080046f6       0x30 ./Drivers/STM32F4xx_HAL_Driver/Src/stm32f4xx_hal_uart.o
                0x00000000080046f6                HAL_UART_Receive_IT
 *fill*         0x0000000008004726        0x2 
 .text.osKernelInitialize
                0x0000000008004728       0x24 ./Middlewares/Third_Party/FreeRTOS/Source/CMSIS_RTOS_V2/cmsis_os2.o
                0x0000000008004728                osKernelInitialize
 .text.osKernelStart
                0x000000000800474c       0x34 ./Middlewares/Third_Party/FreeRTOS/Source/CMSIS_RTOS_V2/cmsis_os2.o
                0x000000000800474c                osKernelStart
 .text.osThreadNew
                0x0000000008004780       0x8e ./Middlewares/Third_Party/FreeRTOS/Source/CMSIS_RTOS_V2/cmsis_os2.o
                0x0000000008004780                osThreadNew
 .text.osDelay  0x000000000800480e       0x18 ./Middlewares/Third_Party/FreeRTOS/Source/CMSIS_RTOS_V2/cmsis_os2.o
                0x000000000800480e                osDelay
 .text.osMessageQueueNew
                0x0000000008004826       0x76 ./Middlewares/Third_Party/FreeRTOS/Source/CMSIS_RTOS_V2/cmsis_os2.o
                0x0000000008004826                osMessageQueueNew
 .text.osMessageQueuePut
                0x000000000800489c       0x60 ./Middlewares/Third_Party/FreeRTOS/Source/CMSIS_RTOS_V2/cmsis_os2.o
                0x000000000800489c                osMessageQueuePut
 .text.osMessageQueueGet
                0x00000000080048fc       0x5e ./Middlewares/Third_Party/FreeRTOS/Source/CMSIS_RTOS_V2/cmsis_os2.o
                0x00000000080048fc                osMessageQueueGet
 *fill*         0x000000000800495a        0x2 
 .text.vApplicationGetIdleTaskMemory
                0x000000000800495c       0x18 ./Middlewares/Third_Party/FreeRTOS/Source/CMSIS_RTOS_V2/cmsis_os2.o
                0x000000000800495c                vApplicationGetIdleTaskMemory
 .text.vApplicationGetTimerTaskMemory
                0x0000000008004974       0x18 ./Middlewares/Third_Party/FreeRTOS/Source/CMSIS_RTOS_V2/cmsis_os2.o
                0x0000000008004974                vApplicationGetTimerTaskMemory
 .text.vListInitialise
                0x000000000800498c       0x16 ./Middlewares/Third_Party/FreeRTOS/Source/list.o
                0x000000000800498c                vListInitialise
 .text.vListInitialiseItem
                0x00000000080049a2        0x6 ./Middlewares/Third_Party/FreeRTOS/Source/list.o
                0x00000000080049a2                vListInitialiseItem
 .text.vListInsertEnd
                0x00000000080049a8       0x18 ./Middlewares/Third_Party/FreeRTOS/Source/list.o
                0x00000000080049a8                vListInsertEnd
 .text.vListInsert
                0x00000000080049c0       0x2e ./Middlewares/Third_Party/FreeRTOS/Source/list.o
                0x00000000080049c0                vListInsert
 .text.uxListRemove
                0x00000000080049ee       0x20 ./Middlewares/Third_Party/FreeRTOS/Source/list.o
                0x00000000080049ee                uxListRemove
 .text.prvIsQueueEmpty
                0x0000000008004a0e       0x16 ./Middlewares/Third_Party/FreeRTOS/Source/queue.o
 .text.prvCopyDataToQueue
                0x0000000008004a24       0x6a ./Middlewares/Third_Party/FreeRTOS/Source/queue.o
 .text.prvCopyDataFromQueue
                0x0000000008004a8e       0x2c ./Middlewares/Third_Party/FreeRTOS/Source/queue.o
 .text.prvUnlockQueue
                0x0000000008004aba       0x70 ./Middlewares/Third_Party/FreeRTOS/Source/queue.o
 .text.xQueueGenericReset
                0x0000000008004b2a       0x7e ./Middlewares/Third_Party/FreeRTOS/Source/queue.o
                0x0000000008004b2a                xQueueGenericReset
 .text.xQueueGenericCreateStatic
                0x0000000008004ba8       0x9c ./Middlewares/Third_Party/FreeRTOS/Source/queue.o
                0x0000000008004ba8                xQueueGenericCreateStatic
 .text.xQueueGenericCreate
                0x0000000008004c44       0x4e ./Middlewares/Third_Party/FreeRTOS/Source/queue.o
                0x0000000008004c44                xQueueGenericCreate
 .text.xQueueGenericSend
                0x0000000008004c92      0x166 ./Middlewares/Third_Party/FreeRTOS/Source/queue.o
                0x0000000008004c92                xQueueGenericSend
 .text.xQueueGenericSendFromISR
                0x0000000008004df8       0xc4 ./Middlewares/Third_Party/FreeRTOS/Source/queue.o
                0x0000000008004df8                xQueueGenericSendFromISR
 .text.xQueueReceive
                0x0000000008004ebc      0x13e ./Middlewares/Third_Party/FreeRTOS/Source/queue.o
                0x0000000008004ebc                xQueueReceive
 .text.xQueueReceiveFromISR
                0x0000000008004ffa       0x9e ./Middlewares/Third_Party/FreeRTOS/Source/queue.o
                0x0000000008004ffa                xQueueReceiveFromISR
 .text.vQueueAddToRegistry
                0x0000000008005098       0x24 ./Middlewares/Third_Party/FreeRTOS/Source/queue.o
                0x0000000008005098                vQueueAddToRegistry
 .text.vQueueWaitForMessageRestricted
                0x00000000080050bc       0x46 ./Middlewares/Third_Party/FreeRTOS/Source/queue.o
                0x00000000080050bc                vQueueWaitForMessageRestricted
 *fill*         0x0000000008005102        0x2 
 .text.prvAddNewTaskToReadyList
                0x0000000008005104      0x100 ./Middlewares/Third_Party/FreeRTOS/Source/tasks.o
 .text.prvAddCurrentTaskToDelayedList
                0x0000000008005204       0x70 ./Middlewares/Third_Party/FreeRTOS/Source/tasks.o
 .text.prvResetNextTaskUnblockTime
                0x0000000008005274       0x24 ./Middlewares/Third_Party/FreeRTOS/Source/tasks.o
 .text.prvDeleteTCB
                0x0000000008005298       0x36 ./Middlewares/Third_Party/FreeRTOS/Source/tasks.o
 *fill*         0x00000000080052ce        0x2 
 .text.prvIdleTask
                0x00000000080052d0       0x60 ./Middlewares/Third_Party/FreeRTOS/Source/tasks.o
 .text.prvInitialiseNewTask.constprop.0
                0x0000000008005330       0x9a ./Middlewares/Third_Party/FreeRTOS/Source/tasks.o
 .text.xTaskCreateStatic
                0x00000000080053ca       0x70 ./Middlewares/Third_Party/FreeRTOS/Source/tasks.o
                0x00000000080053ca                xTaskCreateStatic
 .text.xTaskCreate
                0x000000000800543a       0x5a ./Middlewares/Third_Party/FreeRTOS/Source/tasks.o
                0x000000000800543a                xTaskCreate
 .text.vTaskStartScheduler
                0x0000000008005494       0x8c ./Middlewares/Third_Party/FreeRTOS/Source/tasks.o
                0x0000000008005494                vTaskStartScheduler
 .text.vTaskSuspendAll
                0x0000000008005520       0x10 ./Middlewares/Third_Party/FreeRTOS/Source/tasks.o
                0x0000000008005520                vTaskSuspendAll
 .text.xTaskGetTickCount
                0x0000000008005530        0xc ./Middlewares/Third_Party/FreeRTOS/Source/tasks.o
                0x0000000008005530                xTaskGetTickCount
 .text.xTaskIncrementTick
                0x000000000800553c      0x12c ./Middlewares/Third_Party/FreeRTOS/Source/tasks.o
                0x000000000800553c                xTaskIncrementTick
 .text.xTaskResumeAll
                0x0000000008005668       0xe8 ./Middlewares/Third_Party/FreeRTOS/Source/tasks.o
                0x0000000008005668                xTaskResumeAll
 .text.vTaskDelay
                0x0000000008005750       0x48 ./Middlewares/Third_Party/FreeRTOS/Source/tasks.o
                0x0000000008005750                vTaskDelay
 .text.vTaskSwitchContext
                0x0000000008005798       0x74 ./Middlewares/Third_Party/FreeRTOS/Source/tasks.o
                0x0000000008005798                vTaskSwitchContext
 .text.vTaskPlaceOnEventList
                0x000000000800580c       0x34 ./Middlewares/Third_Party/FreeRTOS/Source/tasks.o
                0x000000000800580c                vTaskPlaceOnEventList
 .text.vTaskPlaceOnEventListRestricted
                0x0000000008005840       0x3c ./Middlewares/Third_Party/FreeRTOS/Source/tasks.o
                0x0000000008005840                vTaskPlaceOnEventListRestricted
 .text.xTaskRemoveFromEventList
                0x000000000800587c       0x88 ./Middlewares/Third_Party/FreeRTOS/Source/tasks.o
                0x000000000800587c                xTaskRemoveFromEventList
 .text.vTaskInternalSetTimeOutState
                0x0000000008005904       0x18 ./Middlewares/Third_Party/FreeRTOS/Source/tasks.o
                0x0000000008005904                vTaskInternalSetTimeOutState
 .text.xTaskCheckForTimeOut
                0x000000000800591c       0x78 ./Middlewares/Third_Party/FreeRTOS/Source/tasks.o
                0x000000000800591c                xTaskCheckForTimeOut
 .text.vTaskMissedYield
                0x0000000008005994        0xc ./Middlewares/Third_Party/FreeRTOS/Source/tasks.o
                0x0000000008005994                vTaskMissedYield
 .text.xTaskGetSchedulerState
                0x00000000080059a0       0x20 ./Middlewares/Third_Party/FreeRTOS/Source/tasks.o
                0x00000000080059a0                xTaskGetSchedulerState
 .text.xTaskPriorityDisinherit
                0x00000000080059c0       0x88 ./Middlewares/Third_Party/FreeRTOS/Source/tasks.o
                0x00000000080059c0                xTaskPriorityDisinherit
 .text.prvCheckForValidListAndQueue
                0x0000000008005a48       0x68 ./Middlewares/Third_Party/FreeRTOS/Source/timers.o
 .text.prvInsertTimerInActiveList
                0x0000000008005ab0       0x3c ./Middlewares/Third_Party/FreeRTOS/Source/timers.o
 .text.xTimerCreateTimerTask
                0x0000000008005aec       0x64 ./Middlewares/Third_Party/FreeRTOS/Source/timers.o
                0x0000000008005aec                xTimerCreateTimerTask
 .text.xTimerGenericCommand
                0x0000000008005b50       0x58 ./Middlewares/Third_Party/FreeRTOS/Source/timers.o
                0x0000000008005b50                xTimerGenericCommand
 .text.prvSampleTimeNow
                0x0000000008005ba8       0xac ./Middlewares/Third_Party/FreeRTOS/Source/timers.o
 .text.prvTimerTask
                0x0000000008005c54      0x1cc ./Middlewares/Third_Party/FreeRTOS/Source/timers.o
 .text.prvPortStartFirstTask
                0x0000000008005e20       0x28 ./Middlewares/Third_Party/FreeRTOS/Source/portable/GCC/ARM_CM4F/port.o
 .text.vPortEnableVFP
                0x0000000008005e48       0x14 ./Middlewares/Third_Party/FreeRTOS/Source/portable/GCC/ARM_CM4F/port.o
 .text.prvTaskExitError
                0x0000000008005e5c       0x40 ./Middlewares/Third_Party/FreeRTOS/Source/portable/GCC/ARM_CM4F/port.o
 .text.pxPortInitialiseStack
                0x0000000008005e9c       0x2c ./Middlewares/Third_Party/FreeRTOS/Source/portable/GCC/ARM_CM4F/port.o
                0x0000000008005e9c                pxPortInitialiseStack
 *fill*         0x0000000008005ec8        0x8 
 .text.SVC_Handler
                0x0000000008005ed0       0x24 ./Middlewares/Third_Party/FreeRTOS/Source/portable/GCC/ARM_CM4F/port.o
                0x0000000008005ed0                SVC_Handler
 .text.vPortEnterCritical
                0x0000000008005ef4       0x40 ./Middlewares/Third_Party/FreeRTOS/Source/portable/GCC/ARM_CM4F/port.o
                0x0000000008005ef4                vPortEnterCritical
 .text.vPortExitCritical
                0x0000000008005f34       0x28 ./Middlewares/Third_Party/FreeRTOS/Source/portable/GCC/ARM_CM4F/port.o
                0x0000000008005f34                vPortExitCritical
 *fill*         0x0000000008005f5c        0x4 
 .text.PendSV_Handler
                0x0000000008005f60       0x64 ./Middlewares/Third_Party/FreeRTOS/Source/portable/GCC/ARM_CM4F/port.o
                0x0000000008005f60                PendSV_Handler
 .text.xPortSysTickHandler
                0x0000000008005fc4       0x2c ./Middlewares/Third_Party/FreeRTOS/Source/portable/GCC/ARM_CM4F/port.o
                0x0000000008005fc4                xPortSysTickHandler
 .text.vPortSetupTimerInterrupt
                0x0000000008005ff0       0x24 ./Middlewares/Third_Party/FreeRTOS/Source/portable/GCC/ARM_CM4F/port.o
                0x0000000008005ff0                vPortSetupTimerInterrupt
 .text.xPortStartScheduler
                0x0000000008006014      0x10c ./Middlewares/Third_Party/FreeRTOS/Source/portable/GCC/ARM_CM4F/port.o
                0x0000000008006014                xPortStartScheduler
 .text.vPortValidateInterruptPriority
                0x0000000008006120       0x5c ./Middlewares/Third_Party/FreeRTOS/Source/portable/GCC/ARM_CM4F/port.o
                0x0000000008006120                vPortValidateInterruptPriority
 .text.prvInsertBlockIntoFreeList
                0x000000000800617c       0x4c ./Middlewares/Third_Party/FreeRTOS/Source/portable/MemMang/heap_4.o
 .text.pvPortMalloc
                0x00000000080061c8      0x130 ./Middlewares/Third_Party/FreeRTOS/Source/portable/MemMang/heap_4.o
                0x00000000080061c8                pvPortMalloc
 .text.vPortFree
                0x00000000080062f8       0x7c ./Middlewares/Third_Party/FreeRTOS/Source/portable/MemMang/heap_4.o
                0x00000000080062f8                vPortFree
 .text.atoi     0x0000000008006374        0x8 C:/ST/STM32CubeIDE_1.14.1/STM32CubeIDE/plugins/com.st.stm32cube.ide.mcu.externaltools.gnu-tools-for-stm32.11.3.rel1.win32_1.1.100.202309141235/tools/bin/../lib/gcc/arm-none-eabi/11.3.1/../../../../arm-none-eabi/lib/thumb/v7e-m+fp/hard\libc_nano.a(libc_a-atoi.o)
                0x0000000008006374                atoi
 .text._strtol_l.constprop.0
                0x000000000800637c      0x104 C:/ST/STM32CubeIDE_1.14.1/STM32CubeIDE/plugins/com.st.stm32cube.ide.mcu.externaltools.gnu-tools-for-stm32.11.3.rel1.win32_1.1.100.202309141235/tools/bin/../lib/gcc/arm-none-eabi/11.3.1/../../../../arm-none-eabi/lib/thumb/v7e-m+fp/hard\libc_nano.a(libc_a-strtol.o)
 .text.strtol   0x0000000008006480       0x14 C:/ST/STM32CubeIDE_1.14.1/STM32CubeIDE/plugins/com.st.stm32cube.ide.mcu.externaltools.gnu-tools-for-stm32.11.3.rel1.win32_1.1.100.202309141235/tools/bin/../lib/gcc/arm-none-eabi/11.3.1/../../../../arm-none-eabi/lib/thumb/v7e-m+fp/hard\libc_nano.a(libc_a-strtol.o)
                0x0000000008006480                strtol
 .text.sprintf  0x0000000008006494       0x40 C:/ST/STM32CubeIDE_1.14.1/STM32CubeIDE/plugins/com.st.stm32cube.ide.mcu.externaltools.gnu-tools-for-stm32.11.3.rel1.win32_1.1.100.202309141235/tools/bin/../lib/gcc/arm-none-eabi/11.3.1/../../../../arm-none-eabi/lib/thumb/v7e-m+fp/hard\libc_nano.a(libc_a-sprintf.o)
                0x0000000008006494                siprintf
                0x0000000008006494                sprintf
 .text.memset   0x00000000080064d4       0x10 C:/ST/STM32CubeIDE_1.14.1/STM32CubeIDE/plugins/com.st.stm32cube.ide.mcu.externaltools.gnu-tools-for-stm32.11.3.rel1.win32_1.1.100.202309141235/tools/bin/../lib/gcc/arm-none-eabi/11.3.1/../../../../arm-none-eabi/lib/thumb/v7e-m+fp/hard\libc_nano.a(libc_a-memset.o)
                0x00000000080064d4                memset
 .text.__errno  0x00000000080064e4        0xc C:/ST/STM32CubeIDE_1.14.1/STM32CubeIDE/plugins/com.st.stm32cube.ide.mcu.externaltools.gnu-tools-for-stm32.11.3.rel1.win32_1.1.100.202309141235/tools/bin/../lib/gcc/arm-none-eabi/11.3.1/../../../../arm-none-eabi/lib/thumb/v7e-m+fp/hard\libc_nano.a(libc_a-errno.o)
                0x00000000080064e4                __errno
 .text.__libc_init_array
                0x00000000080064f0       0x48 C:/ST/STM32CubeIDE_1.14.1/STM32CubeIDE/plugins/com.st.stm32cube.ide.mcu.externaltools.gnu-tools-for-stm32.11.3.rel1.win32_1.1.100.202309141235/tools/bin/../lib/gcc/arm-none-eabi/11.3.1/../../../../arm-none-eabi/lib/thumb/v7e-m+fp/hard\libc_nano.a(libc_a-init.o)
                0x00000000080064f0                __libc_init_array
 .text.__retarget_lock_acquire_recursive
                0x0000000008006538        0x2 C:/ST/STM32CubeIDE_1.14.1/STM32CubeIDE/plugins/com.st.stm32cube.ide.mcu.externaltools.gnu-tools-for-stm32.11.3.rel1.win32_1.1.100.202309141235/tools/bin/../lib/gcc/arm-none-eabi/11.3.1/../../../../arm-none-eabi/lib/thumb/v7e-m+fp/hard\libc_nano.a(libc_a-lock.o)
                0x0000000008006538                __retarget_lock_acquire_recursive
 .text.__retarget_lock_release_recursive
                0x000000000800653a        0x2 C:/ST/STM32CubeIDE_1.14.1/STM32CubeIDE/plugins/com.st.stm32cube.ide.mcu.externaltools.gnu-tools-for-stm32.11.3.rel1.win32_1.1.100.202309141235/tools/bin/../lib/gcc/arm-none-eabi/11.3.1/../../../../arm-none-eabi/lib/thumb/v7e-m+fp/hard\libc_nano.a(libc_a-lock.o)
                0x000000000800653a                __retarget_lock_release_recursive
 .text.memcpy   0x000000000800653c       0x1c C:/ST/STM32CubeIDE_1.14.1/STM32CubeIDE/plugins/com.st.stm32cube.ide.mcu.externaltools.gnu-tools-for-stm32.11.3.rel1.win32_1.1.100.202309141235/tools/bin/../lib/gcc/arm-none-eabi/11.3.1/../../../../arm-none-eabi/lib/thumb/v7e-m+fp/hard\libc_nano.a(libc_a-memcpy-stub.o)
                0x000000000800653c                memcpy
 .text._free_r  0x0000000008006558       0x98 C:/ST/STM32CubeIDE_1.14.1/STM32CubeIDE/plugins/com.st.stm32cube.ide.mcu.externaltools.gnu-tools-for-stm32.11.3.rel1.win32_1.1.100.202309141235/tools/bin/../lib/gcc/arm-none-eabi/11.3.1/../../../../arm-none-eabi/lib/thumb/v7e-m+fp/hard\libc_nano.a(libc_a-freer.o)
                0x0000000008006558                _free_r
 .text.sbrk_aligned
                0x00000000080065f0       0x40 C:/ST/STM32CubeIDE_1.14.1/STM32CubeIDE/plugins/com.st.stm32cube.ide.mcu.externaltools.gnu-tools-for-stm32.11.3.rel1.win32_1.1.100.202309141235/tools/bin/../lib/gcc/arm-none-eabi/11.3.1/../../../../arm-none-eabi/lib/thumb/v7e-m+fp/hard\libc_nano.a(libc_a-mallocr.o)
 .text._malloc_r
                0x0000000008006630      0x100 C:/ST/STM32CubeIDE_1.14.1/STM32CubeIDE/plugins/com.st.stm32cube.ide.mcu.externaltools.gnu-tools-for-stm32.11.3.rel1.win32_1.1.100.202309141235/tools/bin/../lib/gcc/arm-none-eabi/11.3.1/../../../../arm-none-eabi/lib/thumb/v7e-m+fp/hard\libc_nano.a(libc_a-mallocr.o)
                0x0000000008006630                _malloc_r
 .text.__malloc_lock
                0x0000000008006730        0xc C:/ST/STM32CubeIDE_1.14.1/STM32CubeIDE/plugins/com.st.stm32cube.ide.mcu.externaltools.gnu-tools-for-stm32.11.3.rel1.win32_1.1.100.202309141235/tools/bin/../lib/gcc/arm-none-eabi/11.3.1/../../../../arm-none-eabi/lib/thumb/v7e-m+fp/hard\libc_nano.a(libc_a-mlock.o)
                0x0000000008006730                __malloc_lock
 .text.__malloc_unlock
                0x000000000800673c        0xc C:/ST/STM32CubeIDE_1.14.1/STM32CubeIDE/plugins/com.st.stm32cube.ide.mcu.externaltools.gnu-tools-for-stm32.11.3.rel1.win32_1.1.100.202309141235/tools/bin/../lib/gcc/arm-none-eabi/11.3.1/../../../../arm-none-eabi/lib/thumb/v7e-m+fp/hard\libc_nano.a(libc_a-mlock.o)
                0x000000000800673c                __malloc_unlock
 .text.__ssputs_r
                0x0000000008006748       0xb4 C:/ST/STM32CubeIDE_1.14.1/STM32CubeIDE/plugins/com.st.stm32cube.ide.mcu.externaltools.gnu-tools-for-stm32.11.3.rel1.win32_1.1.100.202309141235/tools/bin/../lib/gcc/arm-none-eabi/11.3.1/../../../../arm-none-eabi/lib/thumb/v7e-m+fp/hard\libc_nano.a(libc_a-nano-svfprintf.o)
                0x0000000008006748                __ssputs_r
 .text._svfprintf_r
                0x00000000080067fc      0x1fc C:/ST/STM32CubeIDE_1.14.1/STM32CubeIDE/plugins/com.st.stm32cube.ide.mcu.externaltools.gnu-tools-for-stm32.11.3.rel1.win32_1.1.100.202309141235/tools/bin/../lib/gcc/arm-none-eabi/11.3.1/../../../../arm-none-eabi/lib/thumb/v7e-m+fp/hard\libc_nano.a(libc_a-nano-svfprintf.o)
                0x00000000080067fc                _svfiprintf_r
                0x00000000080067fc                _svfprintf_r
 .text._printf_common
                0x00000000080069f8       0xda C:/ST/STM32CubeIDE_1.14.1/STM32CubeIDE/plugins/com.st.stm32cube.ide.mcu.externaltools.gnu-tools-for-stm32.11.3.rel1.win32_1.1.100.202309141235/tools/bin/../lib/gcc/arm-none-eabi/11.3.1/../../../../arm-none-eabi/lib/thumb/v7e-m+fp/hard\libc_nano.a(libc_a-nano-vfprintf_i.o)
                0x00000000080069f8                _printf_common
 *fill*         0x0000000008006ad2        0x2 
 .text._printf_i
                0x0000000008006ad4      0x244 C:/ST/STM32CubeIDE_1.14.1/STM32CubeIDE/plugins/com.st.stm32cube.ide.mcu.externaltools.gnu-tools-for-stm32.11.3.rel1.win32_1.1.100.202309141235/tools/bin/../lib/gcc/arm-none-eabi/11.3.1/../../../../arm-none-eabi/lib/thumb/v7e-m+fp/hard\libc_nano.a(libc_a-nano-vfprintf_i.o)
                0x0000000008006ad4                _printf_i
 .text.memmove  0x0000000008006d18       0x34 C:/ST/STM32CubeIDE_1.14.1/STM32CubeIDE/plugins/com.st.stm32cube.ide.mcu.externaltools.gnu-tools-for-stm32.11.3.rel1.win32_1.1.100.202309141235/tools/bin/../lib/gcc/arm-none-eabi/11.3.1/../../../../arm-none-eabi/lib/thumb/v7e-m+fp/hard\libc_nano.a(libc_a-memmove.o)
                0x0000000008006d18                memmove
 .text._sbrk_r  0x0000000008006d4c       0x20 C:/ST/STM32CubeIDE_1.14.1/STM32CubeIDE/plugins/com.st.stm32cube.ide.mcu.externaltools.gnu-tools-for-stm32.11.3.rel1.win32_1.1.100.202309141235/tools/bin/../lib/gcc/arm-none-eabi/11.3.1/../../../../arm-none-eabi/lib/thumb/v7e-m+fp/hard\libc_nano.a(libc_a-sbrkr.o)
                0x0000000008006d4c                _sbrk_r
 .text._realloc_r
                0x0000000008006d6c       0x5e C:/ST/STM32CubeIDE_1.14.1/STM32CubeIDE/plugins/com.st.stm32cube.ide.mcu.externaltools.gnu-tools-for-stm32.11.3.rel1.win32_1.1.100.202309141235/tools/bin/../lib/gcc/arm-none-eabi/11.3.1/../../../../arm-none-eabi/lib/thumb/v7e-m+fp/hard\libc_nano.a(libc_a-reallocr.o)
                0x0000000008006d6c                _realloc_r
 .text._malloc_usable_size_r
                0x0000000008006dca       0x10 C:/ST/STM32CubeIDE_1.14.1/STM32CubeIDE/plugins/com.st.stm32cube.ide.mcu.externaltools.gnu-tools-for-stm32.11.3.rel1.win32_1.1.100.202309141235/tools/bin/../lib/gcc/arm-none-eabi/11.3.1/../../../../arm-none-eabi/lib/thumb/v7e-m+fp/hard\libc_nano.a(libc_a-msizer.o)
                0x0000000008006dca                _malloc_usable_size_r
 *(.glue_7)
 .glue_7        0x0000000008006dda        0x0 linker stubs
 *(.glue_7t)
 .glue_7t       0x0000000008006dda        0x0 linker stubs
 *(.eh_frame)
 *fill*         0x0000000008006dda        0x2 
 .eh_frame      0x0000000008006ddc        0x0 C:/ST/STM32CubeIDE_1.14.1/STM32CubeIDE/plugins/com.st.stm32cube.ide.mcu.externaltools.gnu-tools-for-stm32.11.3.rel1.win32_1.1.100.202309141235/tools/bin/../lib/gcc/arm-none-eabi/11.3.1/thumb/v7e-m+fp/hard/crtbegin.o
 *(.init)
 .init          0x0000000008006ddc        0x4 C:/ST/STM32CubeIDE_1.14.1/STM32CubeIDE/plugins/com.st.stm32cube.ide.mcu.externaltools.gnu-tools-for-stm32.11.3.rel1.win32_1.1.100.202309141235/tools/bin/../lib/gcc/arm-none-eabi/11.3.1/thumb/v7e-m+fp/hard/crti.o
                0x0000000008006ddc                _init
 .init          0x0000000008006de0        0x8 C:/ST/STM32CubeIDE_1.14.1/STM32CubeIDE/plugins/com.st.stm32cube.ide.mcu.externaltools.gnu-tools-for-stm32.11.3.rel1.win32_1.1.100.202309141235/tools/bin/../lib/gcc/arm-none-eabi/11.3.1/thumb/v7e-m+fp/hard/crtn.o
 *(.fini)
 .fini          0x0000000008006de8        0x4 C:/ST/STM32CubeIDE_1.14.1/STM32CubeIDE/plugins/com.st.stm32cube.ide.mcu.externaltools.gnu-tools-for-stm32.11.3.rel1.win32_1.1.100.202309141235/tools/bin/../lib/gcc/arm-none-eabi/11.3.1/thumb/v7e-m+fp/hard/crti.o
                0x0000000008006de8                _fini
 .fini          0x0000000008006dec        0x8 C:/ST/STM32CubeIDE_1.14.1/STM32CubeIDE/plugins/com.st.stm32cube.ide.mcu.externaltools.gnu-tools-for-stm32.11.3.rel1.win32_1.1.100.202309141235/tools/bin/../lib/gcc/arm-none-eabi/11.3.1/thumb/v7e-m+fp/hard/crtn.o
                0x0000000008006df4                . = ALIGN (0x4)
                0x0000000008006df4                _etext = .

.vfp11_veneer   0x0000000008006df4        0x0
 .vfp11_veneer  0x0000000008006df4        0x0 linker stubs

.v4_bx          0x0000000008006df4        0x0
 .v4_bx         0x0000000008006df4        0x0 linker stubs

.iplt           0x0000000008006df4        0x0
 .iplt          0x0000000008006df4        0x0 C:/ST/STM32CubeIDE_1.14.1/STM32CubeIDE/plugins/com.st.stm32cube.ide.mcu.externaltools.gnu-tools-for-stm32.11.3.rel1.win32_1.1.100.202309141235/tools/bin/../lib/gcc/arm-none-eabi/11.3.1/thumb/v7e-m+fp/hard/crtbegin.o

.rodata         0x0000000008006df4      0xcb4
                0x0000000008006df4                . = ALIGN (0x4)
 *(.rodata)
 *(.rodata*)
 .rodata.HAL_UART_RxCpltCallback.str1.1
                0x0000000008006df4        0xf ./Core/Src/main.o
 .rodata.chassisTask.str1.1
                0x0000000008006e03       0x18 ./Core/Src/main.o
 .rodata.sensorTask.str1.1
                0x0000000008006e1b        0xd ./Core/Src/main.o
 .rodata.str1.1
                0x0000000008006e28       0x37 ./Core/Src/main.o
 *fill*         0x0000000008006e5f        0x1 
 .rodata.ChassisTask_attributes
                0x0000000008006e60       0x24 ./Core/Src/main.o
                0x0000000008006e60                ChassisTask_attributes
 .rodata.SensorTask_attributes
                0x0000000008006e84       0x24 ./Core/Src/main.o
                0x0000000008006e84                SensorTask_attributes
 .rodata.chassisCommandQueue_attributes
                0x0000000008006ea8       0x18 ./Core/Src/main.o
                0x0000000008006ea8                chassisCommandQueue_attributes
 .rodata.defaultTask_attributes
                0x0000000008006ec0       0x24 ./Core/Src/main.o
                0x0000000008006ec0                defaultTask_attributes
 .rodata.oled_asc2_1206
                0x0000000008006ee4      0x474 ./Core/Src/oled.o
                0x0000000008006ee4                oled_asc2_1206
 .rodata.oled_asc2_1608
                0x0000000008007358      0x5f0 ./Core/Src/oled.o
                0x0000000008007358                oled_asc2_1608
 .rodata.AHBPrescTable
                0x0000000008007948       0x10 ./Core/Src/system_stm32f4xx.o
                0x0000000008007948                AHBPrescTable
 .rodata.APBPrescTable
                0x0000000008007958        0x8 ./Core/Src/system_stm32f4xx.o
                0x0000000008007958                APBPrescTable
 .rodata.vTaskStartScheduler.str1.1
                0x0000000008007960        0x5 ./Middlewares/Third_Party/FreeRTOS/Source/tasks.o
 .rodata.prvCheckForValidListAndQueue.str1.1
                0x0000000008007965        0x5 ./Middlewares/Third_Party/FreeRTOS/Source/timers.o
 .rodata.xTimerCreateTimerTask.str1.1
                0x000000000800796a        0x8 ./Middlewares/Third_Party/FreeRTOS/Source/timers.o
 .rodata._ctype_
                0x0000000008007972      0x101 C:/ST/STM32CubeIDE_1.14.1/STM32CubeIDE/plugins/com.st.stm32cube.ide.mcu.externaltools.gnu-tools-for-stm32.11.3.rel1.win32_1.1.100.202309141235/tools/bin/../lib/gcc/arm-none-eabi/11.3.1/../../../../arm-none-eabi/lib/thumb/v7e-m+fp/hard\libc_nano.a(libc_a-ctype_.o)
                0x0000000008007972                _ctype_
 .rodata._svfprintf_r.str1.1
                0x0000000008007a73       0x11 C:/ST/STM32CubeIDE_1.14.1/STM32CubeIDE/plugins/com.st.stm32cube.ide.mcu.externaltools.gnu-tools-for-stm32.11.3.rel1.win32_1.1.100.202309141235/tools/bin/../lib/gcc/arm-none-eabi/11.3.1/../../../../arm-none-eabi/lib/thumb/v7e-m+fp/hard\libc_nano.a(libc_a-nano-svfprintf.o)
 .rodata._printf_i.str1.1
                0x0000000008007a84       0x22 C:/ST/STM32CubeIDE_1.14.1/STM32CubeIDE/plugins/com.st.stm32cube.ide.mcu.externaltools.gnu-tools-for-stm32.11.3.rel1.win32_1.1.100.202309141235/tools/bin/../lib/gcc/arm-none-eabi/11.3.1/../../../../arm-none-eabi/lib/thumb/v7e-m+fp/hard\libc_nano.a(libc_a-nano-vfprintf_i.o)
                0x0000000008007aa8                . = ALIGN (0x4)
 *fill*         0x0000000008007aa6        0x2 

.ARM.extab      0x0000000008007aa8        0x0
                0x0000000008007aa8                . = ALIGN (0x4)
 *(.ARM.extab* .gnu.linkonce.armextab.*)
                0x0000000008007aa8                . = ALIGN (0x4)

.ARM            0x0000000008007aa8        0x8
                0x0000000008007aa8                . = ALIGN (0x4)
                0x0000000008007aa8                __exidx_start = .
 *(.ARM.exidx*)
 .ARM.exidx     0x0000000008007aa8        0x8 C:/ST/STM32CubeIDE_1.14.1/STM32CubeIDE/plugins/com.st.stm32cube.ide.mcu.externaltools.gnu-tools-for-stm32.11.3.rel1.win32_1.1.100.202309141235/tools/bin/../lib/gcc/arm-none-eabi/11.3.1/thumb/v7e-m+fp/hard\libgcc.a(_udivmoddi4.o)
                0x0000000008007ab0                __exidx_end = .
                0x0000000008007ab0                . = ALIGN (0x4)

.rel.dyn        0x0000000008007ab0        0x0
 .rel.iplt      0x0000000008007ab0        0x0 C:/ST/STM32CubeIDE_1.14.1/STM32CubeIDE/plugins/com.st.stm32cube.ide.mcu.externaltools.gnu-tools-for-stm32.11.3.rel1.win32_1.1.100.202309141235/tools/bin/../lib/gcc/arm-none-eabi/11.3.1/thumb/v7e-m+fp/hard/crtbegin.o

.preinit_array  0x0000000008007ab0        0x0
                0x0000000008007ab0                . = ALIGN (0x4)
                0x0000000008007ab0                PROVIDE (__preinit_array_start = .)
 *(.preinit_array*)
                0x0000000008007ab0                PROVIDE (__preinit_array_end = .)
                0x0000000008007ab0                . = ALIGN (0x4)

.init_array     0x0000000008007ab0        0x4
                0x0000000008007ab0                . = ALIGN (0x4)
                0x0000000008007ab0                PROVIDE (__init_array_start = .)
 *(SORT_BY_NAME(.init_array.*))
 *(.init_array*)
 .init_array    0x0000000008007ab0        0x4 C:/ST/STM32CubeIDE_1.14.1/STM32CubeIDE/plugins/com.st.stm32cube.ide.mcu.externaltools.gnu-tools-for-stm32.11.3.rel1.win32_1.1.100.202309141235/tools/bin/../lib/gcc/arm-none-eabi/11.3.1/thumb/v7e-m+fp/hard/crtbegin.o
                0x0000000008007ab4                PROVIDE (__init_array_end = .)
                0x0000000008007ab4                . = ALIGN (0x4)

.fini_array     0x0000000008007ab4        0x4
                0x0000000008007ab4                . = ALIGN (0x4)
                [!provide]                        PROVIDE (__fini_array_start = .)
 *(SORT_BY_NAME(.fini_array.*))
 *(.fini_array*)
 .fini_array    0x0000000008007ab4        0x4 C:/ST/STM32CubeIDE_1.14.1/STM32CubeIDE/plugins/com.st.stm32cube.ide.mcu.externaltools.gnu-tools-for-stm32.11.3.rel1.win32_1.1.100.202309141235/tools/bin/../lib/gcc/arm-none-eabi/11.3.1/thumb/v7e-m+fp/hard/crtbegin.o
                [!provide]                        PROVIDE (__fini_array_end = .)
                0x0000000008007ab8                . = ALIGN (0x4)
                0x0000000008007ab8                _sidata = LOADADDR (.data)

.data           0x0000000020000000       0x88 load address 0x0000000008007ab8
                0x0000000020000000                . = ALIGN (0x4)
                0x0000000020000000                _sdata = .
 *(.data)
 *(.data*)
 .data.Distance
                0x0000000020000000        0x1 ./Core/Src/main.o
                0x0000000020000000                Distance
 .data.UD       0x0000000020000001        0x1 ./Core/Src/main.o
                0x0000000020000001                UD
 *fill*         0x0000000020000002        0x2 
 .data.max_iout
                0x0000000020000004        0x4 ./Core/Src/main.o
                0x0000000020000004                max_iout
 .data.max_out  0x0000000020000008        0x4 ./Core/Src/main.o
                0x0000000020000008                max_out
 .data.max_out_turn
                0x000000002000000c        0x4 ./Core/Src/main.o
                0x000000002000000c                max_out_turn
 .data.pid_param_right
                0x0000000020000010        0xc ./Core/Src/main.o
                0x0000000020000010                pid_param_right
 .data.pid_param_turn
                0x000000002000001c        0xc ./Core/Src/main.o
                0x000000002000001c                pid_param_turn
 .data.SystemCoreClock
                0x0000000020000028        0x4 ./Core/Src/system_stm32f4xx.o
                0x0000000020000028                SystemCoreClock
 .data.uwTickFreq
                0x000000002000002c        0x1 ./Drivers/STM32F4xx_HAL_Driver/Src/stm32f4xx_hal.o
                0x000000002000002c                uwTickFreq
 *fill*         0x000000002000002d        0x3 
 .data.uwTickPrio
                0x0000000020000030        0x4 ./Drivers/STM32F4xx_HAL_Driver/Src/stm32f4xx_hal.o
                0x0000000020000030                uwTickPrio
 .data.uxCriticalNesting
                0x0000000020000034        0x4 ./Middlewares/Third_Party/FreeRTOS/Source/portable/GCC/ARM_CM4F/port.o
 .data._impure_data
                0x0000000020000038       0x4c C:/ST/STM32CubeIDE_1.14.1/STM32CubeIDE/plugins/com.st.stm32cube.ide.mcu.externaltools.gnu-tools-for-stm32.11.3.rel1.win32_1.1.100.202309141235/tools/bin/../lib/gcc/arm-none-eabi/11.3.1/../../../../arm-none-eabi/lib/thumb/v7e-m+fp/hard\libc_nano.a(libc_a-impure.o)
                0x0000000020000038                _impure_data
 .data._impure_ptr
                0x0000000020000084        0x4 C:/ST/STM32CubeIDE_1.14.1/STM32CubeIDE/plugins/com.st.stm32cube.ide.mcu.externaltools.gnu-tools-for-stm32.11.3.rel1.win32_1.1.100.202309141235/tools/bin/../lib/gcc/arm-none-eabi/11.3.1/../../../../arm-none-eabi/lib/thumb/v7e-m+fp/hard\libc_nano.a(libc_a-impure.o)
                0x0000000020000084                _impure_ptr
 *(.RamFunc)
 *(.RamFunc*)
                0x0000000020000088                . = ALIGN (0x4)
                0x0000000020000088                _edata = .
                0x0000000008007b40                _siccmram = LOADADDR (.ccmram)

.igot.plt       0x0000000020000088        0x0 load address 0x0000000008007b40
 .igot.plt      0x0000000020000088        0x0 C:/ST/STM32CubeIDE_1.14.1/STM32CubeIDE/plugins/com.st.stm32cube.ide.mcu.externaltools.gnu-tools-for-stm32.11.3.rel1.win32_1.1.100.202309141235/tools/bin/../lib/gcc/arm-none-eabi/11.3.1/thumb/v7e-m+fp/hard/crtbegin.o

.ccmram         0x0000000010000000        0x0 load address 0x0000000008007b40
                0x0000000010000000                . = ALIGN (0x4)
                0x0000000010000000                _sccmram = .
 *(.ccmram)
 *(.ccmram*)
                0x0000000010000000                . = ALIGN (0x4)
                0x0000000010000000                _eccmram = .
                0x0000000010000000                . = ALIGN (0x4)

.bss            0x0000000020000088     0x5210
                0x0000000020000088                _sbss = .
                0x0000000020000088                __bss_start__ = _sbss
 *(.bss)
 .bss           0x0000000020000088       0x1c C:/ST/STM32CubeIDE_1.14.1/STM32CubeIDE/plugins/com.st.stm32cube.ide.mcu.externaltools.gnu-tools-for-stm32.11.3.rel1.win32_1.1.100.202309141235/tools/bin/../lib/gcc/arm-none-eabi/11.3.1/thumb/v7e-m+fp/hard/crtbegin.o
 *(.bss*)
 .bss.ChassisTaskHandle
                0x00000000200000a4        0x4 ./Core/Src/main.o
                0x00000000200000a4                ChassisTaskHandle
 .bss.SensorTaskHandle
                0x00000000200000a8        0x4 ./Core/Src/main.o
                0x00000000200000a8                SensorTaskHandle
 .bss.aRxBuffer
                0x00000000200000ac        0x4 ./Core/Src/main.o
                0x00000000200000ac                aRxBuffer
 .bss.chassisCommandQueueHandle
                0x00000000200000b0        0x4 ./Core/Src/main.o
                0x00000000200000b0                chassisCommandQueueHandle
 .bss.cmdFinishFlag
                0x00000000200000b4        0x1 ./Core/Src/main.o
                0x00000000200000b4                cmdFinishFlag
 *fill*         0x00000000200000b5        0x3 
 .bss.data      0x00000000200000b8        0x4 ./Core/Src/main.o
                0x00000000200000b8                data
 .bss.defaultTaskHandle
                0x00000000200000bc        0x4 ./Core/Src/main.o
                0x00000000200000bc                defaultTaskHandle
 .bss.directionCmd
                0x00000000200000c0        0x1 ./Core/Src/main.o
                0x00000000200000c0                directionCmd
 *fill*         0x00000000200000c1        0x1 
 .bss.gyroZ     0x00000000200000c2        0x2 ./Core/Src/main.o
                0x00000000200000c2                gyroZ
 .bss.hi2c1     0x00000000200000c4       0x54 ./Core/Src/main.o
                0x00000000200000c4                hi2c1
 .bss.htim1     0x0000000020000118       0x48 ./Core/Src/main.o
                0x0000000020000118                htim1
 .bss.htim2     0x0000000020000160       0x48 ./Core/Src/main.o
                0x0000000020000160                htim2
 .bss.htim3     0x00000000200001a8       0x48 ./Core/Src/main.o
                0x00000000200001a8                htim3
 .bss.htim8     0x00000000200001f0       0x48 ./Core/Src/main.o
                0x00000000200001f0                htim8
 .bss.huart3    0x0000000020000238       0x44 ./Core/Src/main.o
                0x0000000020000238                huart3
 *fill*         0x000000002000027c        0x4 
 .bss.input_left
                0x0000000020000280        0x8 ./Core/Src/main.o
                0x0000000020000280                input_left
 .bss.input_right
                0x0000000020000288        0x8 ./Core/Src/main.o
                0x0000000020000288                input_right
 .bss.last_curTask_tick
                0x0000000020000290        0x4 ./Core/Src/main.o
                0x0000000020000290                last_curTask_tick
 .bss.left_pid  0x0000000020000294       0x50 ./Core/Src/main.o
                0x0000000020000294                left_pid
 .bss.left_turn_pid
                0x00000000200002e4       0x50 ./Core/Src/main.o
                0x00000000200002e4                left_turn_pid
 .bss.moveCmd   0x0000000020000334        0x1 ./Core/Src/main.o
                0x0000000020000334                moveCmd
 *fill*         0x0000000020000335        0x3 
 .bss.output_left
                0x0000000020000338        0x8 ./Core/Src/main.o
                0x0000000020000338                output_left
 .bss.output_right
                0x0000000020000340        0x8 ./Core/Src/main.o
                0x0000000020000340                output_right
 .bss.right_pid
                0x0000000020000348       0x50 ./Core/Src/main.o
                0x0000000020000348                right_pid
 .bss.right_turn_pid
                0x0000000020000398       0x50 ./Core/Src/main.o
                0x0000000020000398                right_turn_pid
 .bss.setpoint_left
                0x00000000200003e8        0x8 ./Core/Src/main.o
                0x00000000200003e8                setpoint_left
 .bss.setpoint_right
                0x00000000200003f0        0x8 ./Core/Src/main.o
                0x00000000200003f0                setpoint_right
 .bss.targetAngle
                0x00000000200003f8        0x4 ./Core/Src/main.o
                0x00000000200003f8                targetAngle
 .bss.OLED_GRAM
                0x00000000200003fc      0x400 ./Core/Src/oled.o
                0x00000000200003fc                OLED_GRAM
 .bss.__sbrk_heap_end
                0x00000000200007fc        0x4 ./Core/Src/sysmem.o
 .bss.uwTick    0x0000000020000800        0x4 ./Drivers/STM32F4xx_HAL_Driver/Src/stm32f4xx_hal.o
                0x0000000020000800                uwTick
 .bss.Idle_Stack.2
                0x0000000020000804      0x200 ./Middlewares/Third_Party/FreeRTOS/Source/CMSIS_RTOS_V2/cmsis_os2.o
 .bss.Idle_TCB.3
                0x0000000020000a04       0x5c ./Middlewares/Third_Party/FreeRTOS/Source/CMSIS_RTOS_V2/cmsis_os2.o
 .bss.KernelState
                0x0000000020000a60        0x4 ./Middlewares/Third_Party/FreeRTOS/Source/CMSIS_RTOS_V2/cmsis_os2.o
 .bss.Timer_Stack.0
                0x0000000020000a64      0x400 ./Middlewares/Third_Party/FreeRTOS/Source/CMSIS_RTOS_V2/cmsis_os2.o
 .bss.Timer_TCB.1
                0x0000000020000e64       0x5c ./Middlewares/Third_Party/FreeRTOS/Source/CMSIS_RTOS_V2/cmsis_os2.o
 .bss.xQueueRegistry
                0x0000000020000ec0       0x40 ./Middlewares/Third_Party/FreeRTOS/Source/queue.o
                0x0000000020000ec0                xQueueRegistry
 .bss.pxCurrentTCB
                0x0000000020000f00        0x4 ./Middlewares/Third_Party/FreeRTOS/Source/tasks.o
                0x0000000020000f00                pxCurrentTCB
 .bss.pxDelayedTaskList
                0x0000000020000f04        0x4 ./Middlewares/Third_Party/FreeRTOS/Source/tasks.o
 .bss.pxOverflowDelayedTaskList
                0x0000000020000f08        0x4 ./Middlewares/Third_Party/FreeRTOS/Source/tasks.o
 .bss.pxReadyTasksLists
                0x0000000020000f0c      0x460 ./Middlewares/Third_Party/FreeRTOS/Source/tasks.o
 .bss.uxCurrentNumberOfTasks
                0x000000002000136c        0x4 ./Middlewares/Third_Party/FreeRTOS/Source/tasks.o
 .bss.uxDeletedTasksWaitingCleanUp
                0x0000000020001370        0x4 ./Middlewares/Third_Party/FreeRTOS/Source/tasks.o
 .bss.uxSchedulerSuspended
                0x0000000020001374        0x4 ./Middlewares/Third_Party/FreeRTOS/Source/tasks.o
 .bss.uxTaskNumber
                0x0000000020001378        0x4 ./Middlewares/Third_Party/FreeRTOS/Source/tasks.o
 .bss.uxTopReadyPriority
                0x000000002000137c        0x4 ./Middlewares/Third_Party/FreeRTOS/Source/tasks.o
 .bss.xDelayedTaskList1
                0x0000000020001380       0x14 ./Middlewares/Third_Party/FreeRTOS/Source/tasks.o
 .bss.xDelayedTaskList2
                0x0000000020001394       0x14 ./Middlewares/Third_Party/FreeRTOS/Source/tasks.o
 .bss.xNextTaskUnblockTime
                0x00000000200013a8        0x4 ./Middlewares/Third_Party/FreeRTOS/Source/tasks.o
 .bss.xNumOfOverflows
                0x00000000200013ac        0x4 ./Middlewares/Third_Party/FreeRTOS/Source/tasks.o
 .bss.xPendedTicks
                0x00000000200013b0        0x4 ./Middlewares/Third_Party/FreeRTOS/Source/tasks.o
 .bss.xPendingReadyList
                0x00000000200013b4       0x14 ./Middlewares/Third_Party/FreeRTOS/Source/tasks.o
 .bss.xSchedulerRunning
                0x00000000200013c8        0x4 ./Middlewares/Third_Party/FreeRTOS/Source/tasks.o
 .bss.xSuspendedTaskList
                0x00000000200013cc       0x14 ./Middlewares/Third_Party/FreeRTOS/Source/tasks.o
 .bss.xTasksWaitingTermination
                0x00000000200013e0       0x14 ./Middlewares/Third_Party/FreeRTOS/Source/tasks.o
 .bss.xTickCount
                0x00000000200013f4        0x4 ./Middlewares/Third_Party/FreeRTOS/Source/tasks.o
 .bss.xYieldPending
                0x00000000200013f8        0x4 ./Middlewares/Third_Party/FreeRTOS/Source/tasks.o
 .bss.pxCurrentTimerList
                0x00000000200013fc        0x4 ./Middlewares/Third_Party/FreeRTOS/Source/timers.o
 .bss.pxOverflowTimerList
                0x0000000020001400        0x4 ./Middlewares/Third_Party/FreeRTOS/Source/timers.o
 .bss.ucStaticTimerQueueStorage.1
                0x0000000020001404       0xa0 ./Middlewares/Third_Party/FreeRTOS/Source/timers.o
 .bss.xActiveTimerList1
                0x00000000200014a4       0x14 ./Middlewares/Third_Party/FreeRTOS/Source/timers.o
 .bss.xActiveTimerList2
                0x00000000200014b8       0x14 ./Middlewares/Third_Party/FreeRTOS/Source/timers.o
 .bss.xLastTime.2
                0x00000000200014cc        0x4 ./Middlewares/Third_Party/FreeRTOS/Source/timers.o
 .bss.xStaticTimerQueue.0
                0x00000000200014d0       0x50 ./Middlewares/Third_Party/FreeRTOS/Source/timers.o
 .bss.xTimerQueue
                0x0000000020001520        0x4 ./Middlewares/Third_Party/FreeRTOS/Source/timers.o
 .bss.xTimerTaskHandle
                0x0000000020001524        0x4 ./Middlewares/Third_Party/FreeRTOS/Source/timers.o
 .bss.ucMaxSysCallPriority
                0x0000000020001528        0x1 ./Middlewares/Third_Party/FreeRTOS/Source/portable/GCC/ARM_CM4F/port.o
 *fill*         0x0000000020001529        0x3 
 .bss.ulMaxPRIGROUPValue
                0x000000002000152c        0x4 ./Middlewares/Third_Party/FreeRTOS/Source/portable/GCC/ARM_CM4F/port.o
 .bss.pxEnd     0x0000000020001530        0x4 ./Middlewares/Third_Party/FreeRTOS/Source/portable/MemMang/heap_4.o
 .bss.ucHeap    0x0000000020001534     0x3c00 ./Middlewares/Third_Party/FreeRTOS/Source/portable/MemMang/heap_4.o
 .bss.xBlockAllocatedBit
                0x0000000020005134        0x4 ./Middlewares/Third_Party/FreeRTOS/Source/portable/MemMang/heap_4.o
 .bss.xFreeBytesRemaining
                0x0000000020005138        0x4 ./Middlewares/Third_Party/FreeRTOS/Source/portable/MemMang/heap_4.o
 .bss.xMinimumEverFreeBytesRemaining
                0x000000002000513c        0x4 ./Middlewares/Third_Party/FreeRTOS/Source/portable/MemMang/heap_4.o
 .bss.xNumberOfSuccessfulAllocations
                0x0000000020005140        0x4 ./Middlewares/Third_Party/FreeRTOS/Source/portable/MemMang/heap_4.o
 .bss.xNumberOfSuccessfulFrees
                0x0000000020005144        0x4 ./Middlewares/Third_Party/FreeRTOS/Source/portable/MemMang/heap_4.o
 .bss.xStart    0x0000000020005148        0x8 ./Middlewares/Third_Party/FreeRTOS/Source/portable/MemMang/heap_4.o
 .bss.__sf      0x0000000020005150      0x138 C:/ST/STM32CubeIDE_1.14.1/STM32CubeIDE/plugins/com.st.stm32cube.ide.mcu.externaltools.gnu-tools-for-stm32.11.3.rel1.win32_1.1.100.202309141235/tools/bin/../lib/gcc/arm-none-eabi/11.3.1/../../../../arm-none-eabi/lib/thumb/v7e-m+fp/hard\libc_nano.a(libc_a-findfp.o)
                0x0000000020005150                __sf
 .bss.errno     0x0000000020005288        0x4 C:/ST/STM32CubeIDE_1.14.1/STM32CubeIDE/plugins/com.st.stm32cube.ide.mcu.externaltools.gnu-tools-for-stm32.11.3.rel1.win32_1.1.100.202309141235/tools/bin/../lib/gcc/arm-none-eabi/11.3.1/../../../../arm-none-eabi/lib/thumb/v7e-m+fp/hard\libc_nano.a(libc_a-reent.o)
                0x0000000020005288                errno
 .bss.__lock___malloc_recursive_mutex
                0x000000002000528c        0x1 C:/ST/STM32CubeIDE_1.14.1/STM32CubeIDE/plugins/com.st.stm32cube.ide.mcu.externaltools.gnu-tools-for-stm32.11.3.rel1.win32_1.1.100.202309141235/tools/bin/../lib/gcc/arm-none-eabi/11.3.1/../../../../arm-none-eabi/lib/thumb/v7e-m+fp/hard\libc_nano.a(libc_a-lock.o)
                0x000000002000528c                __lock___malloc_recursive_mutex
 *fill*         0x000000002000528d        0x3 
 .bss.__malloc_free_list
                0x0000000020005290        0x4 C:/ST/STM32CubeIDE_1.14.1/STM32CubeIDE/plugins/com.st.stm32cube.ide.mcu.externaltools.gnu-tools-for-stm32.11.3.rel1.win32_1.1.100.202309141235/tools/bin/../lib/gcc/arm-none-eabi/11.3.1/../../../../arm-none-eabi/lib/thumb/v7e-m+fp/hard\libc_nano.a(libc_a-mallocr.o)
                0x0000000020005290                __malloc_free_list
 .bss.__malloc_sbrk_start
                0x0000000020005294        0x4 C:/ST/STM32CubeIDE_1.14.1/STM32CubeIDE/plugins/com.st.stm32cube.ide.mcu.externaltools.gnu-tools-for-stm32.11.3.rel1.win32_1.1.100.202309141235/tools/bin/../lib/gcc/arm-none-eabi/11.3.1/../../../../arm-none-eabi/lib/thumb/v7e-m+fp/hard\libc_nano.a(libc_a-mallocr.o)
                0x0000000020005294                __malloc_sbrk_start
 *(COMMON)
                0x0000000020005298                . = ALIGN (0x4)
                0x0000000020005298                _ebss = .
                0x0000000020005298                __bss_end__ = _ebss

._user_heap_stack
                0x0000000020005298      0x600
                0x0000000020005298                . = ALIGN (0x8)
                [!provide]                        PROVIDE (end = .)
                0x0000000020005298                PROVIDE (_end = .)
                0x0000000020005498                . = (. + _Min_Heap_Size)
 *fill*         0x0000000020005298      0x200 
                0x0000000020005898                . = (. + _Min_Stack_Size)
 *fill*         0x0000000020005498      0x400 
                0x0000000020005898                . = ALIGN (0x8)

/DISCARD/
 libc.a(*)
 libm.a(*)
 libgcc.a(*)

.ARM.attributes
                0x0000000000000000       0x30
 *(.ARM.attributes)
 .ARM.attributes
                0x0000000000000000       0x1e C:/ST/STM32CubeIDE_1.14.1/STM32CubeIDE/plugins/com.st.stm32cube.ide.mcu.externaltools.gnu-tools-for-stm32.11.3.rel1.win32_1.1.100.202309141235/tools/bin/../lib/gcc/arm-none-eabi/11.3.1/thumb/v7e-m+fp/hard/crti.o
 .ARM.attributes
                0x000000000000001e       0x34 C:/ST/STM32CubeIDE_1.14.1/STM32CubeIDE/plugins/com.st.stm32cube.ide.mcu.externaltools.gnu-tools-for-stm32.11.3.rel1.win32_1.1.100.202309141235/tools/bin/../lib/gcc/arm-none-eabi/11.3.1/thumb/v7e-m+fp/hard/crtbegin.o
 .ARM.attributes
                0x0000000000000052       0x34 ./Core/Src/ICM20948.o
 .ARM.attributes
                0x0000000000000086       0x34 ./Core/Src/main.o
 .ARM.attributes
                0x00000000000000ba       0x34 ./Core/Src/oled.o
 .ARM.attributes
                0x00000000000000ee       0x34 ./Core/Src/pid.o
 .ARM.attributes
                0x0000000000000122       0x34 ./Core/Src/stm32f4xx_hal_msp.o
 .ARM.attributes
                0x0000000000000156       0x34 ./Core/Src/stm32f4xx_it.o
 .ARM.attributes
                0x000000000000018a       0x34 ./Core/Src/sysmem.o
 .ARM.attributes
                0x00000000000001be       0x34 ./Core/Src/system_stm32f4xx.o
 .ARM.attributes
                0x00000000000001f2       0x21 ./Core/Startup/startup_stm32f407vetx.o
 .ARM.attributes
                0x0000000000000213       0x34 ./Drivers/STM32F4xx_HAL_Driver/Src/stm32f4xx_hal.o
 .ARM.attributes
                0x0000000000000247       0x34 ./Drivers/STM32F4xx_HAL_Driver/Src/stm32f4xx_hal_cortex.o
 .ARM.attributes
                0x000000000000027b       0x34 ./Drivers/STM32F4xx_HAL_Driver/Src/stm32f4xx_hal_dma.o
 .ARM.attributes
                0x00000000000002af       0x34 ./Drivers/STM32F4xx_HAL_Driver/Src/stm32f4xx_hal_gpio.o
 .ARM.attributes
                0x00000000000002e3       0x34 ./Drivers/STM32F4xx_HAL_Driver/Src/stm32f4xx_hal_i2c.o
 .ARM.attributes
                0x0000000000000317       0x34 ./Drivers/STM32F4xx_HAL_Driver/Src/stm32f4xx_hal_pwr.o
 .ARM.attributes
                0x000000000000034b       0x34 ./Drivers/STM32F4xx_HAL_Driver/Src/stm32f4xx_hal_rcc.o
 .ARM.attributes
                0x000000000000037f       0x34 ./Drivers/STM32F4xx_HAL_Driver/Src/stm32f4xx_hal_tim.o
 .ARM.attributes
                0x00000000000003b3       0x34 ./Drivers/STM32F4xx_HAL_Driver/Src/stm32f4xx_hal_tim_ex.o
 .ARM.attributes
                0x00000000000003e7       0x34 ./Drivers/STM32F4xx_HAL_Driver/Src/stm32f4xx_hal_uart.o
 .ARM.attributes
                0x000000000000041b       0x34 ./Middlewares/Third_Party/FreeRTOS/Source/CMSIS_RTOS_V2/cmsis_os2.o
 .ARM.attributes
                0x000000000000044f       0x34 ./Middlewares/Third_Party/FreeRTOS/Source/list.o
 .ARM.attributes
                0x0000000000000483       0x34 ./Middlewares/Third_Party/FreeRTOS/Source/queue.o
 .ARM.attributes
                0x00000000000004b7       0x34 ./Middlewares/Third_Party/FreeRTOS/Source/tasks.o
 .ARM.attributes
                0x00000000000004eb       0x34 ./Middlewares/Third_Party/FreeRTOS/Source/timers.o
 .ARM.attributes
                0x000000000000051f       0x34 ./Middlewares/Third_Party/FreeRTOS/Source/portable/GCC/ARM_CM4F/port.o
 .ARM.attributes
                0x0000000000000553       0x34 ./Middlewares/Third_Party/FreeRTOS/Source/portable/MemMang/heap_4.o
 .ARM.attributes
                0x0000000000000587       0x34 C:/ST/STM32CubeIDE_1.14.1/STM32CubeIDE/plugins/com.st.stm32cube.ide.mcu.externaltools.gnu-tools-for-stm32.11.3.rel1.win32_1.1.100.202309141235/tools/bin/../lib/gcc/arm-none-eabi/11.3.1/../../../../arm-none-eabi/lib/thumb/v7e-m+fp/hard\libc_nano.a(libc_a-atoi.o)
 .ARM.attributes
                0x00000000000005bb       0x34 C:/ST/STM32CubeIDE_1.14.1/STM32CubeIDE/plugins/com.st.stm32cube.ide.mcu.externaltools.gnu-tools-for-stm32.11.3.rel1.win32_1.1.100.202309141235/tools/bin/../lib/gcc/arm-none-eabi/11.3.1/../../../../arm-none-eabi/lib/thumb/v7e-m+fp/hard\libc_nano.a(libc_a-strtol.o)
 .ARM.attributes
                0x00000000000005ef       0x34 C:/ST/STM32CubeIDE_1.14.1/STM32CubeIDE/plugins/com.st.stm32cube.ide.mcu.externaltools.gnu-tools-for-stm32.11.3.rel1.win32_1.1.100.202309141235/tools/bin/../lib/gcc/arm-none-eabi/11.3.1/../../../../arm-none-eabi/lib/thumb/v7e-m+fp/hard\libc_nano.a(libc_a-ctype_.o)
 .ARM.attributes
                0x0000000000000623       0x34 C:/ST/STM32CubeIDE_1.14.1/STM32CubeIDE/plugins/com.st.stm32cube.ide.mcu.externaltools.gnu-tools-for-stm32.11.3.rel1.win32_1.1.100.202309141235/tools/bin/../lib/gcc/arm-none-eabi/11.3.1/../../../../arm-none-eabi/lib/thumb/v7e-m+fp/hard\libc_nano.a(libc_a-findfp.o)
 .ARM.attributes
                0x0000000000000657       0x34 C:/ST/STM32CubeIDE_1.14.1/STM32CubeIDE/plugins/com.st.stm32cube.ide.mcu.externaltools.gnu-tools-for-stm32.11.3.rel1.win32_1.1.100.202309141235/tools/bin/../lib/gcc/arm-none-eabi/11.3.1/../../../../arm-none-eabi/lib/thumb/v7e-m+fp/hard\libc_nano.a(libc_a-sprintf.o)
 .ARM.attributes
                0x000000000000068b       0x34 C:/ST/STM32CubeIDE_1.14.1/STM32CubeIDE/plugins/com.st.stm32cube.ide.mcu.externaltools.gnu-tools-for-stm32.11.3.rel1.win32_1.1.100.202309141235/tools/bin/../lib/gcc/arm-none-eabi/11.3.1/../../../../arm-none-eabi/lib/thumb/v7e-m+fp/hard\libc_nano.a(libc_a-memset.o)
 .ARM.attributes
                0x00000000000006bf       0x34 C:/ST/STM32CubeIDE_1.14.1/STM32CubeIDE/plugins/com.st.stm32cube.ide.mcu.externaltools.gnu-tools-for-stm32.11.3.rel1.win32_1.1.100.202309141235/tools/bin/../lib/gcc/arm-none-eabi/11.3.1/../../../../arm-none-eabi/lib/thumb/v7e-m+fp/hard\libc_nano.a(libc_a-reent.o)
 .ARM.attributes
                0x00000000000006f3       0x34 C:/ST/STM32CubeIDE_1.14.1/STM32CubeIDE/plugins/com.st.stm32cube.ide.mcu.externaltools.gnu-tools-for-stm32.11.3.rel1.win32_1.1.100.202309141235/tools/bin/../lib/gcc/arm-none-eabi/11.3.1/../../../../arm-none-eabi/lib/thumb/v7e-m+fp/hard\libc_nano.a(libc_a-impure.o)
 .ARM.attributes
                0x0000000000000727       0x34 C:/ST/STM32CubeIDE_1.14.1/STM32CubeIDE/plugins/com.st.stm32cube.ide.mcu.externaltools.gnu-tools-for-stm32.11.3.rel1.win32_1.1.100.202309141235/tools/bin/../lib/gcc/arm-none-eabi/11.3.1/../../../../arm-none-eabi/lib/thumb/v7e-m+fp/hard\libc_nano.a(libc_a-errno.o)
 .ARM.attributes