Archive member included to satisfy reference by file (symbol)

C:/ST/STM32CubeIDE_1.14.1/STM32CubeIDE/plugins/com.st.stm32cube.ide.mcu.externaltools.gnu-tools-for-stm32.11.3.rel1.win32_1.1.100.202309141235/tools/bin/../lib/gcc/arm-none-eabi/11.3.1/../../../../arm-none-eabi/lib/thumb/v7e-m+fp/hard\libc_nano.a(libc_a-atoi.o)
                              ./Core/Src/main.o (atoi)
C:/ST/STM32CubeIDE_1.14.1/STM32CubeIDE/plugins/com.st.stm32cube.ide.mcu.externaltools.gnu-tools-for-stm32.11.3.rel1.win32_1.1.100.202309141235/tools/bin/../lib/gcc/arm-none-eabi/11.3.1/../../../../arm-none-eabi/lib/thumb/v7e-m+fp/hard\libc_nano.a(libc_a-exit.o)
                              C:/ST/STM32CubeIDE_1.14.1/STM32CubeIDE/plugins/com.st.stm32cube.ide.mcu.externaltools.gnu-tools-for-stm32.11.3.rel1.win32_1.1.100.202309141235/tools/bin/../lib/gcc/arm-none-eabi/11.3.1/../../../../arm-none-eabi/lib/thumb/v7e-m+fp/hard/crt0.o (exit)
C:/ST/STM32CubeIDE_1.14.1/STM32CubeIDE/plugins/com.st.stm32cube.ide.mcu.externaltools.gnu-tools-for-stm32.11.3.rel1.win32_1.1.100.202309141235/tools/bin/../lib/gcc/arm-none-eabi/11.3.1/../../../../arm-none-eabi/lib/thumb/v7e-m+fp/hard\libc_nano.a(libc_a-strtol.o)
                              C:/ST/STM32CubeIDE_1.14.1/STM32CubeIDE/plugins/com.st.stm32cube.ide.mcu.externaltools.gnu-tools-for-stm32.11.3.rel1.win32_1.1.100.202309141235/tools/bin/../lib/gcc/arm-none-eabi/11.3.1/../../../../arm-none-eabi/lib/thumb/v7e-m+fp/hard\libc_nano.a(libc_a-atoi.o) (_strtol_r)
C:/ST/STM32CubeIDE_1.14.1/STM32CubeIDE/plugins/com.st.stm32cube.ide.mcu.externaltools.gnu-tools-for-stm32.11.3.rel1.win32_1.1.100.202309141235/tools/bin/../lib/gcc/arm-none-eabi/11.3.1/../../../../arm-none-eabi/lib/thumb/v7e-m+fp/hard\libc_nano.a(libc_a-ctype_.o)
                              C:/ST/STM32CubeIDE_1.14.1/STM32CubeIDE/plugins/com.st.stm32cube.ide.mcu.externaltools.gnu-tools-for-stm32.11.3.rel1.win32_1.1.100.202309141235/tools/bin/../lib/gcc/arm-none-eabi/11.3.1/../../../../arm-none-eabi/lib/thumb/v7e-m+fp/hard\libc_nano.a(libc_a-strtol.o) (_ctype_)
C:/ST/STM32CubeIDE_1.14.1/STM32CubeIDE/plugins/com.st.stm32cube.ide.mcu.externaltools.gnu-tools-for-stm32.11.3.rel1.win32_1.1.100.202309141235/tools/bin/../lib/gcc/arm-none-eabi/11.3.1/../../../../arm-none-eabi/lib/thumb/v7e-m+fp/hard\libc_nano.a(libc_a-findfp.o)
                              C:/ST/STM32CubeIDE_1.14.1/STM32CubeIDE/plugins/com.st.stm32cube.ide.mcu.externaltools.gnu-tools-for-stm32.11.3.rel1.win32_1.1.100.202309141235/tools/bin/../lib/gcc/arm-none-eabi/11.3.1/../../../../arm-none-eabi/lib/thumb/v7e-m+fp/hard\libc_nano.a(libc_a-exit.o) (__stdio_exit_handler)
C:/ST/STM32CubeIDE_1.14.1/STM32CubeIDE/plugins/com.st.stm32cube.ide.mcu.externaltools.gnu-tools-for-stm32.11.3.rel1.win32_1.1.100.202309141235/tools/bin/../lib/gcc/arm-none-eabi/11.3.1/../../../../arm-none-eabi/lib/thumb/v7e-m+fp/hard\libc_nano.a(libc_a-fwalk.o)
                              C:/ST/STM32CubeIDE_1.14.1/STM32CubeIDE/plugins/com.st.stm32cube.ide.mcu.externaltools.gnu-tools-for-stm32.11.3.rel1.win32_1.1.100.202309141235/tools/bin/../lib/gcc/arm-none-eabi/11.3.1/../../../../arm-none-eabi/lib/thumb/v7e-m+fp/hard\libc_nano.a(libc_a-findfp.o) (_fwalk_sglue)
C:/ST/STM32CubeIDE_1.14.1/STM32CubeIDE/plugins/com.st.stm32cube.ide.mcu.externaltools.gnu-tools-for-stm32.11.3.rel1.win32_1.1.100.202309141235/tools/bin/../lib/gcc/arm-none-eabi/11.3.1/../../../../arm-none-eabi/lib/thumb/v7e-m+fp/hard\libc_nano.a(libc_a-snprintf.o)
                              ./Core/Src/main.o (snprintf)
C:/ST/STM32CubeIDE_1.14.1/STM32CubeIDE/plugins/com.st.stm32cube.ide.mcu.externaltools.gnu-tools-for-stm32.11.3.rel1.win32_1.1.100.202309141235/tools/bin/../lib/gcc/arm-none-eabi/11.3.1/../../../../arm-none-eabi/lib/thumb/v7e-m+fp/hard\libc_nano.a(libc_a-sprintf.o)
                              ./Core/Src/main.o (sprintf)
C:/ST/STM32CubeIDE_1.14.1/STM32CubeIDE/plugins/com.st.stm32cube.ide.mcu.externaltools.gnu-tools-for-stm32.11.3.rel1.win32_1.1.100.202309141235/tools/bin/../lib/gcc/arm-none-eabi/11.3.1/../../../../arm-none-eabi/lib/thumb/v7e-m+fp/hard\libc_nano.a(libc_a-stdio.o)
                              C:/ST/STM32CubeIDE_1.14.1/STM32CubeIDE/plugins/com.st.stm32cube.ide.mcu.externaltools.gnu-tools-for-stm32.11.3.rel1.win32_1.1.100.202309141235/tools/bin/../lib/gcc/arm-none-eabi/11.3.1/../../../../arm-none-eabi/lib/thumb/v7e-m+fp/hard\libc_nano.a(libc_a-findfp.o) (__sread)
C:/ST/STM32CubeIDE_1.14.1/STM32CubeIDE/plugins/com.st.stm32cube.ide.mcu.externaltools.gnu-tools-for-stm32.11.3.rel1.win32_1.1.100.202309141235/tools/bin/../lib/gcc/arm-none-eabi/11.3.1/../../../../arm-none-eabi/lib/thumb/v7e-m+fp/hard\libc_nano.a(libc_a-memset.o)
                              C:/ST/STM32CubeIDE_1.14.1/STM32CubeIDE/plugins/com.st.stm32cube.ide.mcu.externaltools.gnu-tools-for-stm32.11.3.rel1.win32_1.1.100.202309141235/tools/bin/../lib/gcc/arm-none-eabi/11.3.1/../../../../arm-none-eabi/lib/thumb/v7e-m+fp/hard/crt0.o (memset)
[...]
Memory Configuration

Name             Origin             Length             Attributes
CCMRAM           0x0000000010000000 0x0000000000010000 xrw
RAM              0x0000000020000000 0x0000000000020000 xrw
FLASH            0x0000000008000000 0x0000000000080000 xr
*default*        0x0000000000000000 0xffffffffffffffff

Linker script and memory map

LOAD C:/ST/STM32CubeIDE_1.14.1/STM32CubeIDE/plugins/com.st.stm32cube.ide.mcu.externaltools.gnu-tools-for-stm32.11.3.rel1.win32_1.1.100.202309141235/tools/bin/../lib/gcc/arm-none-eabi/11.3.1/thumb/v7e-m+fp/hard/crti.o
LOAD C:/ST/STM32CubeIDE_1.14.1/STM32CubeIDE/plugins/com.st.stm32cube.ide.mcu.externaltools.gnu-tools-for-stm32.11.3.rel1.win32_1.1.100.202309141235/tools/bin/../lib/gcc/arm-none-eabi/11.3.1/thumb/v7e-m+fp/hard/crtbegin.o
LOAD C:/ST/STM32CubeIDE_1.14.1/STM32CubeIDE/plugins/com.st.stm32cube.ide.mcu.externaltools.gnu-tools-for-stm32.11.3.rel1.win32_1.1.100.202309141235/tools/bin/../lib/gcc/arm-none-eabi/11.3.1/../../../../arm-none-eabi/lib/thumb/v7e-m+fp/hard/crt0.o
LOAD ./Core/Src/ICM20948.o
LOAD ./Core/Src/freertos.o
LOAD ./Core/Src/main.o
LOAD ./Core/Src/oled.o
LOAD ./Core/Src/pid.o
LOAD ./Core/Src/stm32f4xx_hal_msp.o
LOAD ./Core/Src/stm32f4xx_it.o
LOAD ./Core/Src/syscalls.o
LOAD ./Core/Src/sysmem.o
LOAD ./Core/Src/system_stm32f4xx.o
LOAD ./Core/Startup/startup_stm32f407vetx.o
LOAD ./Drivers/STM32F4xx_HAL_Driver/Src/stm32f4xx_hal.o
LOAD ./Drivers/STM32F4xx_HAL_Driver/Src/stm32f4xx_hal_adc.o
LOAD ./Drivers/STM32F4xx_HAL_Driver/Src/stm32f4xx_hal_adc_ex.o
LOAD ./Drivers/STM32F4xx_HAL_Driver/Src/stm32f4xx_hal_cortex.o
LOAD ./Drivers/STM32F4xx_HAL_Driver/Src/stm32f4xx_hal_dma.o
LOAD ./Drivers/STM32F4xx_HAL_Driver/Src/stm32f4xx_hal_dma_ex.o
LOAD ./Drivers/STM32F4xx_HAL_Driver/Src/stm32f4xx_hal_exti.o
LOAD ./Drivers/STM32F4xx_HAL_Driver/Src/stm32f4xx_hal_flash.o
LOAD ./Drivers/STM32F4xx_HAL_Driver/Src/stm32f4xx_hal_flash_ex.o
LOAD ./Drivers/STM32F4xx_HAL_Driver/Src/stm32f4xx_hal_flash_ramfunc.o
LOAD ./Drivers/STM32F4xx_HAL_Driver/Src/stm32f4xx_hal_gpio.o
LOAD ./Drivers/STM32F4xx_HAL_Driver/Src/stm32f4xx_hal_i2c.o
LOAD ./Drivers/STM32F4xx_HAL_Driver/Src/stm32f4xx_hal_i2c_ex.o
LOAD ./Drivers/STM32F4xx_HAL_Driver/Src/stm32f4xx_hal_pwr.o
LOAD ./Drivers/STM32F4xx_HAL_Driver/Src/stm32f4xx_hal_pwr_ex.o
LOAD ./Drivers/STM32F4xx_HAL_Driver/Src/stm32f4xx_hal_rcc.o
LOAD ./Drivers/STM32F4xx_HAL_Driver/Src/stm32f4xx_hal_rcc_ex.o
LOAD ./Drivers/STM32F4xx_HAL_Driver/Src/stm32f4xx_hal_tim.o
LOAD ./Drivers/STM32F4xx_HAL_Driver/Src/stm32f4xx_hal_tim_ex.o
LOAD ./Drivers/STM32F4xx_HAL_Driver/Src/stm32f4xx_hal_uart.o
LOAD ./Drivers/STM32F4xx_HAL_Driver/Src/stm32f4xx_ll_adc.o
LOAD ./Middlewares/Third_Party/FreeRTOS/Source/CMSIS_RTOS_V2/cmsis_os2.o
LOAD ./Middlewares/Third_Party/FreeRTOS/Source/croutine.o
LOAD ./Middlewares/Third_Party/FreeRTOS/Source/event_groups.o
LOAD ./Middlewares/Third_Party/FreeRTOS/Source/list.o
LOAD ./Middlewares/Third_Party/FreeRTOS/Source/queue.o
LOAD ./Middlewares/Third_Party/FreeRTOS/Source/stream_buffer.o
LOAD ./Middlewares/Third_Party/FreeRTOS/Source/tasks.o
LOAD ./Middlewares/Third_Party/FreeRTOS/Source/timers.o
LOAD ./Middlewares/Third_Party/FreeRTOS/Source/portable/GCC/ARM_CM4F/port.o
LOAD ./Middlewares/Third_Party/FreeRTOS/Source/portable/MemMang/heap_4.o
START GROUP
LOAD C:/ST/STM32CubeIDE_1.14.1/STM32CubeIDE/plugins/com.st.stm32cube.ide.mcu.externaltools.gnu-tools-for-stm32.11.3.rel1.win32_1.1.100.202309141235/tools/bin/../lib/gcc/arm-none-eabi/11.3.1/../../../../arm-none-eabi/lib/thumb/v7e-m+fp/hard\libc_nano.a
LOAD C:/ST/STM32CubeIDE_1.14.1/STM32CubeIDE/plugins/com.st.stm32cube.ide.mcu.externaltools.gnu-tools-for-stm32.11.3.rel1.win32_1.1.100.202309141235/tools/bin/../lib/gcc/arm-none-eabi/11.3.1/../../../../arm-none-eabi/lib/thumb/v7e-m+fp/hard\libm.a
END GROUP
START GROUP
LOAD C:/ST/STM32CubeIDE_1.14.1/STM32CubeIDE/plugins/com.st.stm32cube.ide.mcu.externaltools.gnu-tools-for-stm32.11.3.rel1.win32_1.1.100.202309141235/tools/bin/../lib/gcc/arm-none-eabi/11.3.1/thumb/v7e-m+fp/hard\libgcc.a
LOAD C:/ST/STM32CubeIDE_1.14.1/STM32CubeIDE/plugins/com.st.stm32cube.ide.mcu.externaltools.gnu-tools-for-stm32.11.3.rel1.win32_1.1.100.202309141235/tools/bin/../lib/gcc/arm-none-eabi/11.3.1/../../../../arm-none-eabi/lib/thumb/v7e-m+fp/hard\libc_nano.a
END GROUP
START GROUP
LOAD C:/ST/STM32CubeIDE_1.14.1/STM32CubeIDE/plugins/com.st.stm32cube.ide.mcu.externaltools.gnu-tools-for-stm32.11.3.rel1.win32_1.1.100.202309141235/tools/bin/../lib/gcc/arm-none-eabi/11.3.1/thumb/v7e-m+fp/hard\libgcc.a
LOAD C:/ST/STM32CubeIDE_1.14.1/STM32CubeIDE/plugins/com.st.stm32cube.ide.mcu.externaltools.gnu-tools-for-stm32.11.3.rel1.win32_1.1.100.202309141235/tools/bin/../lib/gcc/arm-none-eabi/11.3.1/../../../../arm-none-eabi/lib/thumb/v7e-m+fp/hard\libc_nano.a
LOAD C:/ST/STM32CubeIDE_1.14.1/STM32CubeIDE/plugins/com.st.stm32cube.ide.mcu.externaltools.gnu-tools-for-stm32.11.3.rel1.win32_1.1.100.202309141235/tools/bin/../lib/gcc/arm-none-eabi/11.3.1/../../../../arm-none-eabi/lib/thumb/v7e-m+fp/hard\libnosys.a
END GROUP
START GROUP
LOAD C:/ST/STM32CubeIDE_1.14.1/STM32CubeIDE/plugins/com.st.stm32cube.ide.mcu.externaltools.gnu-tools-for-stm32.11.3.rel1.win32_1.1.100.202309141235/tools/bin/../lib/gcc/arm-none-eabi/11.3.1/thumb/v7e-m+fp/hard\libgcc.a
LOAD C:/ST/STM32CubeIDE_1.14.1/STM32CubeIDE/plugins/com.st.stm32cube.ide.mcu.externaltools.gnu-tools-for-stm32.11.3.rel1.win32_1.1.100.202309141235/tools/bin/../lib/gcc/arm-none-eabi/11.3.1/../../../../arm-none-eabi/lib/thumb/v7e-m+fp/hard\libc_nano.a
LOAD C:/ST/STM32CubeIDE_1.14.1/STM32CubeIDE/plugins/com.st.stm32cube.ide.mcu.externaltools.gnu-tools-for-stm32.11.3.rel1.win32_1.1.100.202309141235/tools/bin/../lib/gcc/arm-none-eabi/11.3.1/../../../../arm-none-eabi/lib/thumb/v7e-m+fp/hard\libnosys.a
END GROUP
LOAD C:/ST/STM32CubeIDE_1.14.1/STM32CubeIDE/plugins/com.st.stm32cube.ide.mcu.externaltools.gnu-tools-for-stm32.11.3.rel1.win32_1.1.100.202309141235/tools/bin/../lib/gcc/arm-none-eabi/11.3.1/thumb/v7e-m+fp/hard/crtend.o
LOAD C:/ST/STM32CubeIDE_1.14.1/STM32CubeIDE/plugins/com.st.stm32cube.ide.mcu.externaltools.gnu-tools-for-stm32.11.3.rel1.win32_1.1.100.202309141235/tools/bin/../lib/gcc/arm-none-eabi/11.3.1/thumb/v7e-m+fp/hard/crtn.o
                0x0000000020020000                _estack = (ORIGIN (RAM) + LENGTH (RAM))
                0x0000000000000200                _Min_Heap_Size = 0x200
                0x0000000000000400                _Min_Stack_Size = 0x400

.isr_vector     0x0000000008000000      0x188
                0x0000000008000000                . = ALIGN (0x4)
 *(.isr_vector)
 .isr_vector    0x0000000008000000      0x188 ./Core/Startup/startup_stm32f407vetx.o
                0x0000000008000000                g_pfnVectors
                0x0000000008000188                . = ALIGN (0x4)

.text           0x0000000008000190    0x10904
                0x0000000008000190                . = ALIGN (0x4)
 *(.text)
 .text          0x0000000008000190       0x40 C:/ST/STM32CubeIDE_1.14.1/STM32CubeIDE/plugins/com.st.stm32cube.ide.mcu.externaltools.gnu-tools-for-stm32.11.3.rel1.win32_1.1.100.202309141235/tools/bin/../lib/gcc/arm-none-eabi/11.3.1/thumb/v7e-m+fp/hard/crtbegin.o
 .text          0x00000000080001d0       0xa0 C:/ST/STM32CubeIDE_1.14.1/STM32CubeIDE/plugins/com.st.stm32cube.ide.mcu.externaltools.gnu-tools-for-stm32.11.3.rel1.win32_1.1.100.202309141235/tools/bin/../lib/gcc/arm-none-eabi/11.3.1/../../../../arm-none-eabi/lib/thumb/v7e-m+fp/hard\libc_nano.a(libc_a-memchr.o)
                0x00000000080001d0                memchr
 .text          0x0000000008000270      0x378 C:/ST/STM32CubeIDE_1.14.1/STM32CubeIDE/plugins/com.st.stm32cube.ide.mcu.externaltools.gnu-tools-for-stm32.11.3.rel1.win32_1.1.100.202309141235/tools/bin/../lib/gcc/arm-none-eabi/11.3.1/thumb/v7e-m+fp/hard\libgcc.a(_arm_addsubdf3.o)
                0x0000000008000270                __aeabi_drsub
                0x0000000008000278                __aeabi_dsub
                0x0000000008000278                __subdf3
                0x000000000800027c                __aeabi_dadd
                0x000000000800027c                __adddf3
                0x00000000080004f4                __floatunsidf
                0x00000000080004f4                __aeabi_ui2d
                0x0000000008000514                __floatsidf
                0x0000000008000514                __aeabi_i2d
                0x0000000008000538                __aeabi_f2d
                0x0000000008000538                __extendsfdf2
                0x000000000800057c                __floatundidf
                0x000000000800057c                __aeabi_ul2d
                0x000000000800058c                __floatdidf
                0x000000000800058c                __aeabi_l2d
 .text          0x00000000080005e8      0x424 C:/ST/STM32CubeIDE_1.14.1/STM32CubeIDE/plugins/com.st.stm32cube.ide.mcu.externaltools.gnu-tools-for-stm32.11.3.rel1.win32_1.1.100.202309141235/tools/bin/../lib/gcc/arm-none-eabi/11.3.1/thumb/v7e-m+fp/hard\libgcc.a(_arm_muldivdf3.o)
                0x00000000080005e8                __aeabi_dmul
                0x00000000080005e8                __muldf3
                0x000000000800083c                __divdf3
                0x000000000800083c                __aeabi_ddiv
 .text          0x0000000008000a0c      0x110 C:/ST/STM32CubeIDE_1.14.1/STM32CubeIDE/plugins/com.st.stm32cube.ide.mcu.externaltools.gnu-tools-for-stm32.11.3.rel1.win32_1.1.100.202309141235/tools/bin/../lib/gcc/arm-none-eabi/11.3.1/thumb/v7e-m+fp/hard\libgcc.a(_arm_cmpdf2.o)
                0x0000000008000a0c                __gtdf2
                0x0000000008000a0c                __gedf2
                0x0000000008000a14                __ltdf2
                0x0000000008000a14                __ledf2
                0x0000000008000a1c                __nedf2
                0x0000000008000a1c                __eqdf2
                0x0000000008000a1c                __cmpdf2
                0x0000000008000a98                __aeabi_cdrcmple
                0x0000000008000aa8                __aeabi_cdcmpeq
                0x0000000008000aa8                __aeabi_cdcmple
                0x0000000008000ab8                __aeabi_dcmpeq
                0x0000000008000acc                __aeabi_dcmplt
                0x0000000008000ae0                __aeabi_dcmple
                0x0000000008000af4                __aeabi_dcmpge
                0x0000000008000b08                __aeabi_dcmpgt
 .text          0x0000000008000b1c       0x40 C:/ST/STM32CubeIDE_1.14.1/STM32CubeIDE/plugins/com.st.stm32cube.ide.mcu.externaltools.gnu-tools-for-stm32.11.3.rel1.win32_1.1.100.202309141235/tools/bin/../lib/gcc/arm-none-eabi/11.3.1/thumb/v7e-m+fp/hard\libgcc.a(_arm_fixunsdfsi.o)
                0x0000000008000b1c                __aeabi_d2uiz
                0x0000000008000b1c                __fixunsdfsi
 .text          0x0000000008000b5c       0xa0 C:/ST/STM32CubeIDE_1.14.1/STM32CubeIDE/plugins/com.st.stm32cube.ide.mcu.externaltools.gnu-tools-for-stm32.11.3.rel1.win32_1.1.100.202309141235/tools/bin/../lib/gcc/arm-none-eabi/11.3.1/thumb/v7e-m+fp/hard\libgcc.a(_arm_truncdfsf2.o)
                0x0000000008000b5c                __truncdfsf2
                0x0000000008000b5c                __aeabi_d2f
 .text          0x0000000008000bfc       0x30 C:/ST/STM32CubeIDE_1.14.1/STM32CubeIDE/plugins/com.st.stm32cube.ide.mcu.externaltools.gnu-tools-for-stm32.11.3.rel1.win32_1.1.100.202309141235/tools/bin/../lib/gcc/arm-none-eabi/11.3.1/thumb/v7e-m+fp/hard\libgcc.a(_aeabi_uldivmod.o)
                0x0000000008000bfc                __aeabi_uldivmod
 .text          0x0000000008000c2c      0x2c8 C:/ST/STM32CubeIDE_1.14.1/STM32CubeIDE/plugins/com.st.stm32cube.ide.mcu.externaltools.gnu-tools-for-stm32.11.3.rel1.win32_1.1.100.202309141235/tools/bin/../lib/gcc/arm-none-eabi/11.3.1/thumb/v7e-m+fp/hard\libgcc.a(_udivmoddi4.o)
                0x0000000008000c2c                __udivmoddi4
 .text          0x0000000008000ef4        0x4 C:/ST/STM32CubeIDE_1.14.1/STM32CubeIDE/plugins/com.st.stm32cube.ide.mcu.externaltools.gnu-tools-for-stm32.11.3.rel1.win32_1.1.100.202309141235/tools/bin/../lib/gcc/arm-none-eabi/11.3.1/thumb/v7e-m+fp/hard\libgcc.a(_dvmd_tls.o)
                0x0000000008000ef4                __aeabi_idiv0
                0x0000000008000ef4                __aeabi_ldiv0
 *(.text*)
 .text._ICM20948_SelectUserBank
                0x0000000008000ef8       0x58 ./Core/Src/ICM20948.o
                0x0000000008000ef8                _ICM20948_SelectUserBank
 .text._ICM20948_WriteByte
                0x0000000008000f50       0x5a ./Core/Src/ICM20948.o
                0x0000000008000f50                _ICM20948_WriteByte
 .text.ICM20948_init
                0x0000000008000faa       0xbe ./Core/Src/ICM20948.o
                0x0000000008000faa                ICM20948_init
 .text.main     0x0000000008001068      0x2f4 ./Core/Src/main.o
                0x0000000008001068                main
 .text.SystemClock_Config
                0x000000000800135c       0xbc ./Core/Src/main.o
                0x000000000800135c                SystemClock_Config
 .text.MX_ADC1_Init
                0x0000000008001418       0xa4 ./Core/Src/main.o
 .text.MX_ADC2_Init
                0x00000000080014bc       0xa4 ./Core/Src/main.o
 .text.MX_I2C1_Init
                0x0000000008001560       0x5c ./Core/Src/main.o
 .text.MX_TIM1_Init
                0x00000000080015bc      0x140 ./Core/Src/main.o
 .text.MX_TIM2_Init
                0x00000000080016fc       0xa8 ./Core/Src/main.o
 .text.MX_TIM3_Init
                0x00000000080017a4       0xa8 ./Core/Src/main.o
 .text.MX_TIM4_Init
                0x000000000800184c       0xbc ./Core/Src/main.o
 .text.MX_TIM6_Init
                0x0000000008001908       0x6c ./Core/Src/main.o
 .text.MX_TIM8_Init
                0x0000000008001974      0x154 ./Core/Src/main.o
 .text.MX_USART3_UART_Init
                0x0000000008001ac8       0x54 ./Core/Src/main.o
 .text.MX_GPIO_Init
                0x0000000008001b1c      0x19c ./Core/Src/main.o
 .text.HAL_UART_RxCpltCallback
                0x0000000008001cb8      0x7e4 ./Core/Src/main.o
                0x0000000008001cb8                HAL_UART_RxCpltCallback
 .text.IR_Left_Read
                0x000000000800249c       0x34 ./Core/Src/main.o
                0x000000000800249c                IR_Left_Read
 .text.IR_Right_Read
                0x00000000080024d0       0x34 ./Core/Src/main.o
                0x00000000080024d0                IR_Right_Read
 .text.StartIRTask
                0x0000000008002504       0xe0 ./Core/Src/main.o
                0x0000000008002504                StartIRTask
 .text.PIDConfigInit
                0x00000000080025e4       0x42 ./Core/Src/main.o
                0x00000000080025e4                PIDConfigInit
 .text.PIDConfigReset
                0x0000000008002626       0x24 ./Core/Src/main.o
                0x0000000008002626                PIDConfigReset
 *fill*         0x000000000800264a        0x2 
 .text.StraightLineMove
                0x000000000800264c      0x370 ./Core/Src/main.o
                0x000000000800264c                StraightLineMove
 .text.StraightLineMoveSpeedScale
                0x00000000080029bc      0x2bc ./Core/Src/main.o
                0x00000000080029bc                StraightLineMoveSpeedScale
 .text.RobotMoveDist
                0x0000000008002c78      0x324 ./Core/Src/main.o
                0x0000000008002c78                RobotMoveDist
 *fill*         0x0000000008002f9c        0x4 
 .text.RobotMoveDistObstacle
                0x0000000008002fa0      0x2f4 ./Core/Src/main.o
                0x0000000008002fa0                RobotMoveDistObstacle
 *fill*         0x0000000008003294        0x4 
 .text.RobotMoveDistObstacle_IR
                0x0000000008003298      0x2c4 ./Core/Src/main.o
                0x0000000008003298                RobotMoveDistObstacle_IR
 *fill*         0x000000000800355c        0x4 
 .text.RobotTurn
                0x0000000008003560      0x154 ./Core/Src/main.o
                0x0000000008003560                RobotTurn
 *fill*         0x00000000080036b4        0x4 
 .text.RobotTurnFastest
                0x00000000080036b8      0x14c ./Core/Src/main.o
                0x00000000080036b8                RobotTurnFastest
 .text.FASTESTPATH_TURN_RIGHT_90
                0x0000000008003804       0x74 ./Core/Src/main.o
                0x0000000008003804                FASTESTPATH_TURN_RIGHT_90
 .text.FASTESTPATH_TURN_RIGHT_180
                0x0000000008003878       0x74 ./Core/Src/main.o
                0x0000000008003878                FASTESTPATH_TURN_RIGHT_180
 .text.FASTESTPATH_TURN_LEFT_90X
                0x00000000080038ec       0xb8 ./Core/Src/main.o
                0x00000000080038ec                FASTESTPATH_TURN_LEFT_90X
 .text.FASTESTPATH_TURN_LEFT_90X_RETURN
                0x00000000080039a4       0xec ./Core/Src/main.o
                0x00000000080039a4                FASTESTPATH_TURN_LEFT_90X_RETURN
 .text.FASTESTPATH_TURN_RIGHT_180X
                0x0000000008003a90       0xbc ./Core/Src/main.o
                0x0000000008003a90                FASTESTPATH_TURN_RIGHT_180X
 *fill*         0x0000000008003b4c        0x4 
 .text.RobotMoveUntilIROvershoot
                0x0000000008003b50      0x14c ./Core/Src/main.o
                0x0000000008003b50                RobotMoveUntilIROvershoot
 *fill*         0x0000000008003c9c        0x4 
 .text.RobotMoveUntilIRHit
                0x0000000008003ca0      0x150 ./Core/Src/main.o
                0x0000000008003ca0                RobotMoveUntilIRHit
 .text.runOledTask
                0x0000000008003df0       0xb0 ./Core/Src/main.o
                0x0000000008003df0                runOledTask
 .text.runCmdTask
                0x0000000008003ea0      0x544 ./Core/Src/main.o
                0x0000000008003ea0                runCmdTask
 .text.runADCTask
                0x00000000080043e4       0xe0 ./Core/Src/main.o
                0x00000000080043e4                runADCTask
 .text.runMoveDistTask
                0x00000000080044c4      0x274 ./Core/Src/main.o
                0x00000000080044c4                runMoveDistTask
 .text.runFastestPathTask
                0x0000000008004738      0x550 ./Core/Src/main.o
                0x0000000008004738                runFastestPathTask
 .text.runBuzzerTask
                0x0000000008004c88       0xfc ./Core/Src/main.o
                0x0000000008004c88                runBuzzerTask
 .text.runFLTask
                0x0000000008004d84      0x434 ./Core/Src/main.o
                0x0000000008004d84                runFLTask
 .text.runFRTask
                0x00000000080051b8      0x438 ./Core/Src/main.o
                0x00000000080051b8                runFRTask
 .text.runBLTask
                0x00000000080055f0      0x438 ./Core/Src/main.o
                0x00000000080055f0                runBLTask
 .text.runBRTask
                0x0000000008005a28      0x438 ./Core/Src/main.o
                0x0000000008005a28                runBRTask
 .text.runFastestPathTask_V2
                0x0000000008005e60      0x1a8 ./Core/Src/main.o
                0x0000000008005e60                runFastestPathTask_V2
 .text.HCSR04_Read
                0x0000000008006008       0x40 ./Core/Src/main.o
                0x0000000008006008                HCSR04_Read
 .text.delay_us
                0x0000000008006048       0x34 ./Core/Src/main.o
                0x0000000008006048                delay_us
 *fill*         0x000000000800607c        0x4 
 .text.HAL_TIM_IC_CaptureCallback
                0x0000000008006080      0x140 ./Core/Src/main.o
                0x0000000008006080                HAL_TIM_IC_CaptureCallback
 .text.sensorTask
                0x00000000080061c0       0x80 ./Core/Src/main.o
                0x00000000080061c0                sensorTask
 .text.setLeftPWM
                0x0000000008006240       0x24 ./Core/Src/main.o
                0x0000000008006240                setLeftPWM
 .text.setRightPWM
                0x0000000008006264       0x24 ./Core/Src/main.o
                0x0000000008006264                setRightPWM
 .text.motorStop
                0x0000000008006288       0x40 ./Core/Src/main.o
                0x0000000008006288                motorStop
 .text.runBatteryTask
                0x00000000080062c8       0x7c ./Core/Src/main.o
                0x00000000080062c8                runBatteryTask
 .text.runMoveDistObsTask
                0x0000000008006344       0xf0 ./Core/Src/main.o
                0x0000000008006344                runMoveDistObsTask
 .text.Error_Handler
                0x0000000008006434        0xa ./Core/Src/main.o
                0x0000000008006434                Error_Handler
 *fill*         0x000000000800643e        0x2 
 .text.OLED_Refresh_Gram
                0x0000000008006440       0x70 ./Core/Src/oled.o
                0x0000000008006440                OLED_Refresh_Gram
 .text.OLED_WR_Byte
                0x00000000080064b0       0x94 ./Core/Src/oled.o
                0x00000000080064b0                OLED_WR_Byte
 .text.OLED_Clear
                0x0000000008006544       0x4c ./Core/Src/oled.o
                0x0000000008006544                OLED_Clear
 .text.OLED_DrawPoint
                0x0000000008006590       0xb4 ./Core/Src/oled.o
                0x0000000008006590                OLED_DrawPoint
 .text.OLED_ShowChar
                0x0000000008006644       0xe4 ./Core/Src/oled.o
                0x0000000008006644                OLED_ShowChar
 .text.OLED_ShowString
                0x0000000008006728       0x64 ./Core/Src/oled.o
                0x0000000008006728                OLED_ShowString
 .text.OLED_Init
                0x000000000800678c      0x118 ./Core/Src/oled.o
                0x000000000800678c                OLED_Init
 .text.HAL_MspInit
                0x00000000080068a4       0x68 ./Core/Src/stm32f4xx_hal_msp.o
                0x00000000080068a4                HAL_MspInit
 .text.HAL_ADC_MspInit
                0x000000000800690c      0x108 ./Core/Src/stm32f4xx_hal_msp.o
                0x000000000800690c                HAL_ADC_MspInit
 .text.HAL_I2C_MspInit
                0x0000000008006a14       0x90 ./Core/Src/stm32f4xx_hal_msp.o
                0x0000000008006a14                HAL_I2C_MspInit
 .text.HAL_TIM_Base_MspInit
                0x0000000008006aa4      0x138 ./Core/Src/stm32f4xx_hal_msp.o
                0x0000000008006aa4                HAL_TIM_Base_MspInit
 .text.HAL_TIM_Encoder_MspInit
                0x0000000008006bdc      0x134 ./Core/Src/stm32f4xx_hal_msp.o
                0x0000000008006bdc                HAL_TIM_Encoder_MspInit
 .text.HAL_TIM_IC_MspInit
                0x0000000008006d10       0xa0 ./Core/Src/stm32f4xx_hal_msp.o
                0x0000000008006d10                HAL_TIM_IC_MspInit
 .text.HAL_TIM_MspPostInit
                0x0000000008006db0       0x74 ./Core/Src/stm32f4xx_hal_msp.o
                0x0000000008006db0                HAL_TIM_MspPostInit
 .text.HAL_UART_MspInit
                0x0000000008006e24       0xa0 ./Core/Src/stm32f4xx_hal_msp.o
                0x0000000008006e24                HAL_UART_MspInit
 .text.NMI_Handler
                0x0000000008006ec4        0x6 ./Core/Src/stm32f4xx_it.o
                0x0000000008006ec4                NMI_Handler
 .text.HardFault_Handler
                0x0000000008006eca        0x6 ./Core/Src/stm32f4xx_it.o
                0x0000000008006eca                HardFault_Handler
 .text.MemManage_Handler
                0x0000000008006ed0        0x6 ./Core/Src/stm32f4xx_it.o
                0x0000000008006ed0                MemManage_Handler
 .text.BusFault_Handler
                0x0000000008006ed6        0x6 ./Core/Src/stm32f4xx_it.o
                0x0000000008006ed6                BusFault_Handler
 .text.UsageFault_Handler
                0x0000000008006edc        0x6 ./Core/Src/stm32f4xx_it.o
                0x0000000008006edc                UsageFault_Handler
 .text.DebugMon_Handler
                0x0000000008006ee2        0xe ./Core/Src/stm32f4xx_it.o
                0x0000000008006ee2                DebugMon_Handler
 .text.SysTick_Handler
                0x0000000008006ef0       0x1a ./Core/Src/stm32f4xx_it.o
                0x0000000008006ef0                SysTick_Handler
 .text.RCC_IRQHandler
                0x0000000008006f0a        0xe ./Core/Src/stm32f4xx_it.o
                0x0000000008006f0a                RCC_IRQHandler
 .text.ADC_IRQHandler
                0x0000000008006f18       0x1c ./Core/Src/stm32f4xx_it.o
                0x0000000008006f18                ADC_IRQHandler
 .text.TIM1_CC_IRQHandler
                0x0000000008006f34       0x14 ./Core/Src/stm32f4xx_it.o
                0x0000000008006f34                TIM1_CC_IRQHandler
 .text.TIM4_IRQHandler
                0x0000000008006f48       0x14 ./Core/Src/stm32f4xx_it.o
                0x0000000008006f48                TIM4_IRQHandler
 .text.USART3_IRQHandler
                0x0000000008006f5c       0x14 ./Core/Src/stm32f4xx_it.o
                0x0000000008006f5c                USART3_IRQHandler
 .text._sbrk    0x0000000008006f70       0x6c ./Core/Src/sysmem.o
                0x0000000008006f70                _sbrk
 .text.SystemInit
                0x0000000008006fdc       0x24 ./Core/Src/system_stm32f4xx.o
                0x0000000008006fdc                SystemInit
 .text.Reset_Handler
                0x0000000008007000       0x50 ./Core/Startup/startup_stm32f407vetx.o
                0x0000000008007000                Reset_Handler
 .text.Default_Handler
                0x0000000008007050        0x2 ./Core/Startup/startup_stm32f407vetx.o
                0x0000000008007050                RTC_Alarm_IRQHandler
                0x0000000008007050                HASH_RNG_IRQHandler
                0x0000000008007050                EXTI2_IRQHandler
                0x0000000008007050                TIM8_CC_IRQHandler
                0x0000000008007050                DMA2_Stream5_IRQHandler
                0x0000000008007050                DMA1_Stream5_IRQHandler
                0x0000000008007050                PVD_IRQHandler
                0x0000000008007050                SDIO_IRQHandler
                0x0000000008007050                TAMP_STAMP_IRQHandler
                0x0000000008007050                CAN2_RX1_IRQHandler
                0x0000000008007050                EXTI3_IRQHandler
                0x0000000008007050                TIM8_TRG_COM_TIM14_IRQHandler
                0x0000000008007050                TIM1_UP_TIM10_IRQHandler
                0x0000000008007050                TIM8_UP_TIM13_IRQHandler
                0x0000000008007050                I2C3_ER_IRQHandler
                0x0000000008007050                EXTI0_IRQHandler
                0x0000000008007050                I2C2_EV_IRQHandler
                0x0000000008007050                DMA1_Stream2_IRQHandler
                0x0000000008007050                CAN1_RX0_IRQHandler
                0x0000000008007050                FPU_IRQHandler
                0x0000000008007050                OTG_HS_WKUP_IRQHandler
                0x0000000008007050                CAN2_SCE_IRQHandler
                0x0000000008007050                DMA2_Stream2_IRQHandler
                0x0000000008007050                SPI1_IRQHandler
                0x0000000008007050                TIM6_DAC_IRQHandler
                0x0000000008007050                TIM1_BRK_TIM9_IRQHandler
                0x0000000008007050                DCMI_IRQHandler
                0x0000000008007050                CAN2_RX0_IRQHandler
                0x0000000008007050                DMA2_Stream3_IRQHandler
                0x0000000008007050                USART6_IRQHandler
                0x0000000008007050                CAN1_RX1_IRQHandler
                0x0000000008007050                UART5_IRQHandler
                0x0000000008007050                DMA2_Stream0_IRQHandler
                0x0000000008007050                I2C1_EV_IRQHandler
                0x0000000008007050                DMA1_Stream6_IRQHandler
                0x0000000008007050                DMA1_Stream1_IRQHandler
                0x0000000008007050                UART4_IRQHandler
                0x0000000008007050                TIM3_IRQHandler
                0x0000000008007050                TIM8_BRK_TIM12_IRQHandler
                0x0000000008007050                Default_Handler
                0x0000000008007050                EXTI15_10_IRQHandler
                0x0000000008007050                DMA1_Stream7_IRQHandler
                0x0000000008007050                TIM7_IRQHandler
                0x0000000008007050                CAN2_TX_IRQHandler
                0x0000000008007050                TIM5_IRQHandler
                0x0000000008007050                DMA2_Stream7_IRQHandler
                0x0000000008007050                I2C3_EV_IRQHandler
                0x0000000008007050                EXTI9_5_IRQHandler
                0x0000000008007050                RTC_WKUP_IRQHandler
                0x0000000008007050                ETH_WKUP_IRQHandler
                0x0000000008007050                SPI2_IRQHandler
                0x0000000008007050                OTG_HS_EP1_IN_IRQHandler
                0x0000000008007050                DMA1_Stream0_IRQHandler
                0x0000000008007050                CAN1_TX_IRQHandler
                0x0000000008007050                EXTI4_IRQHandler
                0x0000000008007050                FSMC_IRQHandler
                0x0000000008007050                ETH_IRQHandler
                0x0000000008007050                OTG_HS_EP1_OUT_IRQHandler
                0x0000000008007050                WWDG_IRQHandler
                0x0000000008007050                TIM2_IRQHandler
                0x0000000008007050                OTG_FS_WKUP_IRQHandler
                0x0000000008007050                TIM1_TRG_COM_TIM11_IRQHandler
                0x0000000008007050                OTG_HS_IRQHandler
                0x0000000008007050                EXTI1_IRQHandler
                0x0000000008007050                USART2_IRQHandler
                0x0000000008007050                I2C2_ER_IRQHandler
                0x0000000008007050                DMA2_Stream1_IRQHandler
                0x0000000008007050                CAN1_SCE_IRQHandler
                0x0000000008007050                FLASH_IRQHandler
                0x0000000008007050                DMA2_Stream4_IRQHandler
                0x0000000008007050                USART1_IRQHandler
                0x0000000008007050                OTG_FS_IRQHandler
                0x0000000008007050                SPI3_IRQHandler
                0x0000000008007050                DMA1_Stream4_IRQHandler
                0x0000000008007050                I2C1_ER_IRQHandler
                0x0000000008007050                DMA2_Stream6_IRQHandler
                0x0000000008007050                DMA1_Stream3_IRQHandler
 *fill*         0x0000000008007052        0x2 
 .text.HAL_Init
                0x0000000008007054       0x44 ./Drivers/STM32F4xx_HAL_Driver/Src/stm32f4xx_hal.o
                0x0000000008007054                HAL_Init
 .text.HAL_InitTick
                0x0000000008007098       0x60 ./Drivers/STM32F4xx_HAL_Driver/Src/stm32f4xx_hal.o
                0x0000000008007098                HAL_InitTick
 .text.HAL_IncTick
                0x00000000080070f8       0x28 ./Drivers/STM32F4xx_HAL_Driver/Src/stm32f4xx_hal.o
                0x00000000080070f8                HAL_IncTick
 .text.HAL_GetTick
                0x0000000008007120       0x18 ./Drivers/STM32F4xx_HAL_Driver/Src/stm32f4xx_hal.o
                0x0000000008007120                HAL_GetTick
 .text.HAL_Delay
                0x0000000008007138       0x48 ./Drivers/STM32F4xx_HAL_Driver/Src/stm32f4xx_hal.o
                0x0000000008007138                HAL_Delay
 .text.HAL_ADC_Init
                0x0000000008007180       0x86 ./Drivers/STM32F4xx_HAL_Driver/Src/stm32f4xx_hal_adc.o
                0x0000000008007180                HAL_ADC_Init
 *fill*         0x0000000008007206        0x2 
 .text.HAL_ADC_Start
                0x0000000008007208      0x1a4 ./Drivers/STM32F4xx_HAL_Driver/Src/stm32f4xx_hal_adc.o
                0x0000000008007208                HAL_ADC_Start
 .text.HAL_ADC_Stop
                0x00000000080073ac       0x66 ./Drivers/STM32F4xx_HAL_Driver/Src/stm32f4xx_hal_adc.o
                0x00000000080073ac                HAL_ADC_Stop
 .text.HAL_ADC_PollForConversion
                0x0000000008007412      0x116 ./Drivers/STM32F4xx_HAL_Driver/Src/stm32f4xx_hal_adc.o
                0x0000000008007412                HAL_ADC_PollForConversion
 .text.HAL_ADC_IRQHandler
                0x0000000008007528      0x220 ./Drivers/STM32F4xx_HAL_Driver/Src/stm32f4xx_hal_adc.o
                0x0000000008007528                HAL_ADC_IRQHandler
 .text.HAL_ADC_GetValue
                0x0000000008007748       0x1a ./Drivers/STM32F4xx_HAL_Driver/Src/stm32f4xx_hal_adc.o
                0x0000000008007748                HAL_ADC_GetValue
 .text.HAL_ADC_ConvCpltCallback
                0x0000000008007762       0x14 ./Drivers/STM32F4xx_HAL_Driver/Src/stm32f4xx_hal_adc.o
                0x0000000008007762                HAL_ADC_ConvCpltCallback
 .text.HAL_ADC_LevelOutOfWindowCallback
                0x0000000008007776       0x14 ./Drivers/STM32F4xx_HAL_Driver/Src/stm32f4xx_hal_adc.o
                0x0000000008007776                HAL_ADC_LevelOutOfWindowCallback
 .text.HAL_ADC_ErrorCallback
                0x000000000800778a       0x14 ./Drivers/STM32F4xx_HAL_Driver/Src/stm32f4xx_hal_adc.o
                0x000000000800778a                HAL_ADC_ErrorCallback
 *fill*         0x000000000800779e        0x2 
 .text.HAL_ADC_ConfigChannel
                0x00000000080077a0      0x244 ./Drivers/STM32F4xx_HAL_Driver/Src/stm32f4xx_hal_adc.o
                0x00000000080077a0                HAL_ADC_ConfigChannel
 .text.ADC_Init
                0x00000000080079e4      0x1f8 ./Drivers/STM32F4xx_HAL_Driver/Src/stm32f4xx_hal_adc.o
 .text.HAL_ADCEx_InjectedConvCpltCallback
                0x0000000008007bdc       0x14 ./Drivers/STM32F4xx_HAL_Driver/Src/stm32f4xx_hal_adc_ex.o
                0x0000000008007bdc                HAL_ADCEx_InjectedConvCpltCallback
 .text.__NVIC_SetPriorityGrouping
                0x0000000008007bf0       0x48 ./Drivers/STM32F4xx_HAL_Driver/Src/stm32f4xx_hal_cortex.o
 .text.__NVIC_GetPriorityGrouping
                0x0000000008007c38       0x1c ./Drivers/STM32F4xx_HAL_Driver/Src/stm32f4xx_hal_cortex.o
 .text.__NVIC_EnableIRQ
                0x0000000008007c54       0x3c ./Drivers/STM32F4xx_HAL_Driver/Src/stm32f4xx_hal_cortex.o
 .text.__NVIC_SetPriority
                0x0000000008007c90       0x54 ./Drivers/STM32F4xx_HAL_Driver/Src/stm32f4xx_hal_cortex.o
 .text.NVIC_EncodePriority
                0x0000000008007ce4       0x66 ./Drivers/STM32F4xx_HAL_Driver/Src/stm32f4xx_hal_cortex.o
 *fill*         0x0000000008007d4a        0x2 
 .text.SysTick_Config
                0x0000000008007d4c       0x44 ./Drivers/STM32F4xx_HAL_Driver/Src/stm32f4xx_hal_cortex.o
 .text.HAL_NVIC_SetPriorityGrouping
                0x0000000008007d90       0x16 ./Drivers/STM32F4xx_HAL_Driver/Src/stm32f4xx_hal_cortex.o
                0x0000000008007d90                HAL_NVIC_SetPriorityGrouping
 .text.HAL_NVIC_SetPriority
                0x0000000008007da6       0x38 ./Drivers/STM32F4xx_HAL_Driver/Src/stm32f4xx_hal_cortex.o
                0x0000000008007da6                HAL_NVIC_SetPriority
 .text.HAL_NVIC_EnableIRQ
                0x0000000008007dde       0x1c ./Drivers/STM32F4xx_HAL_Driver/Src/stm32f4xx_hal_cortex.o
                0x0000000008007dde                HAL_NVIC_EnableIRQ
 .text.HAL_SYSTICK_Config
                0x0000000008007dfa       0x18 ./Drivers/STM32F4xx_HAL_Driver/Src/stm32f4xx_hal_cortex.o
                0x0000000008007dfa                HAL_SYSTICK_Config
 .text.HAL_DMA_Abort
                0x0000000008007e12       0xe0 ./Drivers/STM32F4xx_HAL_Driver/Src/stm32f4xx_hal_dma.o
                0x0000000008007e12                HAL_DMA_Abort
 .text.HAL_DMA_Abort_IT
                0x0000000008007ef2       0x44 ./Drivers/STM32F4xx_HAL_Driver/Src/stm32f4xx_hal_dma.o
                0x0000000008007ef2                HAL_DMA_Abort_IT
 *fill*         0x0000000008007f36        0x2 
 .text.HAL_GPIO_Init
                0x0000000008007f38      0x338 ./Drivers/STM32F4xx_HAL_Driver/Src/stm32f4xx_hal_gpio.o
                0x0000000008007f38                HAL_GPIO_Init
 .text.HAL_GPIO_WritePin
                0x0000000008008270       0x32 ./Drivers/STM32F4xx_HAL_Driver/Src/stm32f4xx_hal_gpio.o
                0x0000000008008270                HAL_GPIO_WritePin
 *fill*         0x00000000080082a2        0x2 
 .text.HAL_I2C_Init
                0x00000000080082a4      0x288 ./Drivers/STM32F4xx_HAL_Driver/Src/stm32f4xx_hal_i2c.o
                0x00000000080082a4                HAL_I2C_Init
 .text.HAL_I2C_Mem_Write
                0x000000000800852c      0x1f4 ./Drivers/STM32F4xx_HAL_Driver/Src/stm32f4xx_hal_i2c.o
                0x000000000800852c                HAL_I2C_Mem_Write
 .text.HAL_I2C_Mem_Read
                0x0000000008008720      0x44c ./Drivers/STM32F4xx_HAL_Driver/Src/stm32f4xx_hal_i2c.o
                0x0000000008008720                HAL_I2C_Mem_Read
 .text.I2C_RequestMemoryWrite
                0x0000000008008b6c      0x12c ./Drivers/STM32F4xx_HAL_Driver/Src/stm32f4xx_hal_i2c.o
 .text.I2C_RequestMemoryRead
                0x0000000008008c98      0x1d0 ./Drivers/STM32F4xx_HAL_Driver/Src/stm32f4xx_hal_i2c.o
 .text.I2C_WaitOnFlagUntilTimeout
                0x0000000008008e68       0xae ./Drivers/STM32F4xx_HAL_Driver/Src/stm32f4xx_hal_i2c.o
 .text.I2C_WaitOnMasterAddressFlagUntilTimeout
                0x0000000008008f16       0xfe ./Drivers/STM32F4xx_HAL_Driver/Src/stm32f4xx_hal_i2c.o
 .text.I2C_WaitOnTXEFlagUntilTimeout
                0x0000000008009014       0x82 ./Drivers/STM32F4xx_HAL_Driver/Src/stm32f4xx_hal_i2c.o
 .text.I2C_WaitOnBTFFlagUntilTimeout
                0x0000000008009096       0x82 ./Drivers/STM32F4xx_HAL_Driver/Src/stm32f4xx_hal_i2c.o
 .text.I2C_WaitOnRXNEFlagUntilTimeout
                0x0000000008009118       0xac ./Drivers/STM32F4xx_HAL_Driver/Src/stm32f4xx_hal_i2c.o
 .text.I2C_IsAcknowledgeFailed
                0x00000000080091c4       0x5e ./Drivers/STM32F4xx_HAL_Driver/Src/stm32f4xx_hal_i2c.o
 *fill*         0x0000000008009222        0x2 
 .text.HAL_PWR_EnableBkUpAccess
                0x0000000008009224       0x28 ./Drivers/STM32F4xx_HAL_Driver/Src/stm32f4xx_hal_pwr.o
                0x0000000008009224                HAL_PWR_EnableBkUpAccess
 .text.HAL_PWR_DisableBkUpAccess
                0x000000000800924c       0x28 ./Drivers/STM32F4xx_HAL_Driver/Src/stm32f4xx_hal_pwr.o
                0x000000000800924c                HAL_PWR_DisableBkUpAccess
 .text.HAL_RCC_OscConfig
                0x0000000008009274      0x4f0 ./Drivers/STM32F4xx_HAL_Driver/Src/stm32f4xx_hal_rcc.o
                0x0000000008009274                HAL_RCC_OscConfig
 .text.HAL_RCC_ClockConfig
                0x0000000008009764      0x1cc ./Drivers/STM32F4xx_HAL_Driver/Src/stm32f4xx_hal_rcc.o
                0x0000000008009764                HAL_RCC_ClockConfig
 .text.HAL_RCC_GetSysClockFreq
                0x0000000008009930      0x18c ./Drivers/STM32F4xx_HAL_Driver/Src/stm32f4xx_hal_rcc.o
                0x0000000008009930                HAL_RCC_GetSysClockFreq
 .text.HAL_RCC_GetHCLKFreq
                0x0000000008009abc       0x18 ./Drivers/STM32F4xx_HAL_Driver/Src/stm32f4xx_hal_rcc.o
                0x0000000008009abc                HAL_RCC_GetHCLKFreq
 .text.HAL_RCC_GetPCLK1Freq
                0x0000000008009ad4       0x28 ./Drivers/STM32F4xx_HAL_Driver/Src/stm32f4xx_hal_rcc.o
                0x0000000008009ad4                HAL_RCC_GetPCLK1Freq
 .text.HAL_RCC_GetPCLK2Freq
                0x0000000008009afc       0x28 ./Drivers/STM32F4xx_HAL_Driver/Src/stm32f4xx_hal_rcc.o
                0x0000000008009afc                HAL_RCC_GetPCLK2Freq
 .text.HAL_TIM_Base_Init
                0x0000000008009b24       0x9e ./Drivers/STM32F4xx_HAL_Driver/Src/stm32f4xx_hal_tim.o
                0x0000000008009b24                HAL_TIM_Base_Init
 .text.HAL_TIM_PWM_Init
                0x0000000008009bc2       0x9e ./Drivers/STM32F4xx_HAL_Driver/Src/stm32f4xx_hal_tim.o
                0x0000000008009bc2                HAL_TIM_PWM_Init
 .text.HAL_TIM_PWM_MspInit
                0x0000000008009c60       0x14 ./Drivers/STM32F4xx_HAL_Driver/Src/stm32f4xx_hal_tim.o
                0x0000000008009c60                HAL_TIM_PWM_MspInit
 .text.HAL_TIM_PWM_Start
                0x0000000008009c74      0x190 ./Drivers/STM32F4xx_HAL_Driver/Src/stm32f4xx_hal_tim.o
                0x0000000008009c74                HAL_TIM_PWM_Start
 .text.HAL_TIM_IC_Init
                0x0000000008009e04       0x9e ./Drivers/STM32F4xx_HAL_Driver/Src/stm32f4xx_hal_tim.o
                0x0000000008009e04                HAL_TIM_IC_Init
 *fill*         0x0000000008009ea2        0x2 
 .text.HAL_TIM_IC_Start_IT
                0x0000000008009ea4      0x250 ./Drivers/STM32F4xx_HAL_Driver/Src/stm32f4xx_hal_tim.o
                0x0000000008009ea4                HAL_TIM_IC_Start_IT
 .text.HAL_TIM_IC_Stop_IT
                0x000000000800a0f4      0x15c ./Drivers/STM32F4xx_HAL_Driver/Src/stm32f4xx_hal_tim.o
                0x000000000800a0f4                HAL_TIM_IC_Stop_IT
 .text.HAL_TIM_Encoder_Init
                0x000000000800a250      0x14c ./Drivers/STM32F4xx_HAL_Driver/Src/stm32f4xx_hal_tim.o
                0x000000000800a250                HAL_TIM_Encoder_Init
 .text.HAL_TIM_Encoder_Start
                0x000000000800a39c      0x11c ./Drivers/STM32F4xx_HAL_Driver/Src/stm32f4xx_hal_tim.o
                0x000000000800a39c                HAL_TIM_Encoder_Start
 .text.HAL_TIM_IRQHandler
                0x000000000800a4b8      0x210 ./Drivers/STM32F4xx_HAL_Driver/Src/stm32f4xx_hal_tim.o
                0x000000000800a4b8                HAL_TIM_IRQHandler
 .text.HAL_TIM_IC_ConfigChannel
                0x000000000800a6c8      0x138 ./Drivers/STM32F4xx_HAL_Driver/Src/stm32f4xx_hal_tim.o
                0x000000000800a6c8                HAL_TIM_IC_ConfigChannel
 .text.HAL_TIM_PWM_ConfigChannel
                0x000000000800a800      0x184 ./Drivers/STM32F4xx_HAL_Driver/Src/stm32f4xx_hal_tim.o
                0x000000000800a800                HAL_TIM_PWM_ConfigChannel
 .text.HAL_TIM_ConfigClockSource
                0x000000000800a984      0x18e ./Drivers/STM32F4xx_HAL_Driver/Src/stm32f4xx_hal_tim.o
                0x000000000800a984                HAL_TIM_ConfigClockSource
 *fill*         0x000000000800ab12        0x2 
 .text.HAL_TIM_ReadCapturedValue
                0x000000000800ab14       0x88 ./Drivers/STM32F4xx_HAL_Driver/Src/stm32f4xx_hal_tim.o
                0x000000000800ab14                HAL_TIM_ReadCapturedValue
 .text.HAL_TIM_PeriodElapsedCallback
                0x000000000800ab9c       0x14 ./Drivers/STM32F4xx_HAL_Driver/Src/stm32f4xx_hal_tim.o
                0x000000000800ab9c                HAL_TIM_PeriodElapsedCallback
 .text.HAL_TIM_OC_DelayElapsedCallback
                0x000000000800abb0       0x14 ./Drivers/STM32F4xx_HAL_Driver/Src/stm32f4xx_hal_tim.o
                0x000000000800abb0                HAL_TIM_OC_DelayElapsedCallback
 .text.HAL_TIM_PWM_PulseFinishedCallback
                0x000000000800abc4       0x14 ./Drivers/STM32F4xx_HAL_Driver/Src/stm32f4xx_hal_tim.o
                0x000000000800abc4                HAL_TIM_PWM_PulseFinishedCallback
 .text.HAL_TIM_TriggerCallback
                0x000000000800abd8       0x14 ./Drivers/STM32F4xx_HAL_Driver/Src/stm32f4xx_hal_tim.o
                0x000000000800abd8                HAL_TIM_TriggerCallback
 .text.TIM_Base_SetConfig
                0x000000000800abec      0x140 ./Drivers/STM32F4xx_HAL_Driver/Src/stm32f4xx_hal_tim.o
                0x000000000800abec                TIM_Base_SetConfig
 .text.TIM_OC1_SetConfig
                0x000000000800ad2c       0xe0 ./Drivers/STM32F4xx_HAL_Driver/Src/stm32f4xx_hal_tim.o
 .text.TIM_OC2_SetConfig
                0x000000000800ae0c       0xec ./Drivers/STM32F4xx_HAL_Driver/Src/stm32f4xx_hal_tim.o
                0x000000000800ae0c                TIM_OC2_SetConfig
 .text.TIM_OC3_SetConfig
                0x000000000800aef8       0xe8 ./Drivers/STM32F4xx_HAL_Driver/Src/stm32f4xx_hal_tim.o
 .text.TIM_OC4_SetConfig
                0x000000000800afe0       0xac ./Drivers/STM32F4xx_HAL_Driver/Src/stm32f4xx_hal_tim.o
 .text.TIM_TI1_SetConfig
                0x000000000800b08c       0xe8 ./Drivers/STM32F4xx_HAL_Driver/Src/stm32f4xx_hal_tim.o
                0x000000000800b08c                TIM_TI1_SetConfig
 .text.TIM_TI1_ConfigInputStage
                0x000000000800b174       0x5e ./Drivers/STM32F4xx_HAL_Driver/Src/stm32f4xx_hal_tim.o
 .text.TIM_TI2_SetConfig
                0x000000000800b1d2       0x7a ./Drivers/STM32F4xx_HAL_Driver/Src/stm32f4xx_hal_tim.o
 .text.TIM_TI2_ConfigInputStage
                0x000000000800b24c       0x60 ./Drivers/STM32F4xx_HAL_Driver/Src/stm32f4xx_hal_tim.o
 .text.TIM_TI3_SetConfig
                0x000000000800b2ac       0x78 ./Drivers/STM32F4xx_HAL_Driver/Src/stm32f4xx_hal_tim.o
 .text.TIM_TI4_SetConfig
                0x000000000800b324       0x7a ./Drivers/STM32F4xx_HAL_Driver/Src/stm32f4xx_hal_tim.o
 .text.TIM_ITRx_SetConfig
                0x000000000800b39e       0x36 ./Drivers/STM32F4xx_HAL_Driver/Src/stm32f4xx_hal_tim.o
 .text.TIM_ETR_SetConfig
                0x000000000800b3d4       0x40 ./Drivers/STM32F4xx_HAL_Driver/Src/stm32f4xx_hal_tim.o
                0x000000000800b3d4                TIM_ETR_SetConfig
 .text.TIM_CCxChannelCmd
                0x000000000800b414       0x4a ./Drivers/STM32F4xx_HAL_Driver/Src/stm32f4xx_hal_tim.o
                0x000000000800b414                TIM_CCxChannelCmd
 *fill*         0x000000000800b45e        0x2 
 .text.HAL_TIMEx_MasterConfigSynchronization
                0x000000000800b460       0xf8 ./Drivers/STM32F4xx_HAL_Driver/Src/stm32f4xx_hal_tim_ex.o
                0x000000000800b460                HAL_TIMEx_MasterConfigSynchronization
 .text.HAL_TIMEx_ConfigBreakDeadTime
                0x000000000800b558       0xa4 ./Drivers/STM32F4xx_HAL_Driver/Src/stm32f4xx_hal_tim_ex.o
                0x000000000800b558                HAL_TIMEx_ConfigBreakDeadTime
 .text.HAL_TIMEx_CommutCallback
                0x000000000800b5fc       0x14 ./Drivers/STM32F4xx_HAL_Driver/Src/stm32f4xx_hal_tim_ex.o
                0x000000000800b5fc                HAL_TIMEx_CommutCallback
 .text.HAL_TIMEx_BreakCallback
                0x000000000800b610       0x14 ./Drivers/STM32F4xx_HAL_Driver/Src/stm32f4xx_hal_tim_ex.o
                0x000000000800b610                HAL_TIMEx_BreakCallback
 .text.HAL_UART_Init
                0x000000000800b624       0x9a ./Drivers/STM32F4xx_HAL_Driver/Src/stm32f4xx_hal_uart.o
                0x000000000800b624                HAL_UART_Init
 .text.HAL_UART_Transmit
                0x000000000800b6be      0x124 ./Drivers/STM32F4xx_HAL_Driver/Src/stm32f4xx_hal_uart.o
                0x000000000800b6be                HAL_UART_Transmit
 .text.HAL_UART_Receive_IT
                0x000000000800b7e2       0x60 ./Drivers/STM32F4xx_HAL_Driver/Src/stm32f4xx_hal_uart.o
                0x000000000800b7e2                HAL_UART_Receive_IT
 *fill*         0x000000000800b842        0x2 
 .text.HAL_UART_IRQHandler
                0x000000000800b844      0x51c ./Drivers/STM32F4xx_HAL_Driver/Src/stm32f4xx_hal_uart.o
                0x000000000800b844                HAL_UART_IRQHandler
 .text.HAL_UART_TxCpltCallback
                0x000000000800bd60       0x14 ./Drivers/STM32F4xx_HAL_Driver/Src/stm32f4xx_hal_uart.o
                0x000000000800bd60                HAL_UART_TxCpltCallback
 .text.HAL_UART_ErrorCallback
                0x000000000800bd74       0x14 ./Drivers/STM32F4xx_HAL_Driver/Src/stm32f4xx_hal_uart.o
                0x000000000800bd74                HAL_UART_ErrorCallback
 .text.HAL_UARTEx_RxEventCallback
                0x000000000800bd88       0x18 ./Drivers/STM32F4xx_HAL_Driver/Src/stm32f4xx_hal_uart.o
                0x000000000800bd88                HAL_UARTEx_RxEventCallback
 .text.UART_WaitOnFlagUntilTimeout
                0x000000000800bda0       0xdc ./Drivers/STM32F4xx_HAL_Driver/Src/stm32f4xx_hal_uart.o
 .text.UART_Start_Receive_IT
                0x000000000800be7c       0x7c ./Drivers/STM32F4xx_HAL_Driver/Src/stm32f4xx_hal_uart.o
                0x000000000800be7c                UART_Start_Receive_IT
 .text.UART_EndRxTransfer
                0x000000000800bef8       0xc6 ./Drivers/STM32F4xx_HAL_Driver/Src/stm32f4xx_hal_uart.o
 .text.UART_DMAAbortOnError
                0x000000000800bfbe       0x28 ./Drivers/STM32F4xx_HAL_Driver/Src/stm32f4xx_hal_uart.o
 .text.UART_Transmit_IT
                0x000000000800bfe6       0xa0 ./Drivers/STM32F4xx_HAL_Driver/Src/stm32f4xx_hal_uart.o
 .text.UART_EndTransmit_IT
                0x000000000800c086       0x30 ./Drivers/STM32F4xx_HAL_Driver/Src/stm32f4xx_hal_uart.o
 .text.UART_Receive_IT
                0x000000000800c0b6      0x176 ./Drivers/STM32F4xx_HAL_Driver/Src/stm32f4xx_hal_uart.o
 .text.UART_SetConfig
                0x000000000800c22c      0x4e8 ./Drivers/STM32F4xx_HAL_Driver/Src/stm32f4xx_hal_uart.o
 .text.__NVIC_SetPriority
                0x000000000800c714       0x54 ./Middlewares/Third_Party/FreeRTOS/Source/CMSIS_RTOS_V2/cmsis_os2.o
 .text.SVC_Setup
                0x000000000800c768       0x12 ./Middlewares/Third_Party/FreeRTOS/Source/CMSIS_RTOS_V2/cmsis_os2.o
 *fill*         0x000000000800c77a        0x2 
 .text.osKernelInitialize
                0x000000000800c77c       0x48 ./Middlewares/Third_Party/FreeRTOS/Source/CMSIS_RTOS_V2/cmsis_os2.o
                0x000000000800c77c                osKernelInitialize
 .text.osKernelStart
                0x000000000800c7c4       0x4c ./Middlewares/Third_Party/FreeRTOS/Source/CMSIS_RTOS_V2/cmsis_os2.o
                0x000000000800c7c4                osKernelStart
 .text.osThreadNew
                0x000000000800c810      0x124 ./Middlewares/Third_Party/FreeRTOS/Source/CMSIS_RTOS_V2/cmsis_os2.o
                0x000000000800c810                osThreadNew
 .text.osDelay  0x000000000800c934       0x36 ./Middlewares/Third_Party/FreeRTOS/Source/CMSIS_RTOS_V2/cmsis_os2.o
                0x000000000800c934                osDelay
 *fill*         0x000000000800c96a        0x2 
 .text.vApplicationGetIdleTaskMemory
                0x000000000800c96c       0x34 ./Middlewares/Third_Party/FreeRTOS/Source/CMSIS_RTOS_V2/cmsis_os2.o
                0x000000000800c96c                vApplicationGetIdleTaskMemory
 .text.vApplicationGetTimerTaskMemory
                0x000000000800c9a0       0x34 ./Middlewares/Third_Party/FreeRTOS/Source/CMSIS_RTOS_V2/cmsis_os2.o
                0x000000000800c9a0                vApplicationGetTimerTaskMemory
 .text.vListInitialise
                0x000000000800c9d4       0x40 ./Middlewares/Third_Party/FreeRTOS/Source/list.o
                0x000000000800c9d4                vListInitialise
 .text.vListInitialiseItem
                0x000000000800ca14       0x1a ./Middlewares/Third_Party/FreeRTOS/Source/list.o
                0x000000000800ca14                vListInitialiseItem
 .text.vListInsertEnd
                0x000000000800ca2e       0x48 ./Middlewares/Third_Party/FreeRTOS/Source/list.o
                0x000000000800ca2e                vListInsertEnd
 .text.vListInsert
                0x000000000800ca76       0x72 ./Middlewares/Third_Party/FreeRTOS/Source/list.o
                0x000000000800ca76                vListInsert
 .text.uxListRemove
                0x000000000800cae8       0x54 ./Middlewares/Third_Party/FreeRTOS/Source/list.o
                0x000000000800cae8                uxListRemove
 .text.xQueueGenericReset
                0x000000000800cb3c       0xd0 ./Middlewares/Third_Party/FreeRTOS/Source/queue.o
                0x000000000800cb3c                xQueueGenericReset
 .text.xQueueGenericCreateStatic
                0x000000000800cc0c       0xf0 ./Middlewares/Third_Party/FreeRTOS/Source/queue.o
                0x000000000800cc0c                xQueueGenericCreateStatic
 .text.prvInitialiseNewQueue
                0x000000000800ccfc       0x46 ./Middlewares/Third_Party/FreeRTOS/Source/queue.o
 *fill*         0x000000000800cd42        0x2 
 .text.xQueueGenericSend
                0x000000000800cd44      0x1fc ./Middlewares/Third_Party/FreeRTOS/Source/queue.o
                0x000000000800cd44                xQueueGenericSend
 .text.xQueueGenericSendFromISR
                0x000000000800cf40      0x136 ./Middlewares/Third_Party/FreeRTOS/Source/queue.o
                0x000000000800cf40                xQueueGenericSendFromISR
 *fill*         0x000000000800d076        0x2 
 .text.xQueueReceive
                0x000000000800d078      0x1c0 ./Middlewares/Third_Party/FreeRTOS/Source/queue.o
                0x000000000800d078                xQueueReceive
 .text.prvCopyDataToQueue
                0x000000000800d238       0xd4 ./Middlewares/Third_Party/FreeRTOS/Source/queue.o
 .text.prvCopyDataFromQueue
                0x000000000800d30c       0x4c ./Middlewares/Third_Party/FreeRTOS/Source/queue.o
 .text.prvUnlockQueue
                0x000000000800d358       0xa4 ./Middlewares/Third_Party/FreeRTOS/Source/queue.o
 .text.prvIsQueueEmpty
                0x000000000800d3fc       0x2c ./Middlewares/Third_Party/FreeRTOS/Source/queue.o
 .text.prvIsQueueFull
                0x000000000800d428       0x30 ./Middlewares/Third_Party/FreeRTOS/Source/queue.o
 .text.vQueueAddToRegistry
                0x000000000800d458       0x54 ./Middlewares/Third_Party/FreeRTOS/Source/queue.o
                0x000000000800d458                vQueueAddToRegistry
 .text.vQueueWaitForMessageRestricted
                0x000000000800d4ac       0x68 ./Middlewares/Third_Party/FreeRTOS/Source/queue.o
                0x000000000800d4ac                vQueueWaitForMessageRestricted
 .text.xTaskCreateStatic
                0x000000000800d514       0xba ./Middlewares/Third_Party/FreeRTOS/Source/tasks.o
                0x000000000800d514                xTaskCreateStatic
 .text.xTaskCreate
                0x000000000800d5ce       0x8a ./Middlewares/Third_Party/FreeRTOS/Source/tasks.o
                0x000000000800d5ce                xTaskCreate
 .text.prvInitialiseNewTask
                0x000000000800d658      0x11e ./Middlewares/Third_Party/FreeRTOS/Source/tasks.o
 *fill*         0x000000000800d776        0x2 
 .text.prvAddNewTaskToReadyList
                0x000000000800d778       0xe0 ./Middlewares/Third_Party/FreeRTOS/Source/tasks.o
 .text.vTaskDelay
                0x000000000800d858       0x68 ./Middlewares/Third_Party/FreeRTOS/Source/tasks.o
                0x000000000800d858                vTaskDelay
 .text.vTaskSuspend
                0x000000000800d8c0       0xec ./Middlewares/Third_Party/FreeRTOS/Source/tasks.o
                0x000000000800d8c0                vTaskSuspend
 .text.vTaskStartScheduler
                0x000000000800d9ac       0xcc ./Middlewares/Third_Party/FreeRTOS/Source/tasks.o
                0x000000000800d9ac                vTaskStartScheduler
 .text.vTaskSuspendAll
                0x000000000800da78       0x1c ./Middlewares/Third_Party/FreeRTOS/Source/tasks.o
                0x000000000800da78                vTaskSuspendAll
 .text.xTaskResumeAll
                0x000000000800da94      0x13c ./Middlewares/Third_Party/FreeRTOS/Source/tasks.o
                0x000000000800da94                xTaskResumeAll
 .text.xTaskGetTickCount
                0x000000000800dbd0       0x20 ./Middlewares/Third_Party/FreeRTOS/Source/tasks.o
                0x000000000800dbd0                xTaskGetTickCount
 .text.xTaskIncrementTick
                0x000000000800dbf0      0x174 ./Middlewares/Third_Party/FreeRTOS/Source/tasks.o
                0x000000000800dbf0                xTaskIncrementTick
 .text.vTaskSwitchContext
                0x000000000800dd64       0xbc ./Middlewares/Third_Party/FreeRTOS/Source/tasks.o
                0x000000000800dd64                vTaskSwitchContext
 .text.vTaskPlaceOnEventList
                0x000000000800de20       0x48 ./Middlewares/Third_Party/FreeRTOS/Source/tasks.o
                0x000000000800de20                vTaskPlaceOnEventList
 .text.vTaskPlaceOnEventListRestricted
                0x000000000800de68       0x58 ./Middlewares/Third_Party/FreeRTOS/Source/tasks.o
                0x000000000800de68                vTaskPlaceOnEventListRestricted
 .text.xTaskRemoveFromEventList
                0x000000000800dec0       0xc8 ./Middlewares/Third_Party/FreeRTOS/Source/tasks.o
                0x000000000800dec0                xTaskRemoveFromEventList
 .text.vTaskInternalSetTimeOutState
                0x000000000800df88       0x2c ./Middlewares/Third_Party/FreeRTOS/Source/tasks.o
                0x000000000800df88                vTaskInternalSetTimeOutState
 .text.xTaskCheckForTimeOut
                0x000000000800dfb4       0xc4 ./Middlewares/Third_Party/FreeRTOS/Source/tasks.o
                0x000000000800dfb4                xTaskCheckForTimeOut
 .text.vTaskMissedYield
                0x000000000800e078       0x18 ./Middlewares/Third_Party/FreeRTOS/Source/tasks.o
                0x000000000800e078                vTaskMissedYield
 .text.prvIdleTask
                0x000000000800e090       0x30 ./Middlewares/Third_Party/FreeRTOS/Source/tasks.o
 .text.prvInitialiseTaskLists
                0x000000000800e0c0       0x80 ./Middlewares/Third_Party/FreeRTOS/Source/tasks.o
 .text.prvCheckTasksWaitingTermination
                0x000000000800e140       0x5c ./Middlewares/Third_Party/FreeRTOS/Source/tasks.o
 .text.prvDeleteTCB
                0x000000000800e19c       0x5e ./Middlewares/Third_Party/FreeRTOS/Source/tasks.o
 *fill*         0x000000000800e1fa        0x2 
 .text.prvResetNextTaskUnblockTime
                0x000000000800e1fc       0x40 ./Middlewares/Third_Party/FreeRTOS/Source/tasks.o
 .text.xTaskGetSchedulerState
                0x000000000800e23c       0x3c ./Middlewares/Third_Party/FreeRTOS/Source/tasks.o
                0x000000000800e23c                xTaskGetSchedulerState
 .text.xTaskPriorityDisinherit
                0x000000000800e278       0xdc ./Middlewares/Third_Party/FreeRTOS/Source/tasks.o
                0x000000000800e278                xTaskPriorityDisinherit
 .text.prvAddCurrentTaskToDelayedList
                0x000000000800e354       0xa8 ./Middlewares/Third_Party/FreeRTOS/Source/tasks.o
 .text.xTimerCreateTimerTask
                0x000000000800e3fc       0x90 ./Middlewares/Third_Party/FreeRTOS/Source/timers.o
                0x000000000800e3fc                xTimerCreateTimerTask
 .text.xTimerGenericCommand
                0x000000000800e48c       0x9c ./Middlewares/Third_Party/FreeRTOS/Source/timers.o
                0x000000000800e48c                xTimerGenericCommand
 .text.prvProcessExpiredTimer
                0x000000000800e528       0x98 ./Middlewares/Third_Party/FreeRTOS/Source/timers.o
 .text.prvTimerTask
                0x000000000800e5c0       0x24 ./Middlewares/Third_Party/FreeRTOS/Source/timers.o
 .text.prvProcessTimerOrBlockTask
                0x000000000800e5e4       0x9c ./Middlewares/Third_Party/FreeRTOS/Source/timers.o
 .text.prvGetNextExpireTime
                0x000000000800e680       0x48 ./Middlewares/Third_Party/FreeRTOS/Source/timers.o
 .text.prvSampleTimeNow
                0x000000000800e6c8       0x40 ./Middlewares/Third_Party/FreeRTOS/Source/timers.o
 .text.prvInsertTimerInActiveList
                0x000000000800e708       0x84 ./Middlewares/Third_Party/FreeRTOS/Source/timers.o
 .text.prvProcessReceivedCommands
                0x000000000800e78c      0x1c4 ./Middlewares/Third_Party/FreeRTOS/Source/timers.o
 .text.prvSwitchTimerLists
                0x000000000800e950       0xc8 ./Middlewares/Third_Party/FreeRTOS/Source/timers.o
 .text.prvCheckForValidListAndQueue
                0x000000000800ea18       0x80 ./Middlewares/Third_Party/FreeRTOS/Source/timers.o
 .text.pxPortInitialiseStack
                0x000000000800ea98       0x68 ./Middlewares/Third_Party/FreeRTOS/Source/portable/GCC/ARM_CM4F/port.o
                0x000000000800ea98                pxPortInitialiseStack
 .text.prvTaskExitError
                0x000000000800eb00       0x58 ./Middlewares/Third_Party/FreeRTOS/Source/portable/GCC/ARM_CM4F/port.o
 *fill*         0x000000000800eb58        0x8 
 .text.SVC_Handler
                0x000000000800eb60       0x28 ./Middlewares/Third_Party/FreeRTOS/Source/portable/GCC/ARM_CM4F/port.o
                0x000000000800eb60                SVC_Handler
 .text.prvPortStartFirstTask
                0x000000000800eb88       0x28 ./Middlewares/Third_Party/FreeRTOS/Source/portable/GCC/ARM_CM4F/port.o
 .text.xPortStartScheduler
                0x000000000800ebb0      0x144 ./Middlewares/Third_Party/FreeRTOS/Source/portable/GCC/ARM_CM4F/port.o
                0x000000000800ebb0                xPortStartScheduler
 .text.vPortEnterCritical
                0x000000000800ecf4       0x60 ./Middlewares/Third_Party/FreeRTOS/Source/portable/GCC/ARM_CM4F/port.o
                0x000000000800ecf4                vPortEnterCritical
 .text.vPortExitCritical
                0x000000000800ed54       0x54 ./Middlewares/Third_Party/FreeRTOS/Source/portable/GCC/ARM_CM4F/port.o
                0x000000000800ed54                vPortExitCritical
 *fill*         0x000000000800eda8        0x8 
 .text.PendSV_Handler
                0x000000000800edb0       0x68 ./Middlewares/Third_Party/FreeRTOS/Source/portable/GCC/ARM_CM4F/port.o
                0x000000000800edb0                PendSV_Handler
 .text.xPortSysTickHandler
                0x000000000800ee18       0x44 ./Middlewares/Third_Party/FreeRTOS/Source/portable/GCC/ARM_CM4F/port.o
                0x000000000800ee18                xPortSysTickHandler
 .text.vPortSetupTimerInterrupt
                0x000000000800ee5c       0x48 ./Middlewares/Third_Party/FreeRTOS/Source/portable/GCC/ARM_CM4F/port.o
                0x000000000800ee5c                vPortSetupTimerInterrupt
 .text.vPortEnableVFP
                0x000000000800eea4       0x14 ./Middlewares/Third_Party/FreeRTOS/Source/portable/GCC/ARM_CM4F/port.o
 .text.vPortValidateInterruptPriority
                0x000000000800eeb8       0x80 ./Middlewares/Third_Party/FreeRTOS/Source/portable/GCC/ARM_CM4F/port.o
                0x000000000800eeb8                vPortValidateInterruptPriority
 .text.pvPortMalloc
                0x000000000800ef38      0x198 ./Middlewares/Third_Party/FreeRTOS/Source/portable/MemMang/heap_4.o
                0x000000000800ef38                pvPortMalloc
 .text.vPortFree
                0x000000000800f0d0       0xc4 ./Middlewares/Third_Party/FreeRTOS/Source/portable/MemMang/heap_4.o
                0x000000000800f0d0                vPortFree
 .text.prvHeapInit
                0x000000000800f194       0xc4 ./Middlewares/Third_Party/FreeRTOS/Source/portable/MemMang/heap_4.o
 .text.prvInsertBlockIntoFreeList
                0x000000000800f258       0xb4 ./Middlewares/Third_Party/FreeRTOS/Source/portable/MemMang/heap_4.o
 .text.atoi     0x000000000800f30c        0x8 C:/ST/STM32CubeIDE_1.14.1/STM32CubeIDE/plugins/com.st.stm32cube.ide.mcu.externaltools.gnu-tools-for-stm32.11.3.rel1.win32_1.1.100.202309141235/tools/bin/../lib/gcc/arm-none-eabi/11.3.1/../../../../arm-none-eabi/lib/thumb/v7e-m+fp/hard\libc_nano.a(libc_a-atoi.o)
                0x000000000800f30c                atoi
 .text._strtol_l.constprop.0
                0x000000000800f314      0x104 C:/ST/STM32CubeIDE_1.14.1/STM32CubeIDE/plugins/com.st.stm32cube.ide.mcu.externaltools.gnu-tools-for-stm32.11.3.rel1.win32_1.1.100.202309141235/tools/bin/../lib/gcc/arm-none-eabi/11.3.1/../../../../arm-none-eabi/lib/thumb/v7e-m+fp/hard\libc_nano.a(libc_a-strtol.o)
 .text.strtol   0x000000000800f418       0x14 C:/ST/STM32CubeIDE_1.14.1/STM32CubeIDE/plugins/com.st.stm32cube.ide.mcu.externaltools.gnu-tools-for-stm32.11.3.rel1.win32_1.1.100.202309141235/tools/bin/../lib/gcc/arm-none-eabi/11.3.1/../../../../arm-none-eabi/lib/thumb/v7e-m+fp/hard\libc_nano.a(libc_a-strtol.o)
                0x000000000800f418                strtol
 .text.snprintf
                0x000000000800f42c       0x68 C:/ST/STM32CubeIDE_1.14.1/STM32CubeIDE/plugins/com.st.stm32cube.ide.mcu.externaltools.gnu-tools-for-stm32.11.3.rel1.win32_1.1.100.202309141235/tools/bin/../lib/gcc/arm-none-eabi/11.3.1/../../../../arm-none-eabi/lib/thumb/v7e-m+fp/hard\libc_nano.a(libc_a-snprintf.o)
                0x000000000800f42c                sniprintf
                0x000000000800f42c                snprintf
 .text.sprintf  0x000000000800f494       0x40 C:/ST/STM32CubeIDE_1.14.1/STM32CubeIDE/plugins/com.st.stm32cube.ide.mcu.externaltools.gnu-tools-for-stm32.11.3.rel1.win32_1.1.100.202309141235/tools/bin/../lib/gcc/arm-none-eabi/11.3.1/../../../../arm-none-eabi/lib/thumb/v7e-m+fp/hard\libc_nano.a(libc_a-sprintf.o)
                0x000000000800f494                siprintf
                0x000000000800f494                sprintf
 .text.memset   0x000000000800f4d4       0x10 C:/ST/STM32CubeIDE_1.14.1/STM32CubeIDE/plugins/com.st.stm32cube.ide.mcu.externaltools.gnu-tools-for-stm32.11.3.rel1.win32_1.1.100.202309141235/tools/bin/../lib/gcc/arm-none-eabi/11.3.1/../../../../arm-none-eabi/lib/thumb/v7e-m+fp/hard\libc_nano.a(libc_a-memset.o)
                0x000000000800f4d4                memset
 .text.__errno  0x000000000800f4e4        0xc C:/ST/STM32CubeIDE_1.14.1/STM32CubeIDE/plugins/com.st.stm32cube.ide.mcu.externaltools.gnu-tools-for-stm32.11.3.rel1.win32_1.1.100.202309141235/tools/bin/../lib/gcc/arm-none-eabi/11.3.1/../../../../arm-none-eabi/lib/thumb/v7e-m+fp/hard\libc_nano.a(libc_a-errno.o)
                0x000000000800f4e4                __errno
 .text.__libc_init_array
                0x000000000800f4f0       0x48 C:/ST/STM32CubeIDE_1.14.1/STM32CubeIDE/plugins/com.st.stm32cube.ide.mcu.externaltools.gnu-tools-for-stm32.11.3.rel1.win32_1.1.100.202309141235/tools/bin/../lib/gcc/arm-none-eabi/11.3.1/../../../../arm-none-eabi/lib/thumb/v7e-m+fp/hard\libc_nano.a(libc_a-init.o)
                0x000000000800f4f0                __libc_init_array
 .text.__retarget_lock_acquire_recursive
                0x000000000800f538        0x2 C:/ST/STM32CubeIDE_1.14.1/STM32CubeIDE/plugins/com.st.stm32cube.ide.mcu.externaltools.gnu-tools-for-stm32.11.3.rel1.win32_1.1.100.202309141235/tools/bin/../lib/gcc/arm-none-eabi/11.3.1/../../../../arm-none-eabi/lib/thumb/v7e-m+fp/hard\libc_nano.a(libc_a-lock.o)
                0x000000000800f538                __retarget_lock_acquire_recursive
 .text.__retarget_lock_release_recursive
                0x000000000800f53a        0x2 C:/ST/STM32CubeIDE_1.14.1/STM32CubeIDE/plugins/com.st.stm32cube.ide.mcu.externaltools.gnu-tools-for-stm32.11.3.rel1.win32_1.1.100.202309141235/tools/bin/../lib/gcc/arm-none-eabi/11.3.1/../../../../arm-none-eabi/lib/thumb/v7e-m+fp/hard\libc_nano.a(libc_a-lock.o)
                0x000000000800f53a                __retarget_lock_release_recursive
 .text.memcpy   0x000000000800f53c       0x1c C:/ST/STM32CubeIDE_1.14.1/STM32CubeIDE/plugins/com.st.stm32cube.ide.mcu.externaltools.gnu-tools-for-stm32.11.3.rel1.win32_1.1.100.202309141235/tools/bin/../lib/gcc/arm-none-eabi/11.3.1/../../../../arm-none-eabi/lib/thumb/v7e-m+fp/hard\libc_nano.a(libc_a-memcpy-stub.o)
                0x000000000800f53c                memcpy
 .text._free_r  0x000000000800f558       0x98 C:/ST/STM32CubeIDE_1.14.1/STM32CubeIDE/plugins/com.st.stm32cube.ide.mcu.externaltools.gnu-tools-for-stm32.11.3.rel1.win32_1.1.100.202309141235/tools/bin/../lib/gcc/arm-none-eabi/11.3.1/../../../../arm-none-eabi/lib/thumb/v7e-m+fp/hard\libc_nano.a(libc_a-freer.o)
                0x000000000800f558                _free_r
 .text.sbrk_aligned
                0x000000000800f5f0       0x40 C:/ST/STM32CubeIDE_1.14.1/STM32CubeIDE/plugins/com.st.stm32cube.ide.mcu.externaltools.gnu-tools-for-stm32.11.3.rel1.win32_1.1.100.202309141235/tools/bin/../lib/gcc/arm-none-eabi/11.3.1/../../../../arm-none-eabi/lib/thumb/v7e-m+fp/hard\libc_nano.a(libc_a-mallocr.o)
 .text._malloc_r
                0x000000000800f630      0x100 C:/ST/STM32CubeIDE_1.14.1/STM32CubeIDE/plugins/com.st.stm32cube.ide.mcu.externaltools.gnu-tools-for-stm32.11.3.rel1.win32_1.1.100.202309141235/tools/bin/../lib/gcc/arm-none-eabi/11.3.1/../../../../arm-none-eabi/lib/thumb/v7e-m+fp/hard\libc_nano.a(libc_a-mallocr.o)
                0x000000000800f630                _malloc_r
 .text.__malloc_lock
                0x000000000800f730        0xc C:/ST/STM32CubeIDE_1.14.1/STM32CubeIDE/plugins/com.st.stm32cube.ide.mcu.externaltools.gnu-tools-for-stm32.11.3.rel1.win32_1.1.100.202309141235/tools/bin/../lib/gcc/arm-none-eabi/11.3.1/../../../../arm-none-eabi/lib/thumb/v7e-m+fp/hard\libc_nano.a(libc_a-mlock.o)
                0x000000000800f730                __malloc_lock
 .text.__malloc_unlock
                0x000000000800f73c        0xc C:/ST/STM32CubeIDE_1.14.1/STM32CubeIDE/plugins/com.st.stm32cube.ide.mcu.externaltools.gnu-tools-for-stm32.11.3.rel1.win32_1.1.100.202309141235/tools/bin/../lib/gcc/arm-none-eabi/11.3.1/../../../../arm-none-eabi/lib/thumb/v7e-m+fp/hard\libc_nano.a(libc_a-mlock.o)
                0x000000000800f73c                __malloc_unlock
 .text.__ssputs_r
                0x000000000800f748       0xb4 C:/ST/STM32CubeIDE_1.14.1/STM32CubeIDE/plugins/com.st.stm32cube.ide.mcu.externaltools.gnu-tools-for-stm32.11.3.rel1.win32_1.1.100.202309141235/tools/bin/../lib/gcc/arm-none-eabi/11.3.1/../../../../arm-none-eabi/lib/thumb/v7e-m+fp/hard\libc_nano.a(libc_a-nano-svfprintf.o)
                0x000000000800f748                __ssputs_r
 .text._svfprintf_r
                0x000000000800f7fc      0x1fc C:/ST/STM32CubeIDE_1.14.1/STM32CubeIDE/plugins/com.st.stm32cube.ide.mcu.externaltools.gnu-tools-for-stm32.11.3.rel1.win32_1.1.100.202309141235/tools/bin/../lib/gcc/arm-none-eabi/11.3.1/../../../../arm-none-eabi/lib/thumb/v7e-m+fp/hard\libc_nano.a(libc_a-nano-svfprintf.o)
                0x000000000800f7fc                _svfiprintf_r
                0x000000000800f7fc                _svfprintf_r
 .text._printf_common
                0x000000000800f9f8       0xda C:/ST/STM32CubeIDE_1.14.1/STM32CubeIDE/plugins/com.st.stm32cube.ide.mcu.externaltools.gnu-tools-for-stm32.11.3.rel1.win32_1.1.100.202309141235/tools/bin/../lib/gcc/arm-none-eabi/11.3.1/../../../../arm-none-eabi/lib/thumb/v7e-m+fp/hard\libc_nano.a(libc_a-nano-vfprintf_i.o)
                0x000000000800f9f8                _printf_common
 *fill*         0x000000000800fad2        0x2 
 .text._printf_i
                0x000000000800fad4      0x244 C:/ST/STM32CubeIDE_1.14.1/STM32CubeIDE/plugins/com.st.stm32cube.ide.mcu.externaltools.gnu-tools-for-stm32.11.3.rel1.win32_1.1.100.202309141235/tools/bin/../lib/gcc/arm-none-eabi/11.3.1/../../../../arm-none-eabi/lib/thumb/v7e-m+fp/hard\libc_nano.a(libc_a-nano-vfprintf_i.o)
                0x000000000800fad4                _printf_i
 .text.memmove  0x000000000800fd18       0x34 C:/ST/STM32CubeIDE_1.14.1/STM32CubeIDE/plugins/com.st.stm32cube.ide.mcu.externaltools.gnu-tools-for-stm32.11.3.rel1.win32_1.1.100.202309141235/tools/bin/../lib/gcc/arm-none-eabi/11.3.1/../../../../arm-none-eabi/lib/thumb/v7e-m+fp/hard\libc_nano.a(libc_a-memmove.o)
                0x000000000800fd18                memmove
 .text._sbrk_r  0x000000000800fd4c       0x20 C:/ST/STM32CubeIDE_1.14.1/STM32CubeIDE/plugins/com.st.stm32cube.ide.mcu.externaltools.gnu-tools-for-stm32.11.3.rel1.win32_1.1.100.202309141235/tools/bin/../lib/gcc/arm-none-eabi/11.3.1/../../../../arm-none-eabi/lib/thumb/v7e-m+fp/hard\libc_nano.a(libc_a-sbrkr.o)
                0x000000000800fd4c                _sbrk_r
 .text._realloc_r
                0x000000000800fd6c       0x5e C:/ST/STM32CubeIDE_1.14.1/STM32CubeIDE/plugins/com.st.stm32cube.ide.mcu.externaltools.gnu-tools-for-stm32.11.3.rel1.win32_1.1.100.202309141235/tools/bin/../lib/gcc/arm-none-eabi/11.3.1/../../../../arm-none-eabi/lib/thumb/v7e-m+fp/hard\libc_nano.a(libc_a-reallocr.o)
                0x000000000800fd6c                _realloc_r
 .text._malloc_usable_size_r
                0x000000000800fdca       0x10 C:/ST/STM32CubeIDE_1.14.1/STM32CubeIDE/plugins/com.st.stm32cube.ide.mcu.externaltools.gnu-tools-for-stm32.11.3.rel1.win32_1.1.100.202309141235/tools/bin/../lib/gcc/arm-none-eabi/11.3.1/../../../../arm-none-eabi/lib/thumb/v7e-m+fp/hard\libc_nano.a(libc_a-msizer.o)
                0x000000000800fdca                _malloc_usable_size_r
 *fill*         0x000000000800fdda        0x2 
 .text.sqrtf    0x000000000800fddc       0x3c C:/ST/STM32CubeIDE_1.14.1/STM32CubeIDE/plugins/com.st.stm32cube.ide.mcu.externaltools.gnu-tools-for-stm32.11.3.rel1.win32_1.1.100.202309141235/tools/bin/../lib/gcc/arm-none-eabi/11.3.1/../../../../arm-none-eabi/lib/thumb/v7e-m+fp/hard\libm.a(libm_a-wf_sqrt.o)
                0x000000000800fddc                sqrtf
 .text.atanf    0x000000000800fe18      0x1a8 C:/ST/STM32CubeIDE_1.14.1/STM32CubeIDE/plugins/com.st.stm32cube.ide.mcu.externaltools.gnu-tools-for-stm32.11.3.rel1.win32_1.1.100.202309141235/tools/bin/../lib/gcc/arm-none-eabi/11.3.1/../../../../arm-none-eabi/lib/thumb/v7e-m+fp/hard\libm.a(libm_a-sf_atan.o)
                0x000000000800fe18                atanf
 .text.fabsf    0x000000000800ffc0        0xe C:/ST/STM32CubeIDE_1.14.1/STM32CubeIDE/plugins/com.st.stm32cube.ide.mcu.externaltools.gnu-tools-for-stm32.11.3.rel1.win32_1.1.100.202309141235/tools/bin/../lib/gcc/arm-none-eabi/11.3.1/../../../../arm-none-eabi/lib/thumb/v7e-m+fp/hard\libm.a(libm_a-sf_fabs.o)
                0x000000000800ffc0                fabsf
 *fill*         0x000000000800ffce        0x2 
 .text.tanf     0x000000000800ffd0       0x58 C:/ST/STM32CubeIDE_1.14.1/STM32CubeIDE/plugins/com.st.stm32cube.ide.mcu.externaltools.gnu-tools-for-stm32.11.3.rel1.win32_1.1.100.202309141235/tools/bin/../lib/gcc/arm-none-eabi/11.3.1/../../../../arm-none-eabi/lib/thumb/v7e-m+fp/hard\libm.a(libm_a-sf_tan.o)
                0x000000000800ffd0                tanf
 .text.__ieee754_sqrtf
                0x0000000008010028        0x6 C:/ST/STM32CubeIDE_1.14.1/STM32CubeIDE/plugins/com.st.stm32cube.ide.mcu.externaltools.gnu-tools-for-stm32.11.3.rel1.win32_1.1.100.202309141235/tools/bin/../lib/gcc/arm-none-eabi/11.3.1/../../../../arm-none-eabi/lib/thumb/v7e-m+fp/hard\libm.a(libm_a-ef_sqrt.o)
                0x0000000008010028                __ieee754_sqrtf
 *fill*         0x000000000801002e        0x2 
 .text.__kernel_tanf
                0x0000000008010030      0x1c0 C:/ST/STM32CubeIDE_1.14.1/STM32CubeIDE/plugins/com.st.stm32cube.ide.mcu.externaltools.gnu-tools-for-stm32.11.3.rel1.win32_1.1.100.202309141235/tools/bin/../lib/gcc/arm-none-eabi/11.3.1/../../../../arm-none-eabi/lib/thumb/v7e-m+fp/hard\libm.a(libm_a-kf_tan.o)
                0x0000000008010030                __kernel_tanf
 .text.__ieee754_rem_pio2f
                0x00000000080101f0      0x258 C:/ST/STM32CubeIDE_1.14.1/STM32CubeIDE/plugins/com.st.stm32cube.ide.mcu.externaltools.gnu-tools-for-stm32.11.3.rel1.win32_1.1.100.202309141235/tools/bin/../lib/gcc/arm-none-eabi/11.3.1/../../../../arm-none-eabi/lib/thumb/v7e-m+fp/hard\libm.a(libm_a-ef_rem_pio2.o)
                0x00000000080101f0                __ieee754_rem_pio2f
 .text.__kernel_rem_pio2f
                0x0000000008010448      0x4e4 C:/ST/STM32CubeIDE_1.14.1/STM32CubeIDE/plugins/com.st.stm32cube.ide.mcu.externaltools.gnu-tools-for-stm32.11.3.rel1.win32_1.1.100.202309141235/tools/bin/../lib/gcc/arm-none-eabi/11.3.1/../../../../arm-none-eabi/lib/thumb/v7e-m+fp/hard\libm.a(libm_a-kf_rem_pio2.o)
                0x0000000008010448                __kernel_rem_pio2f
 .text.scalbnf  0x000000000801092c       0xcc C:/ST/STM32CubeIDE_1.14.1/STM32CubeIDE/plugins/com.st.stm32cube.ide.mcu.externaltools.gnu-tools-for-stm32.11.3.rel1.win32_1.1.100.202309141235/tools/bin/../lib/gcc/arm-none-eabi/11.3.1/../../../../arm-none-eabi/lib/thumb/v7e-m+fp/hard\libm.a(libm_a-sf_scalbn.o)
                0x000000000801092c                scalbnf
 .text.floorf   0x00000000080109f8       0x84 C:/ST/STM32CubeIDE_1.14.1/STM32CubeIDE/plugins/com.st.stm32cube.ide.mcu.externaltools.gnu-tools-for-stm32.11.3.rel1.win32_1.1.100.202309141235/tools/bin/../lib/gcc/arm-none-eabi/11.3.1/../../../../arm-none-eabi/lib/thumb/v7e-m+fp/hard\libm.a(libm_a-sf_floor.o)
                0x00000000080109f8                floorf
 *(.glue_7)
 .glue_7        0x0000000008010a7c        0x0 linker stubs
 *(.glue_7t)
 .glue_7t       0x0000000008010a7c        0x0 linker stubs
 *(.eh_frame)
 .eh_frame      0x0000000008010a7c        0x0 C:/ST/STM32CubeIDE_1.14.1/STM32CubeIDE/plugins/com.st.stm32cube.ide.mcu.externaltools.gnu-tools-for-stm32.11.3.rel1.win32_1.1.100.202309141235/tools/bin/../lib/gcc/arm-none-eabi/11.3.1/thumb/v7e-m+fp/hard/crtbegin.o
 *(.init)
 .init          0x0000000008010a7c        0x4 C:/ST/STM32CubeIDE_1.14.1/STM32CubeIDE/plugins/com.st.stm32cube.ide.mcu.externaltools.gnu-tools-for-stm32.11.3.rel1.win32_1.1.100.202309141235/tools/bin/../lib/gcc/arm-none-eabi/11.3.1/thumb/v7e-m+fp/hard/crti.o
                0x0000000008010a7c                _init
 .init          0x0000000008010a80        0x8 C:/ST/STM32CubeIDE_1.14.1/STM32CubeIDE/plugins/com.st.stm32cube.ide.mcu.externaltools.gnu-tools-for-stm32.11.3.rel1.win32_1.1.100.202309141235/tools/bin/../lib/gcc/arm-none-eabi/11.3.1/thumb/v7e-m+fp/hard/crtn.o
 *(.fini)
 .fini          0x0000000008010a88        0x4 C:/ST/STM32CubeIDE_1.14.1/STM32CubeIDE/plugins/com.st.stm32cube.ide.mcu.externaltools.gnu-tools-for-stm32.11.3.rel1.win32_1.1.100.202309141235/tools/bin/../lib/gcc/arm-none-eabi/11.3.1/thumb/v7e-m+fp/hard/crti.o
                0x0000000008010a88                _fini
 .fini          0x0000000008010a8c        0x8 C:/ST/STM32CubeIDE_1.14.1/STM32CubeIDE/plugins/com.st.stm32cube.ide.mcu.externaltools.gnu-tools-for-stm32.11.3.rel1.win32_1.1.100.202309141235/tools/bin/../lib/gcc/arm-none-eabi/11.3.1/thumb/v7e-m+fp/hard/crtn.o
                0x0000000008010a94                . = ALIGN (0x4)
                0x0000000008010a94                _etext = .

.vfp11_veneer   0x0000000008010a94        0x0
 .vfp11_veneer  0x0000000008010a94        0x0 linker stubs

.v4_bx          0x0000000008010a94        0x0
 .v4_bx         0x0000000008010a94        0x0 linker stubs

.iplt           0x0000000008010a94        0x0
 .iplt          0x0000000008010a94        0x0 C:/ST/STM32CubeIDE_1.14.1/STM32CubeIDE/plugins/com.st.stm32cube.ide.mcu.externaltools.gnu-tools-for-stm32.11.3.rel1.win32_1.1.100.202309141235/tools/bin/../lib/gcc/arm-none-eabi/11.3.1/thumb/v7e-m+fp/hard/crtbegin.o

.rodata         0x0000000008010a94     0x12e0
                0x0000000008010a94                . = ALIGN (0x4)
 *(.rodata)
 .rodata        0x0000000008010a94      0x10b ./Core/Src/main.o
 *fill*         0x0000000008010b9f        0x1 
 .rodata        0x0000000008010ba0        0x5 ./Middlewares/Third_Party/FreeRTOS/Source/tasks.o
 *fill*         0x0000000008010ba5        0x3 
 .rodata        0x0000000008010ba8        0xd ./Middlewares/Third_Party/FreeRTOS/Source/timers.o
 *(.rodata*)
 *fill*         0x0000000008010bb5        0x3 
 .rodata.oledTask_attributes
                0x0000000008010bb8       0x24 ./Core/Src/main.o
                0x0000000008010bb8                oledTask_attributes
 .rodata.commandTask_attributes
                0x0000000008010bdc       0x24 ./Core/Src/main.o
                0x0000000008010bdc                commandTask_attributes
 .rodata.ADCTask_attributes
                0x0000000008010c00       0x24 ./Core/Src/main.o
                0x0000000008010c00                ADCTask_attributes
 .rodata.moveDistTask_attributes
                0x0000000008010c24       0x24 ./Core/Src/main.o
                0x0000000008010c24                moveDistTask_attributes
 .rodata.fastestPathTask_attributes
                0x0000000008010c48       0x24 ./Core/Src/main.o
                0x0000000008010c48                fastestPathTask_attributes
 .rodata.buzzerTask_attributes
                0x0000000008010c6c       0x24 ./Core/Src/main.o
                0x0000000008010c6c                buzzerTask_attributes
 .rodata.FLTask_attributes
                0x0000000008010c90       0x24 ./Core/Src/main.o
                0x0000000008010c90                FLTask_attributes
 .rodata.FRTask_attributes
                0x0000000008010cb4       0x24 ./Core/Src/main.o
                0x0000000008010cb4                FRTask_attributes
 .rodata.BLTask_attributes
                0x0000000008010cd8       0x24 ./Core/Src/main.o
                0x0000000008010cd8                BLTask_attributes
 .rodata.BRTask_attributes
                0x0000000008010cfc       0x24 ./Core/Src/main.o
                0x0000000008010cfc                BRTask_attributes
 .rodata.fastestPathV2_attributes
                0x0000000008010d20       0x24 ./Core/Src/main.o
                0x0000000008010d20                fastestPathV2_attributes
 .rodata.batteryTask_attributes
                0x0000000008010d44       0x24 ./Core/Src/main.o
                0x0000000008010d44                batteryTask_attributes
 .rodata.moveDistObsTask_attributes
                0x0000000008010d68       0x24 ./Core/Src/main.o
                0x0000000008010d68                moveDistObsTask_attributes
 .rodata.SensorTask_attributes
                0x0000000008010d8c       0x24 ./Core/Src/main.o
                0x0000000008010d8c                SensorTask_attributes
 .rodata.IRTask_attributes
                0x0000000008010db0       0x24 ./Core/Src/main.o
                0x0000000008010db0                IRTask_attributes
 .rodata.oled_asc2_1206
                0x0000000008010dd4      0x474 ./Core/Src/oled.o
                0x0000000008010dd4                oled_asc2_1206
 .rodata.oled_asc2_1608
                0x0000000008011248      0x5f0 ./Core/Src/oled.o
                0x0000000008011248                oled_asc2_1608
 .rodata.AHBPrescTable
                0x0000000008011838       0x10 ./Core/Src/system_stm32f4xx.o
                0x0000000008011838                AHBPrescTable
 .rodata.APBPrescTable
                0x0000000008011848        0x8 ./Core/Src/system_stm32f4xx.o
                0x0000000008011848                APBPrescTable
 .rodata._ctype_
                0x0000000008011850      0x101 C:/ST/STM32CubeIDE_1.14.1/STM32CubeIDE/plugins/com.st.stm32cube.ide.mcu.externaltools.gnu-tools-for-stm32.11.3.rel1.win32_1.1.100.202309141235/tools/bin/../lib/gcc/arm-none-eabi/11.3.1/../../../../arm-none-eabi/lib/thumb/v7e-m+fp/hard\libc_nano.a(libc_a-ctype_.o)
                0x0000000008011850                _ctype_
 .rodata._svfprintf_r.str1.1
                0x0000000008011951       0x11 C:/ST/STM32CubeIDE_1.14.1/STM32CubeIDE/plugins/com.st.stm32cube.ide.mcu.externaltools.gnu-tools-for-stm32.11.3.rel1.win32_1.1.100.202309141235/tools/bin/../lib/gcc/arm-none-eabi/11.3.1/../../../../arm-none-eabi/lib/thumb/v7e-m+fp/hard\libc_nano.a(libc_a-nano-svfprintf.o)
 .rodata._printf_i.str1.1
                0x0000000008011962       0x22 C:/ST/STM32CubeIDE_1.14.1/STM32CubeIDE/plugins/com.st.stm32cube.ide.mcu.externaltools.gnu-tools-for-stm32.11.3.rel1.win32_1.1.100.202309141235/tools/bin/../lib/gcc/arm-none-eabi/11.3.1/../../../../arm-none-eabi/lib/thumb/v7e-m+fp/hard\libc_nano.a(libc_a-nano-vfprintf_i.o)
 .rodata.atanhi
                0x0000000008011984       0x10 C:/ST/STM32CubeIDE_1.14.1/STM32CubeIDE/plugins/com.st.stm32cube.ide.mcu.externaltools.gnu-tools-for-stm32.11.3.rel1.win32_1.1.100.202309141235/tools/bin/../lib/gcc/arm-none-eabi/11.3.1/../../../../arm-none-eabi/lib/thumb/v7e-m+fp/hard\libm.a(libm_a-sf_atan.o)
 .rodata.atanlo
                0x0000000008011994       0x10 C:/ST/STM32CubeIDE_1.14.1/STM32CubeIDE/plugins/com.st.stm32cube.ide.mcu.externaltools.gnu-tools-for-stm32.11.3.rel1.win32_1.1.100.202309141235/tools/bin/../lib/gcc/arm-none-eabi/11.3.1/../../../../arm-none-eabi/lib/thumb/v7e-m+fp/hard\libm.a(libm_a-sf_atan.o)
 .rodata.npio2_hw
                0x00000000080119a4       0x80 C:/ST/STM32CubeIDE_1.14.1/STM32CubeIDE/plugins/com.st.stm32cube.ide.mcu.externaltools.gnu-tools-for-stm32.11.3.rel1.win32_1.1.100.202309141235/tools/bin/../lib/gcc/arm-none-eabi/11.3.1/../../../../arm-none-eabi/lib/thumb/v7e-m+fp/hard\libm.a(libm_a-ef_rem_pio2.o)
 .rodata.two_over_pi
                0x0000000008011a24      0x318 C:/ST/STM32CubeIDE_1.14.1/STM32CubeIDE/plugins/com.st.stm32cube.ide.mcu.externaltools.gnu-tools-for-stm32.11.3.rel1.win32_1.1.100.202309141235/tools/bin/../lib/gcc/arm-none-eabi/11.3.1/../../../../arm-none-eabi/lib/thumb/v7e-m+fp/hard\libm.a(libm_a-ef_rem_pio2.o)
 .rodata.PIo2   0x0000000008011d3c       0x2c C:/ST/STM32CubeIDE_1.14.1/STM32CubeIDE/plugins/com.st.stm32cube.ide.mcu.externaltools.gnu-tools-for-stm32.11.3.rel1.win32_1.1.100.202309141235/tools/bin/../lib/gcc/arm-none-eabi/11.3.1/../../../../arm-none-eabi/lib/thumb/v7e-m+fp/hard\libm.a(libm_a-kf_rem_pio2.o)
 .rodata.init_jk
                0x0000000008011d68        0xc C:/ST/STM32CubeIDE_1.14.1/STM32CubeIDE/plugins/com.st.stm32cube.ide.mcu.externaltools.gnu-tools-for-stm32.11.3.rel1.win32_1.1.100.202309141235/tools/bin/../lib/gcc/arm-none-eabi/11.3.1/../../../../arm-none-eabi/lib/thumb/v7e-m+fp/hard\libm.a(libm_a-kf_rem_pio2.o)
                0x0000000008011d74                . = ALIGN (0x4)

.ARM.extab      0x0000000008011d74        0x0
                0x0000000008011d74                . = ALIGN (0x4)
 *(.ARM.extab* .gnu.linkonce.armextab.*)
                0x0000000008011d74                . = ALIGN (0x4)

.ARM            0x0000000008011d74        0x8
                0x0000000008011d74                . = ALIGN (0x4)
                0x0000000008011d74                __exidx_start = .
 *(.ARM.exidx*)
 .ARM.exidx     0x0000000008011d74        0x8 C:/ST/STM32CubeIDE_1.14.1/STM32CubeIDE/plugins/com.st.stm32cube.ide.mcu.externaltools.gnu-tools-for-stm32.11.3.rel1.win32_1.1.100.202309141235/tools/bin/../lib/gcc/arm-none-eabi/11.3.1/thumb/v7e-m+fp/hard\libgcc.a(_udivmoddi4.o)
                0x0000000008011d7c                __exidx_end = .
                0x0000000008011d7c                . = ALIGN (0x4)

.rel.dyn        0x0000000008011d7c        0x0
 .rel.iplt      0x0000000008011d7c        0x0 C:/ST/STM32CubeIDE_1.14.1/STM32CubeIDE/plugins/com.st.stm32cube.ide.mcu.externaltools.gnu-tools-for-stm32.11.3.rel1.win32_1.1.100.202309141235/tools/bin/../lib/gcc/arm-none-eabi/11.3.1/thumb/v7e-m+fp/hard/crtbegin.o

.preinit_array  0x0000000008011d7c        0x0
                0x0000000008011d7c                . = ALIGN (0x4)
                0x0000000008011d7c                PROVIDE (__preinit_array_start = .)
 *(.preinit_array*)
                0x0000000008011d7c                PROVIDE (__preinit_array_end = .)
                0x0000000008011d7c                . = ALIGN (0x4)

.init_array     0x0000000008011d7c        0x4
                0x0000000008011d7c                . = ALIGN (0x4)
                0x0000000008011d7c                PROVIDE (__init_array_start = .)
 *(SORT_BY_NAME(.init_array.*))
 *(.init_array*)
 .init_array    0x0000000008011d7c        0x4 C:/ST/STM32CubeIDE_1.14.1/STM32CubeIDE/plugins/com.st.stm32cube.ide.mcu.externaltools.gnu-tools-for-stm32.11.3.rel1.win32_1.1.100.202309141235/tools/bin/../lib/gcc/arm-none-eabi/11.3.1/thumb/v7e-m+fp/hard/crtbegin.o
                0x0000000008011d80                PROVIDE (__init_array_end = .)
                0x0000000008011d80                . = ALIGN (0x4)

.fini_array     0x0000000008011d80        0x4
                0x0000000008011d80                . = ALIGN (0x4)
                [!provide]                        PROVIDE (__fini_array_start = .)
 *(SORT_BY_NAME(.fini_array.*))
 *(.fini_array*)
 .fini_array    0x0000000008011d80        0x4 C:/ST/STM32CubeIDE_1.14.1/STM32CubeIDE/plugins/com.st.stm32cube.ide.mcu.externaltools.gnu-tools-for-stm32.11.3.rel1.win32_1.1.100.202309141235/tools/bin/../lib/gcc/arm-none-eabi/11.3.1/thumb/v7e-m+fp/hard/crtbegin.o
                [!provide]                        PROVIDE (__fini_array_end = .)
                0x0000000008011d84                . = ALIGN (0x4)
                0x0000000008011d84                _sidata = LOADADDR (.data)

.data           0x0000000020000000      0x1a8 load address 0x0000000008011d84
                0x0000000020000000                . = ALIGN (0x4)
                0x0000000020000000                _sdata = .
 *(.data)
 *(.data*)
 .data.RX_BUFFER_SIZE
                0x0000000020000000        0x1 ./Core/Src/main.o
                0x0000000020000000                RX_BUFFER_SIZE
 .data.CMD_BUFFER_SIZE
                0x0000000020000001        0x1 ./Core/Src/main.o
                0x0000000020000001                CMD_BUFFER_SIZE
 *fill*         0x0000000020000002        0x2 
 .data.cfgs     0x0000000020000004      0x130 ./Core/Src/main.o
                0x0000000020000004                cfgs
 .data.curTask  0x0000000020000134        0x1 ./Core/Src/main.o
                0x0000000020000134                curTask
 .data.prevTask
                0x0000000020000135        0x1 ./Core/Src/main.o
                0x0000000020000135                prevTask
 .data.moveMode
                0x0000000020000136        0x1 ./Core/Src/main.o
                0x0000000020000136                moveMode
 *fill*         0x0000000020000137        0x1 
 .data.speedScale
                0x0000000020000138        0x4 ./Core/Src/main.o
                0x0000000020000138                speedScale
 .data.usThreshold
                0x000000002000013c        0x2 ./Core/Src/main.o
                0x000000002000013c                usThreshold
 .data.irThreshold
                0x000000002000013e        0x2 ./Core/Src/main.o
                0x000000002000013e                irThreshold
 .data.irResumeFlag
                0x0000000020000140        0x4 ./Core/Src/main.o
                0x0000000020000140                irResumeFlag
 .data.dir      0x0000000020000144        0x1 ./Core/Src/main.o
                0x0000000020000144                dir
 *fill*         0x0000000020000145        0x3 
 .data.SystemCoreClock
                0x0000000020000148        0x4 ./Core/Src/system_stm32f4xx.o
                0x0000000020000148                SystemCoreClock
 .data.uwTickPrio
                0x000000002000014c        0x4 ./Drivers/STM32F4xx_HAL_Driver/Src/stm32f4xx_hal.o
                0x000000002000014c                uwTickPrio
 .data.uwTickFreq
                0x0000000020000150        0x1 ./Drivers/STM32F4xx_HAL_Driver/Src/stm32f4xx_hal.o
                0x0000000020000150                uwTickFreq
 *fill*         0x0000000020000151        0x3 
 .data.uxCriticalNesting
                0x0000000020000154        0x4 ./Middlewares/Third_Party/FreeRTOS/Source/portable/GCC/ARM_CM4F/port.o
 .data._impure_data
                0x0000000020000158       0x4c C:/ST/STM32CubeIDE_1.14.1/STM32CubeIDE/plugins/com.st.stm32cube.ide.mcu.externaltools.gnu-tools-for-stm32.11.3.rel1.win32_1.1.100.202309141235/tools/bin/../lib/gcc/arm-none-eabi/11.3.1/../../../../arm-none-eabi/lib/thumb/v7e-m+fp/hard\libc_nano.a(libc_a-impure.o)
                0x0000000020000158                _impure_data
 .data._impure_ptr
                0x00000000200001a4        0x4 C:/ST/STM32CubeIDE_1.14.1/STM32CubeIDE/plugins/com.st.stm32cube.ide.mcu.externaltools.gnu-tools-for-stm32.11.3.rel1.win32_1.1.100.202309141235/tools/bin/../lib/gcc/arm-none-eabi/11.3.1/../../../../arm-none-eabi/lib/thumb/v7e-m+fp/hard\libc_nano.a(libc_a-impure.o)
                0x00000000200001a4                _impure_ptr
 *(.RamFunc)
 *(.RamFunc*)
                0x00000000200001a8                . = ALIGN (0x4)
                0x00000000200001a8                _edata = .
                0x0000000008011f2c                _siccmram = LOADADDR (.ccmram)

.igot.plt       0x00000000200001a8        0x0 load address 0x0000000008011f2c
 .igot.plt      0x00000000200001a8        0x0 C:/ST/STM32CubeIDE_1.14.1/STM32CubeIDE/plugins/com.st.stm32cube.ide.mcu.externaltools.gnu-tools-for-stm32.11.3.rel1.win32_1.1.100.202309141235/tools/bin/../lib/gcc/arm-none-eabi/11.3.1/thumb/v7e-m+fp/hard/crtbegin.o

.ccmram         0x0000000010000000        0x0 load address 0x0000000008011f2c
                0x0000000010000000                . = ALIGN (0x4)
                0x0000000010000000                _sccmram = .
 *(.ccmram)
 *(.ccmram*)
                0x0000000010000000                . = ALIGN (0x4)
                0x0000000010000000                _eccmram = .
                0x0000000010000000                . = ALIGN (0x4)

.bss            0x00000000200001a8     0x52f4
                0x00000000200001a8                _sbss = .
                0x00000000200001a8                __bss_start__ = _sbss
 *(.bss)