Archive member included to satisfy reference by file (symbol)

C:/ST/STM32CubeIDE_1.16.1/STM32CubeIDE/plugins/com.st.stm32cube.ide.mcu.externaltools.gnu-tools-for-stm32.12.3.rel1.win32_1.0.200.202406191623/tools/bin/../lib/gcc/arm-none-eabi/12.3.1/../../../../arm-none-eabi/lib/thumb/v7e-m+fp/hard\libc_nano.a(libc_a-atoi.o)
                              ./Core/Src/main.o (atoi)
C:/ST/STM32CubeIDE_1.16.1/STM32CubeIDE/plugins/com.st.stm32cube.ide.mcu.externaltools.gnu-tools-for-stm32.12.3.rel1.win32_1.0.200.202406191623/tools/bin/../lib/gcc/arm-none-eabi/12.3.1/../../../../arm-none-eabi/lib/thumb/v7e-m+fp/hard\libc_nano.a(libc_a-exit.o)
                              C:/ST/STM32CubeIDE_1.16.1/STM32CubeIDE/plugins/com.st.stm32cube.ide.mcu.externaltools.gnu-tools-for-stm32.12.3.rel1.win32_1.0.200.202406191623/tools/bin/../lib/gcc/arm-none-eabi/12.3.1/../../../../arm-none-eabi/lib/thumb/v7e-m+fp/hard/crt0.o (exit)
C:/ST/STM32CubeIDE_1.16.1/STM32CubeIDE/plugins/com.st.stm32cube.ide.mcu.externaltools.gnu-tools-for-stm32.12.3.rel1.win32_1.0.200.202406191623/tools/bin/../lib/gcc/arm-none-eabi/12.3.1/../../../../arm-none-eabi/lib/thumb/v7e-m+fp/hard\libc_nano.a(libc_a-strtol.o)
                              C:/ST/STM32CubeIDE_1.16.1/STM32CubeIDE/plugins/com.st.stm32cube.ide.mcu.externaltools.gnu-tools-for-stm32.12.3.rel1.win32_1.0.200.202406191623/tools/bin/../lib/gcc/arm-none-eabi/12.3.1/../../../../arm-none-eabi/lib/thumb/v7e-m+fp/hard\libc_nano.a(libc_a-atoi.o) (_strtol_r)
C:/ST/STM32CubeIDE_1.16.1/STM32CubeIDE/plugins/com.st.stm32cube.ide.mcu.externaltools.gnu-tools-for-stm32.12.3.rel1.win32_1.0.200.202406191623/tools/bin/../lib/gcc/arm-none-eabi/12.3.1/../../../../arm-none-eabi/lib/thumb/v7e-m+fp/hard\libc_nano.a(libc_a-ctype_.o)
                              C:/ST/STM32CubeIDE_1.16.1/STM32CubeIDE/plugins/com.st.stm32cube.ide.mcu.externaltools.gnu-tools-for-stm32.12.3.rel1.win32_1.0.200.202406191623/tools/bin/../lib/gcc/arm-none-eabi/12.3.1/../../../../arm-none-eabi/lib/thumb/v7e-m+fp/hard\libc_nano.a(libc_a-strtol.o) (_ctype_)
C:/ST/STM32CubeIDE_1.16.1/STM32CubeIDE/plugins/com.st.stm32cube.ide.mcu.externaltools.gnu-tools-for-stm32.12.3.rel1.win32_1.0.200.202406191623/tools/bin/../lib/gcc/arm-none-eabi/12.3.1/../../../../arm-none-eabi/lib/thumb/v7e-m+fp/hard\libc_nano.a(libc_a-nano-vfprintf_float.o)
                              (_printf_float)
C:/ST/STM32CubeIDE_1.16.1/STM32CubeIDE/plugins/com.st.stm32cube.ide.mcu.externaltools.gnu-tools-for-stm32.12.3.rel1.win32_1.0.200.202406191623/tools/bin/../lib/gcc/arm-none-eabi/12.3.1/../../../../arm-none-eabi/lib/thumb/v7e-m+fp/hard\libc_nano.a(libc_a-nano-vfprintf_i.o)
                              C:/ST/STM32CubeIDE_1.16.1/STM32CubeIDE/plugins/com.st.stm32cube.ide.mcu.externaltools.gnu-tools-for-stm32.12.3.rel1.win32_1.0.200.202406191623/tools/bin/../lib/gcc/arm-none-eabi/12.3.1/../../../../arm-none-eabi/lib/thumb/v7e-m+fp/hard\libc_nano.a(libc_a-nano-vfprintf_float.o) (_printf_common)
C:/ST/STM32CubeIDE_1.16.1/STM32CubeIDE/plugins/com.st.stm32cube.ide.mcu.externaltools.gnu-tools-for-stm32.12.3.rel1.win32_1.0.200.202406191623/tools/bin/../lib/gcc/arm-none-eabi/12.3.1/../../../../arm-none-eabi/lib/thumb/v7e-m+fp/hard\libc_nano.a(libc_a-findfp.o)
                              C:/ST/STM32CubeIDE_1.16.1/STM32CubeIDE/plugins/com.st.stm32cube.ide.mcu.externaltools.gnu-tools-for-stm32.12.3.rel1.win32_1.0.200.202406191623/tools/bin/../lib/gcc/arm-none-eabi/12.3.1/../../../../arm-none-eabi/lib/thumb/v7e-m+fp/hard\libc_nano.a(libc_a-exit.o) (__stdio_exit_handler)
C:/ST/STM32CubeIDE_1.16.1/STM32CubeIDE/plugins/com.st.stm32cube.ide.mcu.externaltools.gnu-tools-for-stm32.12.3.rel1.win32_1.0.200.202406191623/tools/bin/../lib/gcc/arm-none-eabi/12.3.1/../../../../arm-none-eabi/lib/thumb/v7e-m+fp/hard\libc_nano.a(libc_a-fwalk.o)
                              C:/ST/STM32CubeIDE_1.16.1/STM32CubeIDE/plugins/com.st.stm32cube.ide.mcu.externaltools.gnu-tools-for-stm32.12.3.rel1.win32_1.0.200.202406191623/tools/bin/../lib/gcc/arm-none-eabi/12.3.1/../../../../arm-none-eabi/lib/thumb/v7e-m+fp/hard\libc_nano.a(libc_a-findfp.o) (_fwalk_sglue)
C:/ST/STM32CubeIDE_1.16.1/STM32CubeIDE/plugins/com.st.stm32cube.ide.mcu.externaltools.gnu-tools-for-stm32.12.3.rel1.win32_1.0.200.202406191623/tools/bin/../lib/gcc/arm-none-eabi/12.3.1/../../../../arm-none-eabi/lib/thumb/v7e-m+fp/hard\libc_nano.a(libc_a-snprintf.o)
                              ./Core/Src/main.o (snprintf)
C:/ST/STM32CubeIDE_1.16.1/STM32CubeIDE/plugins/com.st.stm32cube.ide.mcu.externaltools.gnu-tools-for-stm32.12.3.rel1.win32_1.0.200.202406191623/tools/bin/../lib/gcc/arm-none-eabi/12.3.1/../../../../arm-none-eabi/lib/thumb/v7e-m+fp/hard\libc_nano.a(libc_a-sprintf.o)
                              ./Core/Src/main.o (sprintf)
[...]
Memory Configuration

Name             Origin             Length             Attributes
CCMRAM           0x10000000         0x00010000         xrw
RAM              0x20000000         0x00020000         xrw
FLASH            0x08000000         0x00080000         xr
*default*        0x00000000         0xffffffff

Linker script and memory map

LOAD C:/ST/STM32CubeIDE_1.16.1/STM32CubeIDE/plugins/com.st.stm32cube.ide.mcu.externaltools.gnu-tools-for-stm32.12.3.rel1.win32_1.0.200.202406191623/tools/bin/../lib/gcc/arm-none-eabi/12.3.1/thumb/v7e-m+fp/hard/crti.o
LOAD C:/ST/STM32CubeIDE_1.16.1/STM32CubeIDE/plugins/com.st.stm32cube.ide.mcu.externaltools.gnu-tools-for-stm32.12.3.rel1.win32_1.0.200.202406191623/tools/bin/../lib/gcc/arm-none-eabi/12.3.1/thumb/v7e-m+fp/hard/crtbegin.o
LOAD C:/ST/STM32CubeIDE_1.16.1/STM32CubeIDE/plugins/com.st.stm32cube.ide.mcu.externaltools.gnu-tools-for-stm32.12.3.rel1.win32_1.0.200.202406191623/tools/bin/../lib/gcc/arm-none-eabi/12.3.1/../../../../arm-none-eabi/lib/thumb/v7e-m+fp/hard/crt0.o
LOAD ./Core/Src/ICM20948.o
LOAD ./Core/Src/freertos.o
LOAD ./Core/Src/main.o
LOAD ./Core/Src/oled.o
LOAD ./Core/Src/pid.o
LOAD ./Core/Src/stm32f4xx_hal_msp.o
LOAD ./Core/Src/stm32f4xx_it.o
LOAD ./Core/Src/syscalls.o
LOAD ./Core/Src/sysmem.o
LOAD ./Core/Src/system_stm32f4xx.o
LOAD ./Core/Startup/startup_stm32f407vetx.o
LOAD ./Drivers/STM32F4xx_HAL_Driver/Src/stm32f4xx_hal.o
LOAD ./Drivers/STM32F4xx_HAL_Driver/Src/stm32f4xx_hal_adc.o
LOAD ./Drivers/STM32F4xx_HAL_Driver/Src/stm32f4xx_hal_adc_ex.o
LOAD ./Drivers/STM32F4xx_HAL_Driver/Src/stm32f4xx_hal_cortex.o
LOAD ./Drivers/STM32F4xx_HAL_Driver/Src/stm32f4xx_hal_dma.o
LOAD ./Drivers/STM32F4xx_HAL_Driver/Src/stm32f4xx_hal_dma_ex.o
LOAD ./Drivers/STM32F4xx_HAL_Driver/Src/stm32f4xx_hal_exti.o
LOAD ./Drivers/STM32F4xx_HAL_Driver/Src/stm32f4xx_hal_flash.o
LOAD ./Drivers/STM32F4xx_HAL_Driver/Src/stm32f4xx_hal_flash_ex.o
LOAD ./Drivers/STM32F4xx_HAL_Driver/Src/stm32f4xx_hal_flash_ramfunc.o
LOAD ./Drivers/STM32F4xx_HAL_Driver/Src/stm32f4xx_hal_gpio.o
LOAD ./Drivers/STM32F4xx_HAL_Driver/Src/stm32f4xx_hal_i2c.o
LOAD ./Drivers/STM32F4xx_HAL_Driver/Src/stm32f4xx_hal_i2c_ex.o
LOAD ./Drivers/STM32F4xx_HAL_Driver/Src/stm32f4xx_hal_pwr.o
LOAD ./Drivers/STM32F4xx_HAL_Driver/Src/stm32f4xx_hal_pwr_ex.o
LOAD ./Drivers/STM32F4xx_HAL_Driver/Src/stm32f4xx_hal_rcc.o
LOAD ./Drivers/STM32F4xx_HAL_Driver/Src/stm32f4xx_hal_rcc_ex.o
LOAD ./Drivers/STM32F4xx_HAL_Driver/Src/stm32f4xx_hal_tim.o
LOAD ./Drivers/STM32F4xx_HAL_Driver/Src/stm32f4xx_hal_tim_ex.o
LOAD ./Drivers/STM32F4xx_HAL_Driver/Src/stm32f4xx_hal_uart.o
LOAD ./Drivers/STM32F4xx_HAL_Driver/Src/stm32f4xx_ll_adc.o
LOAD ./Middlewares/Third_Party/FreeRTOS/Source/CMSIS_RTOS_V2/cmsis_os2.o
LOAD ./Middlewares/Third_Party/FreeRTOS/Source/croutine.o
LOAD ./Middlewares/Third_Party/FreeRTOS/Source/event_groups.o
LOAD ./Middlewares/Third_Party/FreeRTOS/Source/list.o
LOAD ./Middlewares/Third_Party/FreeRTOS/Source/queue.o
LOAD ./Middlewares/Third_Party/FreeRTOS/Source/stream_buffer.o
LOAD ./Middlewares/Third_Party/FreeRTOS/Source/tasks.o
LOAD ./Middlewares/Third_Party/FreeRTOS/Source/timers.o
LOAD ./Middlewares/Third_Party/FreeRTOS/Source/portable/GCC/ARM_CM4F/port.o
LOAD ./Middlewares/Third_Party/FreeRTOS/Source/portable/MemMang/heap_4.o
START GROUP
LOAD C:/ST/STM32CubeIDE_1.16.1/STM32CubeIDE/plugins/com.st.stm32cube.ide.mcu.externaltools.gnu-tools-for-stm32.12.3.rel1.win32_1.0.200.202406191623/tools/bin/../lib/gcc/arm-none-eabi/12.3.1/../../../../arm-none-eabi/lib/thumb/v7e-m+fp/hard\libc_nano.a
LOAD C:/ST/STM32CubeIDE_1.16.1/STM32CubeIDE/plugins/com.st.stm32cube.ide.mcu.externaltools.gnu-tools-for-stm32.12.3.rel1.win32_1.0.200.202406191623/tools/bin/../lib/gcc/arm-none-eabi/12.3.1/../../../../arm-none-eabi/lib/thumb/v7e-m+fp/hard\libm.a
END GROUP
START GROUP
LOAD C:/ST/STM32CubeIDE_1.16.1/STM32CubeIDE/plugins/com.st.stm32cube.ide.mcu.externaltools.gnu-tools-for-stm32.12.3.rel1.win32_1.0.200.202406191623/tools/bin/../lib/gcc/arm-none-eabi/12.3.1/thumb/v7e-m+fp/hard\libgcc.a
LOAD C:/ST/STM32CubeIDE_1.16.1/STM32CubeIDE/plugins/com.st.stm32cube.ide.mcu.externaltools.gnu-tools-for-stm32.12.3.rel1.win32_1.0.200.202406191623/tools/bin/../lib/gcc/arm-none-eabi/12.3.1/../../../../arm-none-eabi/lib/thumb/v7e-m+fp/hard\libc_nano.a
END GROUP
START GROUP
LOAD C:/ST/STM32CubeIDE_1.16.1/STM32CubeIDE/plugins/com.st.stm32cube.ide.mcu.externaltools.gnu-tools-for-stm32.12.3.rel1.win32_1.0.200.202406191623/tools/bin/../lib/gcc/arm-none-eabi/12.3.1/thumb/v7e-m+fp/hard\libgcc.a
LOAD C:/ST/STM32CubeIDE_1.16.1/STM32CubeIDE/plugins/com.st.stm32cube.ide.mcu.externaltools.gnu-tools-for-stm32.12.3.rel1.win32_1.0.200.202406191623/tools/bin/../lib/gcc/arm-none-eabi/12.3.1/../../../../arm-none-eabi/lib/thumb/v7e-m+fp/hard\libc_nano.a
LOAD C:/ST/STM32CubeIDE_1.16.1/STM32CubeIDE/plugins/com.st.stm32cube.ide.mcu.externaltools.gnu-tools-for-stm32.12.3.rel1.win32_1.0.200.202406191623/tools/bin/../lib/gcc/arm-none-eabi/12.3.1/../../../../arm-none-eabi/lib/thumb/v7e-m+fp/hard\libnosys.a
END GROUP
START GROUP
LOAD C:/ST/STM32CubeIDE_1.16.1/STM32CubeIDE/plugins/com.st.stm32cube.ide.mcu.externaltools.gnu-tools-for-stm32.12.3.rel1.win32_1.0.200.202406191623/tools/bin/../lib/gcc/arm-none-eabi/12.3.1/thumb/v7e-m+fp/hard\libgcc.a
LOAD C:/ST/STM32CubeIDE_1.16.1/STM32CubeIDE/plugins/com.st.stm32cube.ide.mcu.externaltools.gnu-tools-for-stm32.12.3.rel1.win32_1.0.200.202406191623/tools/bin/../lib/gcc/arm-none-eabi/12.3.1/../../../../arm-none-eabi/lib/thumb/v7e-m+fp/hard\libc_nano.a
LOAD C:/ST/STM32CubeIDE_1.16.1/STM32CubeIDE/plugins/com.st.stm32cube.ide.mcu.externaltools.gnu-tools-for-stm32.12.3.rel1.win32_1.0.200.202406191623/tools/bin/../lib/gcc/arm-none-eabi/12.3.1/../../../../arm-none-eabi/lib/thumb/v7e-m+fp/hard\libnosys.a
END GROUP
LOAD C:/ST/STM32CubeIDE_1.16.1/STM32CubeIDE/plugins/com.st.stm32cube.ide.mcu.externaltools.gnu-tools-for-stm32.12.3.rel1.win32_1.0.200.202406191623/tools/bin/../lib/gcc/arm-none-eabi/12.3.1/thumb/v7e-m+fp/hard/crtend.o
LOAD C:/ST/STM32CubeIDE_1.16.1/STM32CubeIDE/plugins/com.st.stm32cube.ide.mcu.externaltools.gnu-tools-for-stm32.12.3.rel1.win32_1.0.200.202406191623/tools/bin/../lib/gcc/arm-none-eabi/12.3.1/thumb/v7e-m+fp/hard/crtn.o
                0x20020000                        _estack = (ORIGIN (RAM) + LENGTH (RAM))
                0x00000200                        _Min_Heap_Size = 0x200
                0x00000400                        _Min_Stack_Size = 0x400

.isr_vector     0x08000000      0x188
                0x08000000                        . = ALIGN (0x4)
 *(.isr_vector)
 .isr_vector    0x08000000      0x188 ./Core/Startup/startup_stm32f407vetx.o
                0x08000000                g_pfnVectors
                0x08000188                        . = ALIGN (0x4)

.text           0x08000190    0x10c64
                0x08000190                        . = ALIGN (0x4)
 *(.text)
 .text          0x08000190       0x40 C:/ST/STM32CubeIDE_1.16.1/STM32CubeIDE/plugins/com.st.stm32cube.ide.mcu.externaltools.gnu-tools-for-stm32.12.3.rel1.win32_1.0.200.202406191623/tools/bin/../lib/gcc/arm-none-eabi/12.3.1/thumb/v7e-m+fp/hard/crtbegin.o
 .text          0x080001d0       0xa0 C:/ST/STM32CubeIDE_1.16.1/STM32CubeIDE/plugins/com.st.stm32cube.ide.mcu.externaltools.gnu-tools-for-stm32.12.3.rel1.win32_1.0.200.202406191623/tools/bin/../lib/gcc/arm-none-eabi/12.3.1/../../../../arm-none-eabi/lib/thumb/v7e-m+fp/hard\libc_nano.a(libc_a-memchr.o)
                0x080001d0                memchr
 .text          0x08000270       0x10 C:/ST/STM32CubeIDE_1.16.1/STM32CubeIDE/plugins/com.st.stm32cube.ide.mcu.externaltools.gnu-tools-for-stm32.12.3.rel1.win32_1.0.200.202406191623/tools/bin/../lib/gcc/arm-none-eabi/12.3.1/../../../../arm-none-eabi/lib/thumb/v7e-m+fp/hard\libc_nano.a(libc_a-strlen.o)
                0x08000270                strlen
 .text          0x08000280      0x378 C:/ST/STM32CubeIDE_1.16.1/STM32CubeIDE/plugins/com.st.stm32cube.ide.mcu.externaltools.gnu-tools-for-stm32.12.3.rel1.win32_1.0.200.202406191623/tools/bin/../lib/gcc/arm-none-eabi/12.3.1/thumb/v7e-m+fp/hard\libgcc.a(_arm_addsubdf3.o)
                0x08000280                __aeabi_drsub
                0x08000288                __aeabi_dsub
                0x08000288                __subdf3
                0x0800028c                __aeabi_dadd
                0x0800028c                __adddf3
                0x08000504                __floatunsidf
                0x08000504                __aeabi_ui2d
                0x08000524                __floatsidf
                0x08000524                __aeabi_i2d
                0x08000548                __aeabi_f2d
                0x08000548                __extendsfdf2
                0x0800058c                __floatundidf
                0x0800058c                __aeabi_ul2d
                0x0800059c                __floatdidf
                0x0800059c                __aeabi_l2d
 .text          0x080005f8      0x424 C:/ST/STM32CubeIDE_1.16.1/STM32CubeIDE/plugins/com.st.stm32cube.ide.mcu.externaltools.gnu-tools-for-stm32.12.3.rel1.win32_1.0.200.202406191623/tools/bin/../lib/gcc/arm-none-eabi/12.3.1/thumb/v7e-m+fp/hard\libgcc.a(_arm_muldivdf3.o)
                0x080005f8                __aeabi_dmul
                0x080005f8                __muldf3
                0x0800084c                __divdf3
                0x0800084c                __aeabi_ddiv
 .text          0x08000a1c      0x110 C:/ST/STM32CubeIDE_1.16.1/STM32CubeIDE/plugins/com.st.stm32cube.ide.mcu.externaltools.gnu-tools-for-stm32.12.3.rel1.win32_1.0.200.202406191623/tools/bin/../lib/gcc/arm-none-eabi/12.3.1/thumb/v7e-m+fp/hard\libgcc.a(_arm_cmpdf2.o)
                0x08000a1c                __gtdf2
                0x08000a1c                __gedf2
                0x08000a24                __ltdf2
                0x08000a24                __ledf2
                0x08000a2c                __nedf2
                0x08000a2c                __eqdf2
                0x08000a2c                __cmpdf2
                0x08000aa8                __aeabi_cdrcmple
                0x08000ab8                __aeabi_cdcmpeq
                0x08000ab8                __aeabi_cdcmple
                0x08000ac8                __aeabi_dcmpeq
                0x08000adc                __aeabi_dcmplt
                0x08000af0                __aeabi_dcmple
                0x08000b04                __aeabi_dcmpge
                0x08000b18                __aeabi_dcmpgt
 .text          0x08000b2c       0x2c C:/ST/STM32CubeIDE_1.16.1/STM32CubeIDE/plugins/com.st.stm32cube.ide.mcu.externaltools.gnu-tools-for-stm32.12.3.rel1.win32_1.0.200.202406191623/tools/bin/../lib/gcc/arm-none-eabi/12.3.1/thumb/v7e-m+fp/hard\libgcc.a(_arm_unorddf2.o)
                0x08000b2c                __unorddf2
                0x08000b2c                __aeabi_dcmpun
 .text          0x08000b58       0x50 C:/ST/STM32CubeIDE_1.16.1/STM32CubeIDE/plugins/com.st.stm32cube.ide.mcu.externaltools.gnu-tools-for-stm32.12.3.rel1.win32_1.0.200.202406191623/tools/bin/../lib/gcc/arm-none-eabi/12.3.1/thumb/v7e-m+fp/hard\libgcc.a(_arm_fixdfsi.o)
                0x08000b58                __aeabi_d2iz
                0x08000b58                __fixdfsi
 .text          0x08000ba8       0x40 C:/ST/STM32CubeIDE_1.16.1/STM32CubeIDE/plugins/com.st.stm32cube.ide.mcu.externaltools.gnu-tools-for-stm32.12.3.rel1.win32_1.0.200.202406191623/tools/bin/../lib/gcc/arm-none-eabi/12.3.1/thumb/v7e-m+fp/hard\libgcc.a(_arm_fixunsdfsi.o)
                0x08000ba8                __aeabi_d2uiz
                0x08000ba8                __fixunsdfsi
 .text          0x08000be8       0xa0 C:/ST/STM32CubeIDE_1.16.1/STM32CubeIDE/plugins/com.st.stm32cube.ide.mcu.externaltools.gnu-tools-for-stm32.12.3.rel1.win32_1.0.200.202406191623/tools/bin/../lib/gcc/arm-none-eabi/12.3.1/thumb/v7e-m+fp/hard\libgcc.a(_arm_truncdfsf2.o)
                0x08000be8                __truncdfsf2
                0x08000be8                __aeabi_d2f
 .text          0x08000c88       0x30 C:/ST/STM32CubeIDE_1.16.1/STM32CubeIDE/plugins/com.st.stm32cube.ide.mcu.externaltools.gnu-tools-for-stm32.12.3.rel1.win32_1.0.200.202406191623/tools/bin/../lib/gcc/arm-none-eabi/12.3.1/thumb/v7e-m+fp/hard\libgcc.a(_aeabi_uldivmod.o)
                0x08000c88                __aeabi_uldivmod
 .text          0x08000cb8      0x2bc C:/ST/STM32CubeIDE_1.16.1/STM32CubeIDE/plugins/com.st.stm32cube.ide.mcu.externaltools.gnu-tools-for-stm32.12.3.rel1.win32_1.0.200.202406191623/tools/bin/../lib/gcc/arm-none-eabi/12.3.1/thumb/v7e-m+fp/hard\libgcc.a(_udivmoddi4.o)
                0x08000cb8                __udivmoddi4
 .text          0x08000f74        0x4 C:/ST/STM32CubeIDE_1.16.1/STM32CubeIDE/plugins/com.st.stm32cube.ide.mcu.externaltools.gnu-tools-for-stm32.12.3.rel1.win32_1.0.200.202406191623/tools/bin/../lib/gcc/arm-none-eabi/12.3.1/thumb/v7e-m+fp/hard\libgcc.a(_dvmd_tls.o)
                0x08000f74                __aeabi_idiv0
                0x08000f74                __aeabi_ldiv0
 *(.text*)
 .text._ICM20948_SelectUserBank
                0x08000f78       0x58 ./Core/Src/ICM20948.o
                0x08000f78                _ICM20948_SelectUserBank
 .text._ICM20948_WriteByte
                0x08000fd0       0x5a ./Core/Src/ICM20948.o
                0x08000fd0                _ICM20948_WriteByte
 .text.ICM20948_init
                0x0800102a       0xbe ./Core/Src/ICM20948.o
                0x0800102a                ICM20948_init
 .text.main     0x080010e8      0x2f4 ./Core/Src/main.o
                0x080010e8                main
 .text.SystemClock_Config
                0x080013dc       0xbc ./Core/Src/main.o
                0x080013dc                SystemClock_Config
 .text.MX_ADC1_Init
                0x08001498       0xa4 ./Core/Src/main.o
 .text.MX_ADC2_Init
                0x0800153c       0xa4 ./Core/Src/main.o
 .text.MX_I2C1_Init
                0x080015e0       0x5c ./Core/Src/main.o
 .text.MX_TIM1_Init
                0x0800163c      0x140 ./Core/Src/main.o
 .text.MX_TIM2_Init
                0x0800177c       0xa8 ./Core/Src/main.o
 .text.MX_TIM3_Init
                0x08001824       0xa8 ./Core/Src/main.o
 .text.MX_TIM4_Init
                0x080018cc       0xbc ./Core/Src/main.o
 .text.MX_TIM6_Init
                0x08001988       0x6c ./Core/Src/main.o
 .text.MX_TIM8_Init
                0x080019f4      0x154 ./Core/Src/main.o
 .text.MX_USART3_UART_Init
                0x08001b48       0x54 ./Core/Src/main.o
 .text.MX_GPIO_Init
                0x08001b9c      0x19c ./Core/Src/main.o
 .text.HAL_UART_RxCpltCallback
                0x08001d38      0x7e4 ./Core/Src/main.o
                0x08001d38                HAL_UART_RxCpltCallback
 .text.IR_Left_Read
                0x0800251c       0x34 ./Core/Src/main.o
                0x0800251c                IR_Left_Read
 .text.IR_Right_Read
                0x08002550       0x70 ./Core/Src/main.o
                0x08002550                IR_Right_Read
 .text.StartIRTask
                0x080025c0       0xbc ./Core/Src/main.o
                0x080025c0                StartIRTask
 .text.PIDConfigInit
                0x0800267c       0x42 ./Core/Src/main.o
                0x0800267c                PIDConfigInit
 .text.PIDConfigReset
                0x080026be       0x24 ./Core/Src/main.o
                0x080026be                PIDConfigReset
 *fill*         0x080026e2        0x2 
 .text.StraightLineMove
                0x080026e4      0x370 ./Core/Src/main.o
                0x080026e4                StraightLineMove
 .text.StraightLineMoveSpeedScale
                0x08002a54      0x2bc ./Core/Src/main.o
                0x08002a54                StraightLineMoveSpeedScale
 .text.RobotMoveDist
                0x08002d10      0x324 ./Core/Src/main.o
                0x08002d10                RobotMoveDist
 *fill*         0x08003034        0x4 
 .text.RobotMoveDistObstacle
                0x08003038      0x318 ./Core/Src/main.o
                0x08003038                RobotMoveDistObstacle
 .text.RobotMoveDistObstacle_IR
                0x08003350      0x2cc ./Core/Src/main.o
                0x08003350                RobotMoveDistObstacle_IR
 *fill*         0x0800361c        0x4 
 .text.RobotTurn
                0x08003620      0x154 ./Core/Src/main.o
                0x08003620                RobotTurn
 *fill*         0x08003774        0x4 
 .text.RobotMoveUntilIROvershoot
                0x08003778      0x338 ./Core/Src/main.o
                0x08003778                RobotMoveUntilIROvershoot
 .text.RobotMoveUntilIRHit
                0x08003ab0      0x240 ./Core/Src/main.o
                0x08003ab0                RobotMoveUntilIRHit
 .text.runOledTask
                0x08003cf0       0x44 ./Core/Src/main.o
                0x08003cf0                runOledTask
 .text.runCmdTask
                0x08003d34      0x540 ./Core/Src/main.o
                0x08003d34                runCmdTask
 .text.runADCTask
                0x08004274       0xe0 ./Core/Src/main.o
                0x08004274                runADCTask
 .text.runMoveDistTask
                0x08004354      0x274 ./Core/Src/main.o
                0x08004354                runMoveDistTask
 .text.runFastestPathTask
                0x080045c8       0x70 ./Core/Src/main.o
                0x080045c8                runFastestPathTask
 .text.runBuzzerTask
                0x08004638       0xfc ./Core/Src/main.o
                0x08004638                runBuzzerTask
 .text.runFLTask
                0x08004734      0x1d8 ./Core/Src/main.o
                0x08004734                runFLTask
 .text.runFRTask
                0x0800490c      0x20c ./Core/Src/main.o
                0x0800490c                runFRTask
 .text.runBLTask
                0x08004b18      0x20c ./Core/Src/main.o
                0x08004b18                runBLTask
 .text.runBRTask
                0x08004d24      0x1f8 ./Core/Src/main.o
                0x08004d24                runBRTask
 .text.runFastestPathTask_V2
                0x08004f1c       0x70 ./Core/Src/main.o
                0x08004f1c                runFastestPathTask_V2
 .text.HCSR04_Read
                0x08004f8c       0x40 ./Core/Src/main.o
                0x08004f8c                HCSR04_Read
 .text.delay_us
                0x08004fcc       0x34 ./Core/Src/main.o
                0x08004fcc                delay_us
 .text.HAL_TIM_IC_CaptureCallback
                0x08005000      0x140 ./Core/Src/main.o
                0x08005000                HAL_TIM_IC_CaptureCallback
 .text.sensorTask
                0x08005140       0x74 ./Core/Src/main.o
                0x08005140                sensorTask
 .text.setLeftPWM
                0x080051b4       0x24 ./Core/Src/main.o
                0x080051b4                setLeftPWM
 .text.setRightPWM
                0x080051d8       0x24 ./Core/Src/main.o
                0x080051d8                setRightPWM
 .text.motorStop
                0x080051fc       0x40 ./Core/Src/main.o
                0x080051fc                motorStop
 *fill*         0x0800523c        0x4 
 .text.runBatteryTask
                0x08005240       0x7c ./Core/Src/main.o
                0x08005240                runBatteryTask
 .text.runMoveDistObsTask
                0x080052bc       0xf0 ./Core/Src/main.o
                0x080052bc                runMoveDistObsTask
 .text.Error_Handler
                0x080053ac        0xc ./Core/Src/main.o
                0x080053ac                Error_Handler
 .text.OLED_Refresh_Gram
                0x080053b8       0x70 ./Core/Src/oled.o
                0x080053b8                OLED_Refresh_Gram
 .text.OLED_WR_Byte
                0x08005428       0x94 ./Core/Src/oled.o
                0x08005428                OLED_WR_Byte
 .text.OLED_Clear
                0x080054bc       0x4c ./Core/Src/oled.o
                0x080054bc                OLED_Clear
 .text.OLED_Init
                0x08005508      0x118 ./Core/Src/oled.o
                0x08005508                OLED_Init
 .text.HAL_MspInit
                0x08005620       0x68 ./Core/Src/stm32f4xx_hal_msp.o
                0x08005620                HAL_MspInit
 .text.HAL_ADC_MspInit
                0x08005688       0xe8 ./Core/Src/stm32f4xx_hal_msp.o
                0x08005688                HAL_ADC_MspInit
 .text.HAL_I2C_MspInit
                0x08005770       0x90 ./Core/Src/stm32f4xx_hal_msp.o
                0x08005770                HAL_I2C_MspInit
 .text.HAL_TIM_Base_MspInit
                0x08005800      0x138 ./Core/Src/stm32f4xx_hal_msp.o
                0x08005800                HAL_TIM_Base_MspInit
 .text.HAL_TIM_Encoder_MspInit
                0x08005938      0x134 ./Core/Src/stm32f4xx_hal_msp.o
                0x08005938                HAL_TIM_Encoder_MspInit
 .text.HAL_TIM_IC_MspInit
                0x08005a6c       0xa0 ./Core/Src/stm32f4xx_hal_msp.o
                0x08005a6c                HAL_TIM_IC_MspInit
 .text.HAL_TIM_MspPostInit
                0x08005b0c       0x74 ./Core/Src/stm32f4xx_hal_msp.o
                0x08005b0c                HAL_TIM_MspPostInit
 .text.HAL_UART_MspInit
                0x08005b80       0xa0 ./Core/Src/stm32f4xx_hal_msp.o
                0x08005b80                HAL_UART_MspInit
 .text.NMI_Handler
                0x08005c20        0x8 ./Core/Src/stm32f4xx_it.o
                0x08005c20                NMI_Handler
 .text.HardFault_Handler
                0x08005c28        0x8 ./Core/Src/stm32f4xx_it.o
                0x08005c28                HardFault_Handler
 .text.MemManage_Handler
                0x08005c30        0x8 ./Core/Src/stm32f4xx_it.o
                0x08005c30                MemManage_Handler
 .text.BusFault_Handler
                0x08005c38        0x8 ./Core/Src/stm32f4xx_it.o
                0x08005c38                BusFault_Handler
 .text.UsageFault_Handler
                0x08005c40        0x8 ./Core/Src/stm32f4xx_it.o
                0x08005c40                UsageFault_Handler
 .text.DebugMon_Handler
                0x08005c48        0xe ./Core/Src/stm32f4xx_it.o
                0x08005c48                DebugMon_Handler
 .text.SysTick_Handler
                0x08005c56       0x1a ./Core/Src/stm32f4xx_it.o
                0x08005c56                SysTick_Handler
 .text.RCC_IRQHandler
                0x08005c70        0xe ./Core/Src/stm32f4xx_it.o
                0x08005c70                RCC_IRQHandler
 *fill*         0x08005c7e        0x2 
 .text.TIM1_CC_IRQHandler
                0x08005c80       0x14 ./Core/Src/stm32f4xx_it.o
                0x08005c80                TIM1_CC_IRQHandler
 .text.TIM4_IRQHandler
                0x08005c94       0x14 ./Core/Src/stm32f4xx_it.o
                0x08005c94                TIM4_IRQHandler
 .text.USART3_IRQHandler
                0x08005ca8       0x14 ./Core/Src/stm32f4xx_it.o
                0x08005ca8                USART3_IRQHandler
 .text._getpid  0x08005cbc       0x10 ./Core/Src/syscalls.o
                0x08005cbc                _getpid
 .text._kill    0x08005ccc       0x20 ./Core/Src/syscalls.o
                0x08005ccc                _kill
 .text._exit    0x08005cec       0x16 ./Core/Src/syscalls.o
                0x08005cec                _exit
 .text._read    0x08005d02       0x3a ./Core/Src/syscalls.o
                0x08005d02                _read
 .text._write   0x08005d3c       0x38 ./Core/Src/syscalls.o
                0x08005d3c                _write
 .text._close   0x08005d74       0x18 ./Core/Src/syscalls.o
                0x08005d74                _close
 .text._fstat   0x08005d8c       0x20 ./Core/Src/syscalls.o
                0x08005d8c                _fstat
 .text._isatty  0x08005dac       0x16 ./Core/Src/syscalls.o
                0x08005dac                _isatty
 .text._lseek   0x08005dc2       0x1a ./Core/Src/syscalls.o
                0x08005dc2                _lseek
 .text._sbrk    0x08005ddc       0x6c ./Core/Src/sysmem.o
                0x08005ddc                _sbrk
 .text.SystemInit
                0x08005e48       0x24 ./Core/Src/system_stm32f4xx.o
                0x08005e48                SystemInit
 .text.Reset_Handler
                0x08005e6c       0x50 ./Core/Startup/startup_stm32f407vetx.o
                0x08005e6c                Reset_Handler
 .text.Default_Handler
                0x08005ebc        0x2 ./Core/Startup/startup_stm32f407vetx.o
                0x08005ebc                RTC_Alarm_IRQHandler
                0x08005ebc                HASH_RNG_IRQHandler
                0x08005ebc                EXTI2_IRQHandler
                0x08005ebc                TIM8_CC_IRQHandler
                0x08005ebc                DMA2_Stream5_IRQHandler
                0x08005ebc                DMA1_Stream5_IRQHandler
                0x08005ebc                PVD_IRQHandler
                0x08005ebc                SDIO_IRQHandler
                0x08005ebc                TAMP_STAMP_IRQHandler
                0x08005ebc                CAN2_RX1_IRQHandler
                0x08005ebc                EXTI3_IRQHandler
                0x08005ebc                TIM8_TRG_COM_TIM14_IRQHandler
                0x08005ebc                TIM1_UP_TIM10_IRQHandler
                0x08005ebc                TIM8_UP_TIM13_IRQHandler
                0x08005ebc                I2C3_ER_IRQHandler
                0x08005ebc                EXTI0_IRQHandler
                0x08005ebc                I2C2_EV_IRQHandler
                0x08005ebc                DMA1_Stream2_IRQHandler
                0x08005ebc                CAN1_RX0_IRQHandler
                0x08005ebc                FPU_IRQHandler
                0x08005ebc                OTG_HS_WKUP_IRQHandler
                0x08005ebc                CAN2_SCE_IRQHandler
                0x08005ebc                DMA2_Stream2_IRQHandler
                0x08005ebc                SPI1_IRQHandler
                0x08005ebc                TIM6_DAC_IRQHandler
                0x08005ebc                TIM1_BRK_TIM9_IRQHandler
                0x08005ebc                DCMI_IRQHandler
                0x08005ebc                CAN2_RX0_IRQHandler
                0x08005ebc                DMA2_Stream3_IRQHandler
                0x08005ebc                USART6_IRQHandler
                0x08005ebc                CAN1_RX1_IRQHandler
                0x08005ebc                UART5_IRQHandler
                0x08005ebc                DMA2_Stream0_IRQHandler
                0x08005ebc                I2C1_EV_IRQHandler
                0x08005ebc                DMA1_Stream6_IRQHandler
                0x08005ebc                DMA1_Stream1_IRQHandler
                0x08005ebc                UART4_IRQHandler
                0x08005ebc                TIM3_IRQHandler
                0x08005ebc                TIM8_BRK_TIM12_IRQHandler
                0x08005ebc                Default_Handler
                0x08005ebc                EXTI15_10_IRQHandler
                0x08005ebc                ADC_IRQHandler
                0x08005ebc                DMA1_Stream7_IRQHandler
                0x08005ebc                TIM7_IRQHandler
                0x08005ebc                CAN2_TX_IRQHandler
                0x08005ebc                TIM5_IRQHandler
                0x08005ebc                DMA2_Stream7_IRQHandler
                0x08005ebc                I2C3_EV_IRQHandler
                0x08005ebc                EXTI9_5_IRQHandler
                0x08005ebc                RTC_WKUP_IRQHandler
                0x08005ebc                ETH_WKUP_IRQHandler
                0x08005ebc                SPI2_IRQHandler
                0x08005ebc                OTG_HS_EP1_IN_IRQHandler
                0x08005ebc                DMA1_Stream0_IRQHandler
                0x08005ebc                CAN1_TX_IRQHandler
                0x08005ebc                EXTI4_IRQHandler
                0x08005ebc                FSMC_IRQHandler
                0x08005ebc                ETH_IRQHandler
                0x08005ebc                OTG_HS_EP1_OUT_IRQHandler
                0x08005ebc                WWDG_IRQHandler
                0x08005ebc                TIM2_IRQHandler
                0x08005ebc                OTG_FS_WKUP_IRQHandler
                0x08005ebc                TIM1_TRG_COM_TIM11_IRQHandler
                0x08005ebc                OTG_HS_IRQHandler
                0x08005ebc                EXTI1_IRQHandler
                0x08005ebc                USART2_IRQHandler
                0x08005ebc                I2C2_ER_IRQHandler
                0x08005ebc                DMA2_Stream1_IRQHandler
                0x08005ebc                CAN1_SCE_IRQHandler
                0x08005ebc                FLASH_IRQHandler
                0x08005ebc                DMA2_Stream4_IRQHandler
                0x08005ebc                USART1_IRQHandler
                0x08005ebc                OTG_FS_IRQHandler
                0x08005ebc                SPI3_IRQHandler
                0x08005ebc                DMA1_Stream4_IRQHandler
                0x08005ebc                I2C1_ER_IRQHandler
                0x08005ebc                DMA2_Stream6_IRQHandler
                0x08005ebc                DMA1_Stream3_IRQHandler
 *fill*         0x08005ebe        0x2 
 .text.HAL_Init
                0x08005ec0       0x44 ./Drivers/STM32F4xx_HAL_Driver/Src/stm32f4xx_hal.o
                0x08005ec0                HAL_Init
 .text.HAL_InitTick
                0x08005f04       0x60 ./Drivers/STM32F4xx_HAL_Driver/Src/stm32f4xx_hal.o
                0x08005f04                HAL_InitTick
 .text.HAL_IncTick
                0x08005f64       0x28 ./Drivers/STM32F4xx_HAL_Driver/Src/stm32f4xx_hal.o
                0x08005f64                HAL_IncTick
 .text.HAL_GetTick
                0x08005f8c       0x18 ./Drivers/STM32F4xx_HAL_Driver/Src/stm32f4xx_hal.o
                0x08005f8c                HAL_GetTick
 .text.HAL_Delay
                0x08005fa4       0x48 ./Drivers/STM32F4xx_HAL_Driver/Src/stm32f4xx_hal.o
                0x08005fa4                HAL_Delay
 .text.HAL_ADC_Init
                0x08005fec       0x86 ./Drivers/STM32F4xx_HAL_Driver/Src/stm32f4xx_hal_adc.o
                0x08005fec                HAL_ADC_Init
 *fill*         0x08006072        0x2 
 .text.HAL_ADC_Start
                0x08006074      0x1a4 ./Drivers/STM32F4xx_HAL_Driver/Src/stm32f4xx_hal_adc.o
                0x08006074                HAL_ADC_Start
 .text.HAL_ADC_Stop
                0x08006218       0x66 ./Drivers/STM32F4xx_HAL_Driver/Src/stm32f4xx_hal_adc.o
                0x08006218                HAL_ADC_Stop
 .text.HAL_ADC_PollForConversion
                0x0800627e      0x116 ./Drivers/STM32F4xx_HAL_Driver/Src/stm32f4xx_hal_adc.o
                0x0800627e                HAL_ADC_PollForConversion
 .text.HAL_ADC_GetValue
                0x08006394       0x1a ./Drivers/STM32F4xx_HAL_Driver/Src/stm32f4xx_hal_adc.o
                0x08006394                HAL_ADC_GetValue
 *fill*         0x080063ae        0x2 
 .text.HAL_ADC_ConfigChannel
                0x080063b0      0x244 ./Drivers/STM32F4xx_HAL_Driver/Src/stm32f4xx_hal_adc.o
                0x080063b0                HAL_ADC_ConfigChannel
 .text.ADC_Init
                0x080065f4      0x1f8 ./Drivers/STM32F4xx_HAL_Driver/Src/stm32f4xx_hal_adc.o
 .text.__NVIC_SetPriorityGrouping
                0x080067ec       0x48 ./Drivers/STM32F4xx_HAL_Driver/Src/stm32f4xx_hal_cortex.o
 .text.__NVIC_GetPriorityGrouping
                0x08006834       0x1c ./Drivers/STM32F4xx_HAL_Driver/Src/stm32f4xx_hal_cortex.o
 .text.__NVIC_EnableIRQ
                0x08006850       0x3c ./Drivers/STM32F4xx_HAL_Driver/Src/stm32f4xx_hal_cortex.o
 .text.__NVIC_SetPriority
                0x0800688c       0x54 ./Drivers/STM32F4xx_HAL_Driver/Src/stm32f4xx_hal_cortex.o
 .text.NVIC_EncodePriority
                0x080068e0       0x66 ./Drivers/STM32F4xx_HAL_Driver/Src/stm32f4xx_hal_cortex.o
 *fill*         0x08006946        0x2 
 .text.SysTick_Config
                0x08006948       0x44 ./Drivers/STM32F4xx_HAL_Driver/Src/stm32f4xx_hal_cortex.o
 .text.HAL_NVIC_SetPriorityGrouping
                0x0800698c       0x16 ./Drivers/STM32F4xx_HAL_Driver/Src/stm32f4xx_hal_cortex.o
                0x0800698c                HAL_NVIC_SetPriorityGrouping
 .text.HAL_NVIC_SetPriority
                0x080069a2       0x38 ./Drivers/STM32F4xx_HAL_Driver/Src/stm32f4xx_hal_cortex.o
                0x080069a2                HAL_NVIC_SetPriority
 .text.HAL_NVIC_EnableIRQ
                0x080069da       0x1c ./Drivers/STM32F4xx_HAL_Driver/Src/stm32f4xx_hal_cortex.o
                0x080069da                HAL_NVIC_EnableIRQ
 .text.HAL_SYSTICK_Config
                0x080069f6       0x18 ./Drivers/STM32F4xx_HAL_Driver/Src/stm32f4xx_hal_cortex.o
                0x080069f6                HAL_SYSTICK_Config
 .text.HAL_DMA_Abort
                0x08006a0e       0xe0 ./Drivers/STM32F4xx_HAL_Driver/Src/stm32f4xx_hal_dma.o
                0x08006a0e                HAL_DMA_Abort
 .text.HAL_DMA_Abort_IT
                0x08006aee       0x44 ./Drivers/STM32F4xx_HAL_Driver/Src/stm32f4xx_hal_dma.o
                0x08006aee                HAL_DMA_Abort_IT
 *fill*         0x08006b32        0x2 
 .text.HAL_GPIO_Init
                0x08006b34      0x338 ./Drivers/STM32F4xx_HAL_Driver/Src/stm32f4xx_hal_gpio.o
                0x08006b34                HAL_GPIO_Init
 .text.HAL_GPIO_WritePin
                0x08006e6c       0x32 ./Drivers/STM32F4xx_HAL_Driver/Src/stm32f4xx_hal_gpio.o
                0x08006e6c                HAL_GPIO_WritePin
 *fill*         0x08006e9e        0x2 
 .text.HAL_I2C_Init
                0x08006ea0      0x288 ./Drivers/STM32F4xx_HAL_Driver/Src/stm32f4xx_hal_i2c.o
                0x08006ea0                HAL_I2C_Init
 .text.HAL_I2C_Mem_Write
                0x08007128      0x1f4 ./Drivers/STM32F4xx_HAL_Driver/Src/stm32f4xx_hal_i2c.o
                0x08007128                HAL_I2C_Mem_Write
 .text.HAL_I2C_Mem_Read
                0x0800731c      0x464 ./Drivers/STM32F4xx_HAL_Driver/Src/stm32f4xx_hal_i2c.o
                0x0800731c                HAL_I2C_Mem_Read
 .text.I2C_RequestMemoryWrite
                0x08007780      0x12c ./Drivers/STM32F4xx_HAL_Driver/Src/stm32f4xx_hal_i2c.o
 .text.I2C_RequestMemoryRead
                0x080078ac      0x1d0 ./Drivers/STM32F4xx_HAL_Driver/Src/stm32f4xx_hal_i2c.o
 .text.I2C_WaitOnFlagUntilTimeout
                0x08007a7c       0xf4 ./Drivers/STM32F4xx_HAL_Driver/Src/stm32f4xx_hal_i2c.o
 .text.I2C_WaitOnMasterAddressFlagUntilTimeout
                0x08007b70      0x140 ./Drivers/STM32F4xx_HAL_Driver/Src/stm32f4xx_hal_i2c.o
 .text.I2C_WaitOnTXEFlagUntilTimeout
                0x08007cb0       0x90 ./Drivers/STM32F4xx_HAL_Driver/Src/stm32f4xx_hal_i2c.o
 .text.I2C_WaitOnBTFFlagUntilTimeout
                0x08007d40       0x90 ./Drivers/STM32F4xx_HAL_Driver/Src/stm32f4xx_hal_i2c.o
 .text.I2C_WaitOnRXNEFlagUntilTimeout
                0x08007dd0       0xba ./Drivers/STM32F4xx_HAL_Driver/Src/stm32f4xx_hal_i2c.o
 .text.I2C_IsAcknowledgeFailed
                0x08007e8a       0x5e ./Drivers/STM32F4xx_HAL_Driver/Src/stm32f4xx_hal_i2c.o
 .text.HAL_PWR_EnableBkUpAccess
                0x08007ee8       0x28 ./Drivers/STM32F4xx_HAL_Driver/Src/stm32f4xx_hal_pwr.o
                0x08007ee8                HAL_PWR_EnableBkUpAccess
 .text.HAL_PWR_DisableBkUpAccess
                0x08007f10       0x28 ./Drivers/STM32F4xx_HAL_Driver/Src/stm32f4xx_hal_pwr.o
                0x08007f10                HAL_PWR_DisableBkUpAccess
 .text.HAL_RCC_OscConfig
                0x08007f38      0x4f0 ./Drivers/STM32F4xx_HAL_Driver/Src/stm32f4xx_hal_rcc.o
                0x08007f38                HAL_RCC_OscConfig
 .text.HAL_RCC_ClockConfig
                0x08008428      0x1cc ./Drivers/STM32F4xx_HAL_Driver/Src/stm32f4xx_hal_rcc.o
                0x08008428                HAL_RCC_ClockConfig
 .text.HAL_RCC_GetSysClockFreq
                0x080085f4      0x18c ./Drivers/STM32F4xx_HAL_Driver/Src/stm32f4xx_hal_rcc.o
                0x080085f4                HAL_RCC_GetSysClockFreq
 .text.HAL_RCC_GetHCLKFreq
                0x08008780       0x18 ./Drivers/STM32F4xx_HAL_Driver/Src/stm32f4xx_hal_rcc.o
                0x08008780                HAL_RCC_GetHCLKFreq
 .text.HAL_RCC_GetPCLK1Freq
                0x08008798       0x28 ./Drivers/STM32F4xx_HAL_Driver/Src/stm32f4xx_hal_rcc.o
                0x08008798                HAL_RCC_GetPCLK1Freq
 .text.HAL_RCC_GetPCLK2Freq
                0x080087c0       0x28 ./Drivers/STM32F4xx_HAL_Driver/Src/stm32f4xx_hal_rcc.o
                0x080087c0                HAL_RCC_GetPCLK2Freq
 .text.HAL_TIM_Base_Init
                0x080087e8       0x9e ./Drivers/STM32F4xx_HAL_Driver/Src/stm32f4xx_hal_tim.o
                0x080087e8                HAL_TIM_Base_Init
 .text.HAL_TIM_PWM_Init
                0x08008886       0x9e ./Drivers/STM32F4xx_HAL_Driver/Src/stm32f4xx_hal_tim.o
                0x08008886                HAL_TIM_PWM_Init
 .text.HAL_TIM_PWM_MspInit
                0x08008924       0x14 ./Drivers/STM32F4xx_HAL_Driver/Src/stm32f4xx_hal_tim.o
                0x08008924                HAL_TIM_PWM_MspInit
 .text.HAL_TIM_PWM_Start
                0x08008938      0x190 ./Drivers/STM32F4xx_HAL_Driver/Src/stm32f4xx_hal_tim.o
                0x08008938                HAL_TIM_PWM_Start
 .text.HAL_TIM_IC_Init
                0x08008ac8       0x9e ./Drivers/STM32F4xx_HAL_Driver/Src/stm32f4xx_hal_tim.o
                0x08008ac8                HAL_TIM_IC_Init
 *fill*         0x08008b66        0x2 
 .text.HAL_TIM_IC_Start_IT
                0x08008b68      0x250 ./Drivers/STM32F4xx_HAL_Driver/Src/stm32f4xx_hal_tim.o
                0x08008b68                HAL_TIM_IC_Start_IT
 .text.HAL_TIM_IC_Stop_IT
                0x08008db8      0x15c ./Drivers/STM32F4xx_HAL_Driver/Src/stm32f4xx_hal_tim.o
                0x08008db8                HAL_TIM_IC_Stop_IT
 .text.HAL_TIM_Encoder_Init
                0x08008f14      0x14c ./Drivers/STM32F4xx_HAL_Driver/Src/stm32f4xx_hal_tim.o
                0x08008f14                HAL_TIM_Encoder_Init
 .text.HAL_TIM_Encoder_Start
                0x08009060      0x11c ./Drivers/STM32F4xx_HAL_Driver/Src/stm32f4xx_hal_tim.o
                0x08009060                HAL_TIM_Encoder_Start
 .text.HAL_TIM_IRQHandler
                0x0800917c      0x1e0 ./Drivers/STM32F4xx_HAL_Driver/Src/stm32f4xx_hal_tim.o
                0x0800917c                HAL_TIM_IRQHandler
 .text.HAL_TIM_IC_ConfigChannel
                0x0800935c      0x138 ./Drivers/STM32F4xx_HAL_Driver/Src/stm32f4xx_hal_tim.o
                0x0800935c                HAL_TIM_IC_ConfigChannel
 .text.HAL_TIM_PWM_ConfigChannel
                0x08009494      0x184 ./Drivers/STM32F4xx_HAL_Driver/Src/stm32f4xx_hal_tim.o
                0x08009494                HAL_TIM_PWM_ConfigChannel
 .text.HAL_TIM_ConfigClockSource
                0x08009618      0x18e ./Drivers/STM32F4xx_HAL_Driver/Src/stm32f4xx_hal_tim.o
                0x08009618                HAL_TIM_ConfigClockSource
 *fill*         0x080097a6        0x2 
 .text.HAL_TIM_ReadCapturedValue
                0x080097a8       0x88 ./Drivers/STM32F4xx_HAL_Driver/Src/stm32f4xx_hal_tim.o
                0x080097a8                HAL_TIM_ReadCapturedValue
 .text.HAL_TIM_PeriodElapsedCallback
                0x08009830       0x14 ./Drivers/STM32F4xx_HAL_Driver/Src/stm32f4xx_hal_tim.o
                0x08009830                HAL_TIM_PeriodElapsedCallback
 .text.HAL_TIM_OC_DelayElapsedCallback
                0x08009844       0x14 ./Drivers/STM32F4xx_HAL_Driver/Src/stm32f4xx_hal_tim.o
                0x08009844                HAL_TIM_OC_DelayElapsedCallback
 .text.HAL_TIM_PWM_PulseFinishedCallback
                0x08009858       0x14 ./Drivers/STM32F4xx_HAL_Driver/Src/stm32f4xx_hal_tim.o
                0x08009858                HAL_TIM_PWM_PulseFinishedCallback
 .text.HAL_TIM_TriggerCallback
                0x0800986c       0x14 ./Drivers/STM32F4xx_HAL_Driver/Src/stm32f4xx_hal_tim.o
                0x0800986c                HAL_TIM_TriggerCallback
 .text.TIM_Base_SetConfig
                0x08009880      0x158 ./Drivers/STM32F4xx_HAL_Driver/Src/stm32f4xx_hal_tim.o
                0x08009880                TIM_Base_SetConfig
 .text.TIM_OC1_SetConfig
                0x080099d8       0xe0 ./Drivers/STM32F4xx_HAL_Driver/Src/stm32f4xx_hal_tim.o
 .text.TIM_OC2_SetConfig
                0x08009ab8       0xec ./Drivers/STM32F4xx_HAL_Driver/Src/stm32f4xx_hal_tim.o
                0x08009ab8                TIM_OC2_SetConfig
 .text.TIM_OC3_SetConfig
                0x08009ba4       0xe8 ./Drivers/STM32F4xx_HAL_Driver/Src/stm32f4xx_hal_tim.o
 .text.TIM_OC4_SetConfig
                0x08009c8c       0xac ./Drivers/STM32F4xx_HAL_Driver/Src/stm32f4xx_hal_tim.o
 .text.TIM_TI1_SetConfig
                0x08009d38       0xe8 ./Drivers/STM32F4xx_HAL_Driver/Src/stm32f4xx_hal_tim.o
                0x08009d38                TIM_TI1_SetConfig
 .text.TIM_TI1_ConfigInputStage
                0x08009e20       0x5e ./Drivers/STM32F4xx_HAL_Driver/Src/stm32f4xx_hal_tim.o
 .text.TIM_TI2_SetConfig
                0x08009e7e       0x7a ./Drivers/STM32F4xx_HAL_Driver/Src/stm32f4xx_hal_tim.o
 .text.TIM_TI2_ConfigInputStage
                0x08009ef8       0x60 ./Drivers/STM32F4xx_HAL_Driver/Src/stm32f4xx_hal_tim.o
 .text.TIM_TI3_SetConfig
                0x08009f58       0x78 ./Drivers/STM32F4xx_HAL_Driver/Src/stm32f4xx_hal_tim.o
 .text.TIM_TI4_SetConfig
                0x08009fd0       0x7a ./Drivers/STM32F4xx_HAL_Driver/Src/stm32f4xx_hal_tim.o
 .text.TIM_ITRx_SetConfig
                0x0800a04a       0x36 ./Drivers/STM32F4xx_HAL_Driver/Src/stm32f4xx_hal_tim.o
 .text.TIM_ETR_SetConfig
                0x0800a080       0x40 ./Drivers/STM32F4xx_HAL_Driver/Src/stm32f4xx_hal_tim.o
                0x0800a080                TIM_ETR_SetConfig
 .text.TIM_CCxChannelCmd
                0x0800a0c0       0x4a ./Drivers/STM32F4xx_HAL_Driver/Src/stm32f4xx_hal_tim.o
                0x0800a0c0                TIM_CCxChannelCmd
 *fill*         0x0800a10a        0x2 
 .text.HAL_TIMEx_MasterConfigSynchronization
                0x0800a10c       0xf8 ./Drivers/STM32F4xx_HAL_Driver/Src/stm32f4xx_hal_tim_ex.o
                0x0800a10c                HAL_TIMEx_MasterConfigSynchronization
 .text.HAL_TIMEx_ConfigBreakDeadTime
                0x0800a204       0xa4 ./Drivers/STM32F4xx_HAL_Driver/Src/stm32f4xx_hal_tim_ex.o
                0x0800a204                HAL_TIMEx_ConfigBreakDeadTime
 .text.HAL_TIMEx_CommutCallback
                0x0800a2a8       0x14 ./Drivers/STM32F4xx_HAL_Driver/Src/stm32f4xx_hal_tim_ex.o
                0x0800a2a8                HAL_TIMEx_CommutCallback
 .text.HAL_TIMEx_BreakCallback
                0x0800a2bc       0x14 ./Drivers/STM32F4xx_HAL_Driver/Src/stm32f4xx_hal_tim_ex.o
                0x0800a2bc                HAL_TIMEx_BreakCallback
 .text.HAL_UART_Init
                0x0800a2d0       0xa0 ./Drivers/STM32F4xx_HAL_Driver/Src/stm32f4xx_hal_uart.o
                0x0800a2d0                HAL_UART_Init
 .text.HAL_UART_Transmit
                0x0800a370      0x116 ./Drivers/STM32F4xx_HAL_Driver/Src/stm32f4xx_hal_uart.o
                0x0800a370                HAL_UART_Transmit
 .text.HAL_UART_Receive_IT
                0x0800a486       0x4a ./Drivers/STM32F4xx_HAL_Driver/Src/stm32f4xx_hal_uart.o
                0x0800a486                HAL_UART_Receive_IT
 .text.HAL_UART_IRQHandler
                0x0800a4d0      0x524 ./Drivers/STM32F4xx_HAL_Driver/Src/stm32f4xx_hal_uart.o
                0x0800a4d0                HAL_UART_IRQHandler
 .text.HAL_UART_TxCpltCallback
                0x0800a9f4       0x14 ./Drivers/STM32F4xx_HAL_Driver/Src/stm32f4xx_hal_uart.o
                0x0800a9f4                HAL_UART_TxCpltCallback
 .text.HAL_UART_ErrorCallback
                0x0800aa08       0x14 ./Drivers/STM32F4xx_HAL_Driver/Src/stm32f4xx_hal_uart.o
                0x0800aa08                HAL_UART_ErrorCallback
 .text.HAL_UARTEx_RxEventCallback
                0x0800aa1c       0x18 ./Drivers/STM32F4xx_HAL_Driver/Src/stm32f4xx_hal_uart.o
                0x0800aa1c                HAL_UARTEx_RxEventCallback
 .text.UART_WaitOnFlagUntilTimeout
                0x0800aa34       0xb2 ./Drivers/STM32F4xx_HAL_Driver/Src/stm32f4xx_hal_uart.o
 .text.UART_Start_Receive_IT
                0x0800aae6       0x74 ./Drivers/STM32F4xx_HAL_Driver/Src/stm32f4xx_hal_uart.o
                0x0800aae6                UART_Start_Receive_IT
 .text.UART_EndRxTransfer
                0x0800ab5a       0xc6 ./Drivers/STM32F4xx_HAL_Driver/Src/stm32f4xx_hal_uart.o
 .text.UART_DMAAbortOnError
                0x0800ac20       0x28 ./Drivers/STM32F4xx_HAL_Driver/Src/stm32f4xx_hal_uart.o
 .text.UART_Transmit_IT
                0x0800ac48       0xa0 ./Drivers/STM32F4xx_HAL_Driver/Src/stm32f4xx_hal_uart.o
 .text.UART_EndTransmit_IT
                0x0800ace8       0x30 ./Drivers/STM32F4xx_HAL_Driver/Src/stm32f4xx_hal_uart.o
 .text.UART_Receive_IT
                0x0800ad18      0x17c ./Drivers/STM32F4xx_HAL_Driver/Src/stm32f4xx_hal_uart.o
 .text.UART_SetConfig
                0x0800ae94      0x4e8 ./Drivers/STM32F4xx_HAL_Driver/Src/stm32f4xx_hal_uart.o
 .text.__NVIC_SetPriority
                0x0800b37c       0x54 ./Middlewares/Third_Party/FreeRTOS/Source/CMSIS_RTOS_V2/cmsis_os2.o
 .text.SVC_Setup
                0x0800b3d0       0x12 ./Middlewares/Third_Party/FreeRTOS/Source/CMSIS_RTOS_V2/cmsis_os2.o
 *fill*         0x0800b3e2        0x2 
 .text.osKernelInitialize
                0x0800b3e4       0x48 ./Middlewares/Third_Party/FreeRTOS/Source/CMSIS_RTOS_V2/cmsis_os2.o
                0x0800b3e4                osKernelInitialize
 .text.osKernelStart
                0x0800b42c       0x4c ./Middlewares/Third_Party/FreeRTOS/Source/CMSIS_RTOS_V2/cmsis_os2.o
                0x0800b42c                osKernelStart
 .text.osThreadNew
                0x0800b478      0x124 ./Middlewares/Third_Party/FreeRTOS/Source/CMSIS_RTOS_V2/cmsis_os2.o
                0x0800b478                osThreadNew
 .text.osDelay  0x0800b59c       0x36 ./Middlewares/Third_Party/FreeRTOS/Source/CMSIS_RTOS_V2/cmsis_os2.o
                0x0800b59c                osDelay
 *fill*         0x0800b5d2        0x2 
 .text.vApplicationGetIdleTaskMemory
                0x0800b5d4       0x34 ./Middlewares/Third_Party/FreeRTOS/Source/CMSIS_RTOS_V2/cmsis_os2.o
                0x0800b5d4                vApplicationGetIdleTaskMemory
 .text.vApplicationGetTimerTaskMemory
                0x0800b608       0x34 ./Middlewares/Third_Party/FreeRTOS/Source/CMSIS_RTOS_V2/cmsis_os2.o
                0x0800b608                vApplicationGetTimerTaskMemory
 .text.vListInitialise
                0x0800b63c       0x40 ./Middlewares/Third_Party/FreeRTOS/Source/list.o
                0x0800b63c                vListInitialise
 .text.vListInitialiseItem
                0x0800b67c       0x1a ./Middlewares/Third_Party/FreeRTOS/Source/list.o
                0x0800b67c                vListInitialiseItem
 .text.vListInsertEnd
                0x0800b696       0x48 ./Middlewares/Third_Party/FreeRTOS/Source/list.o
                0x0800b696                vListInsertEnd
 .text.vListInsert
                0x0800b6de       0x72 ./Middlewares/Third_Party/FreeRTOS/Source/list.o
                0x0800b6de                vListInsert
 .text.uxListRemove
                0x0800b750       0x54 ./Middlewares/Third_Party/FreeRTOS/Source/list.o
                0x0800b750                uxListRemove
 .text.xQueueGenericReset
                0x0800b7a4       0xd4 ./Middlewares/Third_Party/FreeRTOS/Source/queue.o
                0x0800b7a4                xQueueGenericReset
 .text.xQueueGenericCreateStatic
                0x0800b878       0xfa ./Middlewares/Third_Party/FreeRTOS/Source/queue.o
                0x0800b878                xQueueGenericCreateStatic
 .text.prvInitialiseNewQueue
                0x0800b972       0x46 ./Middlewares/Third_Party/FreeRTOS/Source/queue.o
 .text.xQueueGenericSend
                0x0800b9b8      0x204 ./Middlewares/Third_Party/FreeRTOS/Source/queue.o
                0x0800b9b8                xQueueGenericSend
 .text.xQueueGenericSendFromISR
                0x0800bbbc      0x13c ./Middlewares/Third_Party/FreeRTOS/Source/queue.o
                0x0800bbbc                xQueueGenericSendFromISR
 .text.xQueueReceive
                0x0800bcf8      0x1c4 ./Middlewares/Third_Party/FreeRTOS/Source/queue.o
                0x0800bcf8                xQueueReceive
 .text.prvCopyDataToQueue
                0x0800bebc       0xd4 ./Middlewares/Third_Party/FreeRTOS/Source/queue.o
 .text.prvCopyDataFromQueue
                0x0800bf90       0x4c ./Middlewares/Third_Party/FreeRTOS/Source/queue.o
 .text.prvUnlockQueue
                0x0800bfdc       0xa4 ./Middlewares/Third_Party/FreeRTOS/Source/queue.o
 .text.prvIsQueueEmpty
                0x0800c080       0x2c ./Middlewares/Third_Party/FreeRTOS/Source/queue.o
 .text.prvIsQueueFull
                0x0800c0ac       0x30 ./Middlewares/Third_Party/FreeRTOS/Source/queue.o
 .text.vQueueAddToRegistry
                0x0800c0dc       0x54 ./Middlewares/Third_Party/FreeRTOS/Source/queue.o
                0x0800c0dc                vQueueAddToRegistry
 .text.vQueueWaitForMessageRestricted
                0x0800c130       0x68 ./Middlewares/Third_Party/FreeRTOS/Source/queue.o
                0x0800c130                vQueueWaitForMessageRestricted
 .text.xTaskCreateStatic
                0x0800c198       0xc0 ./Middlewares/Third_Party/FreeRTOS/Source/tasks.o
                0x0800c198                xTaskCreateStatic
 .text.xTaskCreate
                0x0800c258       0x8a ./Middlewares/Third_Party/FreeRTOS/Source/tasks.o
                0x0800c258                xTaskCreate
 .text.prvInitialiseNewTask
                0x0800c2e2      0x120 ./Middlewares/Third_Party/FreeRTOS/Source/tasks.o
 *fill*         0x0800c402        0x2 
 .text.prvAddNewTaskToReadyList
                0x0800c404       0xe0 ./Middlewares/Third_Party/FreeRTOS/Source/tasks.o
 .text.vTaskDelay
                0x0800c4e4       0x6c ./Middlewares/Third_Party/FreeRTOS/Source/tasks.o
                0x0800c4e4                vTaskDelay
 .text.vTaskSuspend
                0x0800c550       0xec ./Middlewares/Third_Party/FreeRTOS/Source/tasks.o
                0x0800c550                vTaskSuspend
 .text.vTaskStartScheduler
                0x0800c63c       0xd0 ./Middlewares/Third_Party/FreeRTOS/Source/tasks.o
                0x0800c63c                vTaskStartScheduler
 .text.vTaskSuspendAll
                0x0800c70c       0x1c ./Middlewares/Third_Party/FreeRTOS/Source/tasks.o
                0x0800c70c                vTaskSuspendAll
 .text.xTaskResumeAll
                0x0800c728      0x13c ./Middlewares/Third_Party/FreeRTOS/Source/tasks.o
                0x0800c728                xTaskResumeAll
 .text.xTaskGetTickCount
                0x0800c864       0x20 ./Middlewares/Third_Party/FreeRTOS/Source/tasks.o
                0x0800c864                xTaskGetTickCount
 .text.xTaskIncrementTick
                0x0800c884      0x174 ./Middlewares/Third_Party/FreeRTOS/Source/tasks.o
                0x0800c884                xTaskIncrementTick
 .text.vTaskSwitchContext
                0x0800c9f8       0xbc ./Middlewares/Third_Party/FreeRTOS/Source/tasks.o
                0x0800c9f8                vTaskSwitchContext
 .text.vTaskPlaceOnEventList
                0x0800cab4       0x4c ./Middlewares/Third_Party/FreeRTOS/Source/tasks.o
                0x0800cab4                vTaskPlaceOnEventList
 .text.vTaskPlaceOnEventListRestricted
                0x0800cb00       0x58 ./Middlewares/Third_Party/FreeRTOS/Source/tasks.o
                0x0800cb00                vTaskPlaceOnEventListRestricted
 .text.xTaskRemoveFromEventList
                0x0800cb58       0xc8 ./Middlewares/Third_Party/FreeRTOS/Source/tasks.o
                0x0800cb58                xTaskRemoveFromEventList
 .text.vTaskInternalSetTimeOutState
                0x0800cc20       0x2c ./Middlewares/Third_Party/FreeRTOS/Source/tasks.o
                0x0800cc20                vTaskInternalSetTimeOutState
 .text.xTaskCheckForTimeOut
                0x0800cc4c       0xc8 ./Middlewares/Third_Party/FreeRTOS/Source/tasks.o
                0x0800cc4c                xTaskCheckForTimeOut
 .text.vTaskMissedYield
                0x0800cd14       0x18 ./Middlewares/Third_Party/FreeRTOS/Source/tasks.o
                0x0800cd14                vTaskMissedYield
 .text.prvIdleTask
                0x0800cd2c       0x30 ./Middlewares/Third_Party/FreeRTOS/Source/tasks.o
 .text.prvInitialiseTaskLists
                0x0800cd5c       0x80 ./Middlewares/Third_Party/FreeRTOS/Source/tasks.o
 .text.prvCheckTasksWaitingTermination
                0x0800cddc       0x5c ./Middlewares/Third_Party/FreeRTOS/Source/tasks.o
 .text.prvDeleteTCB
                0x0800ce38       0x60 ./Middlewares/Third_Party/FreeRTOS/Source/tasks.o
 .text.prvResetNextTaskUnblockTime
                0x0800ce98       0x40 ./Middlewares/Third_Party/FreeRTOS/Source/tasks.o
 .text.xTaskGetSchedulerState
                0x0800ced8       0x3c ./Middlewares/Third_Party/FreeRTOS/Source/tasks.o
                0x0800ced8                xTaskGetSchedulerState
 .text.xTaskPriorityDisinherit
                0x0800cf14       0xe0 ./Middlewares/Third_Party/FreeRTOS/Source/tasks.o
                0x0800cf14                xTaskPriorityDisinherit
 .text.prvAddCurrentTaskToDelayedList
                0x0800cff4       0xa8 ./Middlewares/Third_Party/FreeRTOS/Source/tasks.o
 .text.xTimerCreateTimerTask
                0x0800d09c       0x94 ./Middlewares/Third_Party/FreeRTOS/Source/timers.o
                0x0800d09c                xTimerCreateTimerTask
 .text.xTimerGenericCommand
                0x0800d130       0x9c ./Middlewares/Third_Party/FreeRTOS/Source/timers.o
                0x0800d130                xTimerGenericCommand
 .text.prvProcessExpiredTimer
                0x0800d1cc       0x9c ./Middlewares/Third_Party/FreeRTOS/Source/timers.o
 .text.prvTimerTask
                0x0800d268       0x26 ./Middlewares/Third_Party/FreeRTOS/Source/timers.o
 *fill*         0x0800d28e        0x2 
 .text.prvProcessTimerOrBlockTask
                0x0800d290       0x9c ./Middlewares/Third_Party/FreeRTOS/Source/timers.o
 .text.prvGetNextExpireTime
                0x0800d32c       0x48 ./Middlewares/Third_Party/FreeRTOS/Source/timers.o
 .text.prvSampleTimeNow
                0x0800d374       0x40 ./Middlewares/Third_Party/FreeRTOS/Source/timers.o
 .text.prvInsertTimerInActiveList
                0x0800d3b4       0x84 ./Middlewares/Third_Party/FreeRTOS/Source/timers.o
 .text.prvProcessReceivedCommands
                0x0800d438      0x1cc ./Middlewares/Third_Party/FreeRTOS/Source/timers.o
 .text.prvSwitchTimerLists
                0x0800d604       0xcc ./Middlewares/Third_Party/FreeRTOS/Source/timers.o
 .text.prvCheckForValidListAndQueue
                0x0800d6d0       0x80 ./Middlewares/Third_Party/FreeRTOS/Source/timers.o
 .text.pxPortInitialiseStack
                0x0800d750       0x68 ./Middlewares/Third_Party/FreeRTOS/Source/portable/GCC/ARM_CM4F/port.o
                0x0800d750                pxPortInitialiseStack
 .text.prvTaskExitError
                0x0800d7b8       0x5c ./Middlewares/Third_Party/FreeRTOS/Source/portable/GCC/ARM_CM4F/port.o
 *fill*         0x0800d814        0xc 
 .text.SVC_Handler
                0x0800d820       0x28 ./Middlewares/Third_Party/FreeRTOS/Source/portable/GCC/ARM_CM4F/port.o
                0x0800d820                SVC_Handler
 .text.prvPortStartFirstTask
                0x0800d848       0x28 ./Middlewares/Third_Party/FreeRTOS/Source/portable/GCC/ARM_CM4F/port.o
 .text.xPortStartScheduler
                0x0800d870      0x148 ./Middlewares/Third_Party/FreeRTOS/Source/portable/GCC/ARM_CM4F/port.o
                0x0800d870                xPortStartScheduler
 .text.vPortEnterCritical
                0x0800d9b8       0x64 ./Middlewares/Third_Party/FreeRTOS/Source/portable/GCC/ARM_CM4F/port.o
                0x0800d9b8                vPortEnterCritical
 .text.vPortExitCritical
                0x0800da1c       0x54 ./Middlewares/Third_Party/FreeRTOS/Source/portable/GCC/ARM_CM4F/port.o
                0x0800da1c                vPortExitCritical
 .text.PendSV_Handler
                0x0800da70       0x68 ./Middlewares/Third_Party/FreeRTOS/Source/portable/GCC/ARM_CM4F/port.o
                0x0800da70                PendSV_Handler
 .text.xPortSysTickHandler
                0x0800dad8       0x44 ./Middlewares/Third_Party/FreeRTOS/Source/portable/GCC/ARM_CM4F/port.o
                0x0800dad8                xPortSysTickHandler
 .text.vPortSetupTimerInterrupt
                0x0800db1c       0x48 ./Middlewares/Third_Party/FreeRTOS/Source/portable/GCC/ARM_CM4F/port.o
                0x0800db1c                vPortSetupTimerInterrupt
 .text.vPortEnableVFP
                0x0800db64       0x14 ./Middlewares/Third_Party/FreeRTOS/Source/portable/GCC/ARM_CM4F/port.o
 .text.vPortValidateInterruptPriority
                0x0800db78       0x84 ./Middlewares/Third_Party/FreeRTOS/Source/portable/GCC/ARM_CM4F/port.o
                0x0800db78                vPortValidateInterruptPriority
 .text.pvPortMalloc
                0x0800dbfc      0x19c ./Middlewares/Third_Party/FreeRTOS/Source/portable/MemMang/heap_4.o
                0x0800dbfc                pvPortMalloc
 .text.vPortFree
                0x0800dd98       0xc8 ./Middlewares/Third_Party/FreeRTOS/Source/portable/MemMang/heap_4.o
                0x0800dd98                vPortFree
 .text.prvHeapInit
                0x0800de60       0xc4 ./Middlewares/Third_Party/FreeRTOS/Source/portable/MemMang/heap_4.o
 .text.prvInsertBlockIntoFreeList
                0x0800df24       0xb4 ./Middlewares/Third_Party/FreeRTOS/Source/portable/MemMang/heap_4.o
 .text.atoi     0x0800dfd8        0x8 C:/ST/STM32CubeIDE_1.16.1/STM32CubeIDE/plugins/com.st.stm32cube.ide.mcu.externaltools.gnu-tools-for-stm32.12.3.rel1.win32_1.0.200.202406191623/tools/bin/../lib/gcc/arm-none-eabi/12.3.1/../../../../arm-none-eabi/lib/thumb/v7e-m+fp/hard\libc_nano.a(libc_a-atoi.o)
                0x0800dfd8                atoi
 .text._strtol_l.constprop.0
                0x0800dfe0       0xf4 C:/ST/STM32CubeIDE_1.16.1/STM32CubeIDE/plugins/com.st.stm32cube.ide.mcu.externaltools.gnu-tools-for-stm32.12.3.rel1.win32_1.0.200.202406191623/tools/bin/../lib/gcc/arm-none-eabi/12.3.1/../../../../arm-none-eabi/lib/thumb/v7e-m+fp/hard\libc_nano.a(libc_a-strtol.o)
 .text.strtol   0x0800e0d4       0x14 C:/ST/STM32CubeIDE_1.16.1/STM32CubeIDE/plugins/com.st.stm32cube.ide.mcu.externaltools.gnu-tools-for-stm32.12.3.rel1.win32_1.0.200.202406191623/tools/bin/../lib/gcc/arm-none-eabi/12.3.1/../../../../arm-none-eabi/lib/thumb/v7e-m+fp/hard\libc_nano.a(libc_a-strtol.o)
                0x0800e0d4                strtol
 .text.__cvt    0x0800e0e8       0xca C:/ST/STM32CubeIDE_1.16.1/STM32CubeIDE/plugins/com.st.stm32cube.ide.mcu.externaltools.gnu-tools-for-stm32.12.3.rel1.win32_1.0.200.202406191623/tools/bin/../lib/gcc/arm-none-eabi/12.3.1/../../../../arm-none-eabi/lib/thumb/v7e-m+fp/hard\libc_nano.a(libc_a-nano-vfprintf_float.o)
                0x0800e0e8                __cvt
 .text.__exponent
                0x0800e1b2       0x74 C:/ST/STM32CubeIDE_1.16.1/STM32CubeIDE/plugins/com.st.stm32cube.ide.mcu.externaltools.gnu-tools-for-stm32.12.3.rel1.win32_1.0.200.202406191623/tools/bin/../lib/gcc/arm-none-eabi/12.3.1/../../../../arm-none-eabi/lib/thumb/v7e-m+fp/hard\libc_nano.a(libc_a-nano-vfprintf_float.o)
                0x0800e1b2                __exponent
 *fill*         0x0800e226        0x2 
 .text._printf_float
                0x0800e228      0x454 C:/ST/STM32CubeIDE_1.16.1/STM32CubeIDE/plugins/com.st.stm32cube.ide.mcu.externaltools.gnu-tools-for-stm32.12.3.rel1.win32_1.0.200.202406191623/tools/bin/../lib/gcc/arm-none-eabi/12.3.1/../../../../arm-none-eabi/lib/thumb/v7e-m+fp/hard\libc_nano.a(libc_a-nano-vfprintf_float.o)
                0x0800e228                _printf_float
 .text._printf_common
                0x0800e67c       0xda C:/ST/STM32CubeIDE_1.16.1/STM32CubeIDE/plugins/com.st.stm32cube.ide.mcu.externaltools.gnu-tools-for-stm32.12.3.rel1.win32_1.0.200.202406191623/tools/bin/../lib/gcc/arm-none-eabi/12.3.1/../../../../arm-none-eabi/lib/thumb/v7e-m+fp/hard\libc_nano.a(libc_a-nano-vfprintf_i.o)
                0x0800e67c                _printf_common
 *fill*         0x0800e756        0x2 
 .text._printf_i
                0x0800e758      0x240 C:/ST/STM32CubeIDE_1.16.1/STM32CubeIDE/plugins/com.st.stm32cube.ide.mcu.externaltools.gnu-tools-for-stm32.12.3.rel1.win32_1.0.200.202406191623/tools/bin/../lib/gcc/arm-none-eabi/12.3.1/../../../../arm-none-eabi/lib/thumb/v7e-m+fp/hard\libc_nano.a(libc_a-nano-vfprintf_i.o)
                0x0800e758                _printf_i
 .text.std      0x0800e998       0x6c C:/ST/STM32CubeIDE_1.16.1/STM32CubeIDE/plugins/com.st.stm32cube.ide.mcu.externaltools.gnu-tools-for-stm32.12.3.rel1.win32_1.0.200.202406191623/tools/bin/../lib/gcc/arm-none-eabi/12.3.1/../../../../arm-none-eabi/lib/thumb/v7e-m+fp/hard\libc_nano.a(libc_a-findfp.o)
 .text.stdio_exit_handler
                0x0800ea04       0x18 C:/ST/STM32CubeIDE_1.16.1/STM32CubeIDE/plugins/com.st.stm32cube.ide.mcu.externaltools.gnu-tools-for-stm32.12.3.rel1.win32_1.0.200.202406191623/tools/bin/../lib/gcc/arm-none-eabi/12.3.1/../../../../arm-none-eabi/lib/thumb/v7e-m+fp/hard\libc_nano.a(libc_a-findfp.o)
 .text.cleanup_stdio
                0x0800ea1c       0x40 C:/ST/STM32CubeIDE_1.16.1/STM32CubeIDE/plugins/com.st.stm32cube.ide.mcu.externaltools.gnu-tools-for-stm32.12.3.rel1.win32_1.0.200.202406191623/tools/bin/../lib/gcc/arm-none-eabi/12.3.1/../../../../arm-none-eabi/lib/thumb/v7e-m+fp/hard\libc_nano.a(libc_a-findfp.o)
 .text.global_stdio_init.part.0
                0x0800ea5c       0x3c C:/ST/STM32CubeIDE_1.16.1/STM32CubeIDE/plugins/com.st.stm32cube.ide.mcu.externaltools.gnu-tools-for-stm32.12.3.rel1.win32_1.0.200.202406191623/tools/bin/../lib/gcc/arm-none-eabi/12.3.1/../../../../arm-none-eabi/lib/thumb/v7e-m+fp/hard\libc_nano.a(libc_a-findfp.o)
 .text.__sfp_lock_acquire
                0x0800ea98        0xc C:/ST/STM32CubeIDE_1.16.1/STM32CubeIDE/plugins/com.st.stm32cube.ide.mcu.externaltools.gnu-tools-for-stm32.12.3.rel1.win32_1.0.200.202406191623/tools/bin/../lib/gcc/arm-none-eabi/12.3.1/../../../../arm-none-eabi/lib/thumb/v7e-m+fp/hard\libc_nano.a(libc_a-findfp.o)
                0x0800ea98                __sfp_lock_acquire
 .text.__sfp_lock_release
                0x0800eaa4        0xc C:/ST/STM32CubeIDE_1.16.1/STM32CubeIDE/plugins/com.st.stm32cube.ide.mcu.externaltools.gnu-tools-for-stm32.12.3.rel1.win32_1.0.200.202406191623/tools/bin/../lib/gcc/arm-none-eabi/12.3.1/../../../../arm-none-eabi/lib/thumb/v7e-m+fp/hard\libc_nano.a(libc_a-findfp.o)
                0x0800eaa4                __sfp_lock_release
 .text.__sinit  0x0800eab0       0x30 C:/ST/STM32CubeIDE_1.16.1/STM32CubeIDE/plugins/com.st.stm32cube.ide.mcu.externaltools.gnu-tools-for-stm32.12.3.rel1.win32_1.0.200.202406191623/tools/bin/../lib/gcc/arm-none-eabi/12.3.1/../../../../arm-none-eabi/lib/thumb/v7e-m+fp/hard\libc_nano.a(libc_a-findfp.o)
                0x0800eab0                __sinit
 .text._fwalk_sglue
                0x0800eae0       0x3c C:/ST/STM32CubeIDE_1.16.1/STM32CubeIDE/plugins/com.st.stm32cube.ide.mcu.externaltools.gnu-tools-for-stm32.12.3.rel1.win32_1.0.200.202406191623/tools/bin/../lib/gcc/arm-none-eabi/12.3.1/../../../../arm-none-eabi/lib/thumb/v7e-m+fp/hard\libc_nano.a(libc_a-fwalk.o)
                0x0800eae0                _fwalk_sglue
 .text.snprintf
                0x0800eb1c       0x68 C:/ST/STM32CubeIDE_1.16.1/STM32CubeIDE/plugins/com.st.stm32cube.ide.mcu.externaltools.gnu-tools-for-stm32.12.3.rel1.win32_1.0.200.202406191623/tools/bin/../lib/gcc/arm-none-eabi/12.3.1/../../../../arm-none-eabi/lib/thumb/v7e-m+fp/hard\libc_nano.a(libc_a-snprintf.o)
                0x0800eb1c                sniprintf
                0x0800eb1c                snprintf
 .text.sprintf  0x0800eb84       0x40 C:/ST/STM32CubeIDE_1.16.1/STM32CubeIDE/plugins/com.st.stm32cube.ide.mcu.externaltools.gnu-tools-for-stm32.12.3.rel1.win32_1.0.200.202406191623/tools/bin/../lib/gcc/arm-none-eabi/12.3.1/../../../../arm-none-eabi/lib/thumb/v7e-m+fp/hard\libc_nano.a(libc_a-sprintf.o)
                0x0800eb84                siprintf
                0x0800eb84                sprintf
 .text.__sread  0x0800ebc4       0x22 C:/ST/STM32CubeIDE_1.16.1/STM32CubeIDE/plugins/com.st.stm32cube.ide.mcu.externaltools.gnu-tools-for-stm32.12.3.rel1.win32_1.0.200.202406191623/tools/bin/../lib/gcc/arm-none-eabi/12.3.1/../../../../arm-none-eabi/lib/thumb/v7e-m+fp/hard\libc_nano.a(libc_a-stdio.o)
                0x0800ebc4                __sread
 .text.__swrite
                0x0800ebe6       0x38 C:/ST/STM32CubeIDE_1.16.1/STM32CubeIDE/plugins/com.st.stm32cube.ide.mcu.externaltools.gnu-tools-for-stm32.12.3.rel1.win32_1.0.200.202406191623/tools/bin/../lib/gcc/arm-none-eabi/12.3.1/../../../../arm-none-eabi/lib/thumb/v7e-m+fp/hard\libc_nano.a(libc_a-stdio.o)
                0x0800ebe6                __swrite
 .text.__sseek  0x0800ec1e       0x24 C:/ST/STM32CubeIDE_1.16.1/STM32CubeIDE/plugins/com.st.stm32cube.ide.mcu.externaltools.gnu-tools-for-stm32.12.3.rel1.win32_1.0.200.202406191623/tools/bin/../lib/gcc/arm-none-eabi/12.3.1/../../../../arm-none-eabi/lib/thumb/v7e-m+fp/hard\libc_nano.a(libc_a-stdio.o)
                0x0800ec1e                __sseek
 .text.__sclose
                0x0800ec42        0x8 C:/ST/STM32CubeIDE_1.16.1/STM32CubeIDE/plugins/com.st.stm32cube.ide.mcu.externaltools.gnu-tools-for-stm32.12.3.rel1.win32_1.0.200.202406191623/tools/bin/../lib/gcc/arm-none-eabi/12.3.1/../../../../arm-none-eabi/lib/thumb/v7e-m+fp/hard\libc_nano.a(libc_a-stdio.o)
                0x0800ec42                __sclose
 .text.memset   0x0800ec4a       0x10 C:/ST/STM32CubeIDE_1.16.1/STM32CubeIDE/plugins/com.st.stm32cube.ide.mcu.externaltools.gnu-tools-for-stm32.12.3.rel1.win32_1.0.200.202406191623/tools/bin/../lib/gcc/arm-none-eabi/12.3.1/../../../../arm-none-eabi/lib/thumb/v7e-m+fp/hard\libc_nano.a(libc_a-memset.o)
                0x0800ec4a                memset
 *fill*         0x0800ec5a        0x2 
 .text._localeconv_r
                0x0800ec5c        0x8 C:/ST/STM32CubeIDE_1.16.1/STM32CubeIDE/plugins/com.st.stm32cube.ide.mcu.externaltools.gnu-tools-for-stm32.12.3.rel1.win32_1.0.200.202406191623/tools/bin/../lib/gcc/arm-none-eabi/12.3.1/../../../../arm-none-eabi/lib/thumb/v7e-m+fp/hard\libc_nano.a(libc_a-localeconv.o)
                0x0800ec5c                _localeconv_r
 .text._close_r
                0x0800ec64       0x20 C:/ST/STM32CubeIDE_1.16.1/STM32CubeIDE/plugins/com.st.stm32cube.ide.mcu.externaltools.gnu-tools-for-stm32.12.3.rel1.win32_1.0.200.202406191623/tools/bin/../lib/gcc/arm-none-eabi/12.3.1/../../../../arm-none-eabi/lib/thumb/v7e-m+fp/hard\libc_nano.a(libc_a-closer.o)
                0x0800ec64                _close_r
 .text._lseek_r
                0x0800ec84       0x24 C:/ST/STM32CubeIDE_1.16.1/STM32CubeIDE/plugins/com.st.stm32cube.ide.mcu.externaltools.gnu-tools-for-stm32.12.3.rel1.win32_1.0.200.202406191623/tools/bin/../lib/gcc/arm-none-eabi/12.3.1/../../../../arm-none-eabi/lib/thumb/v7e-m+fp/hard\libc_nano.a(libc_a-lseekr.o)
                0x0800ec84                _lseek_r
 .text._read_r  0x0800eca8       0x24 C:/ST/STM32CubeIDE_1.16.1/STM32CubeIDE/plugins/com.st.stm32cube.ide.mcu.externaltools.gnu-tools-for-stm32.12.3.rel1.win32_1.0.200.202406191623/tools/bin/../lib/gcc/arm-none-eabi/12.3.1/../../../../arm-none-eabi/lib/thumb/v7e-m+fp/hard\libc_nano.a(libc_a-readr.o)
                0x0800eca8                _read_r
 .text._write_r
                0x0800eccc       0x24 C:/ST/STM32CubeIDE_1.16.1/STM32CubeIDE/plugins/com.st.stm32cube.ide.mcu.externaltools.gnu-tools-for-stm32.12.3.rel1.win32_1.0.200.202406191623/tools/bin/../lib/gcc/arm-none-eabi/12.3.1/../../../../arm-none-eabi/lib/thumb/v7e-m+fp/hard\libc_nano.a(libc_a-writer.o)
                0x0800eccc                _write_r
 .text.__errno  0x0800ecf0        0xc C:/ST/STM32CubeIDE_1.16.1/STM32CubeIDE/plugins/com.st.stm32cube.ide.mcu.externaltools.gnu-tools-for-stm32.12.3.rel1.win32_1.0.200.202406191623/tools/bin/../lib/gcc/arm-none-eabi/12.3.1/../../../../arm-none-eabi/lib/thumb/v7e-m+fp/hard\libc_nano.a(libc_a-errno.o)
                0x0800ecf0                __errno
 .text.__libc_init_array
                0x0800ecfc       0x48 C:/ST/STM32CubeIDE_1.16.1/STM32CubeIDE/plugins/com.st.stm32cube.ide.mcu.externaltools.gnu-tools-for-stm32.12.3.rel1.win32_1.0.200.202406191623/tools/bin/../lib/gcc/arm-none-eabi/12.3.1/../../../../arm-none-eabi/lib/thumb/v7e-m+fp/hard\libc_nano.a(libc_a-init.o)
                0x0800ecfc                __libc_init_array
 .text.__retarget_lock_init_recursive
                0x0800ed44        0x2 C:/ST/STM32CubeIDE_1.16.1/STM32CubeIDE/plugins/com.st.stm32cube.ide.mcu.externaltools.gnu-tools-for-stm32.12.3.rel1.win32_1.0.200.202406191623/tools/bin/../lib/gcc/arm-none-eabi/12.3.1/../../../../arm-none-eabi/lib/thumb/v7e-m+fp/hard\libc_nano.a(libc_a-lock.o)
                0x0800ed44                __retarget_lock_init_recursive
 .text.__retarget_lock_acquire_recursive
                0x0800ed46        0x2 C:/ST/STM32CubeIDE_1.16.1/STM32CubeIDE/plugins/com.st.stm32cube.ide.mcu.externaltools.gnu-tools-for-stm32.12.3.rel1.win32_1.0.200.202406191623/tools/bin/../lib/gcc/arm-none-eabi/12.3.1/../../../../arm-none-eabi/lib/thumb/v7e-m+fp/hard\libc_nano.a(libc_a-lock.o)
                0x0800ed46                __retarget_lock_acquire_recursive
 .text.__retarget_lock_release_recursive
                0x0800ed48        0x2 C:/ST/STM32CubeIDE_1.16.1/STM32CubeIDE/plugins/com.st.stm32cube.ide.mcu.externaltools.gnu-tools-for-stm32.12.3.rel1.win32_1.0.200.202406191623/tools/bin/../lib/gcc/arm-none-eabi/12.3.1/../../../../arm-none-eabi/lib/thumb/v7e-m+fp/hard\libc_nano.a(libc_a-lock.o)
                0x0800ed48                __retarget_lock_release_recursive
 .text.memcpy   0x0800ed4a       0x1c C:/ST/STM32CubeIDE_1.16.1/STM32CubeIDE/plugins/com.st.stm32cube.ide.mcu.externaltools.gnu-tools-for-stm32.12.3.rel1.win32_1.0.200.202406191623/tools/bin/../lib/gcc/arm-none-eabi/12.3.1/../../../../arm-none-eabi/lib/thumb/v7e-m+fp/hard\libc_nano.a(libc_a-memcpy-stub.o)
                0x0800ed4a                memcpy
 .text.quorem   0x0800ed66      0x110 C:/ST/STM32CubeIDE_1.16.1/STM32CubeIDE/plugins/com.st.stm32cube.ide.mcu.externaltools.gnu-tools-for-stm32.12.3.rel1.win32_1.0.200.202406191623/tools/bin/../lib/gcc/arm-none-eabi/12.3.1/../../../../arm-none-eabi/lib/thumb/v7e-m+fp/hard\libc_nano.a(libc_a-dtoa.o)
 *fill*         0x0800ee76        0x2 
 .text._dtoa_r  0x0800ee78      0xb88 C:/ST/STM32CubeIDE_1.16.1/STM32CubeIDE/plugins/com.st.stm32cube.ide.mcu.externaltools.gnu-tools-for-stm32.12.3.rel1.win32_1.0.200.202406191623/tools/bin/../lib/gcc/arm-none-eabi/12.3.1/../../../../arm-none-eabi/lib/thumb/v7e-m+fp/hard\libc_nano.a(libc_a-dtoa.o)
                0x0800ee78                _dtoa_r
 .text._free_r  0x0800fa00       0x94 C:/ST/STM32CubeIDE_1.16.1/STM32CubeIDE/plugins/com.st.stm32cube.ide.mcu.externaltools.gnu-tools-for-stm32.12.3.rel1.win32_1.0.200.202406191623/tools/bin/../lib/gcc/arm-none-eabi/12.3.1/../../../../arm-none-eabi/lib/thumb/v7e-m+fp/hard\libc_nano.a(libc_a-freer.o)
                0x0800fa00                _free_r
 .text.malloc   0x0800fa94       0x10 C:/ST/STM32CubeIDE_1.16.1/STM32CubeIDE/plugins/com.st.stm32cube.ide.mcu.externaltools.gnu-tools-for-stm32.12.3.rel1.win32_1.0.200.202406191623/tools/bin/../lib/gcc/arm-none-eabi/12.3.1/../../../../arm-none-eabi/lib/thumb/v7e-m+fp/hard\libc_nano.a(libc_a-malloc.o)
                0x0800fa94                malloc
 .text.sbrk_aligned
                0x0800faa4       0x44 C:/ST/STM32CubeIDE_1.16.1/STM32CubeIDE/plugins/com.st.stm32cube.ide.mcu.externaltools.gnu-tools-for-stm32.12.3.rel1.win32_1.0.200.202406191623/tools/bin/../lib/gcc/arm-none-eabi/12.3.1/../../../../arm-none-eabi/lib/thumb/v7e-m+fp/hard\libc_nano.a(libc_a-mallocr.o)
 .text._malloc_r
                0x0800fae8      0x100 C:/ST/STM32CubeIDE_1.16.1/STM32CubeIDE/plugins/com.st.stm32cube.ide.mcu.externaltools.gnu-tools-for-stm32.12.3.rel1.win32_1.0.200.202406191623/tools/bin/../lib/gcc/arm-none-eabi/12.3.1/../../../../arm-none-eabi/lib/thumb/v7e-m+fp/hard\libc_nano.a(libc_a-mallocr.o)
                0x0800fae8                _malloc_r
 .text.__malloc_lock
                0x0800fbe8        0xc C:/ST/STM32CubeIDE_1.16.1/STM32CubeIDE/plugins/com.st.stm32cube.ide.mcu.externaltools.gnu-tools-for-stm32.12.3.rel1.win32_1.0.200.202406191623/tools/bin/../lib/gcc/arm-none-eabi/12.3.1/../../../../arm-none-eabi/lib/thumb/v7e-m+fp/hard\libc_nano.a(libc_a-mlock.o)
                0x0800fbe8                __malloc_lock
 .text.__malloc_unlock
                0x0800fbf4        0xc C:/ST/STM32CubeIDE_1.16.1/STM32CubeIDE/plugins/com.st.stm32cube.ide.mcu.externaltools.gnu-tools-for-stm32.12.3.rel1.win32_1.0.200.202406191623/tools/bin/../lib/gcc/arm-none-eabi/12.3.1/../../../../arm-none-eabi/lib/thumb/v7e-m+fp/hard\libc_nano.a(libc_a-mlock.o)
                0x0800fbf4                __malloc_unlock
 .text._Balloc  0x0800fc00       0x80 C:/ST/STM32CubeIDE_1.16.1/STM32CubeIDE/plugins/com.st.stm32cube.ide.mcu.externaltools.gnu-tools-for-stm32.12.3.rel1.win32_1.0.200.202406191623/tools/bin/../lib/gcc/arm-none-eabi/12.3.1/../../../../arm-none-eabi/lib/thumb/v7e-m+fp/hard\libc_nano.a(libc_a-mprec.o)
                0x0800fc00                _Balloc
 .text._Bfree   0x0800fc80       0x44 C:/ST/STM32CubeIDE_1.16.1/STM32CubeIDE/plugins/com.st.stm32cube.ide.mcu.externaltools.gnu-tools-for-stm32.12.3.rel1.win32_1.0.200.202406191623/tools/bin/../lib/gcc/arm-none-eabi/12.3.1/../../../../arm-none-eabi/lib/thumb/v7e-m+fp/hard\libc_nano.a(libc_a-mprec.o)
                0x0800fc80                _Bfree
 .text.__multadd
                0x0800fcc4       0x8c C:/ST/STM32CubeIDE_1.16.1/STM32CubeIDE/plugins/com.st.stm32cube.ide.mcu.externaltools.gnu-tools-for-stm32.12.3.rel1.win32_1.0.200.202406191623/tools/bin/../lib/gcc/arm-none-eabi/12.3.1/../../../../arm-none-eabi/lib/thumb/v7e-m+fp/hard\libc_nano.a(libc_a-mprec.o)
                0x0800fcc4                __multadd
 .text.__hi0bits
                0x0800fd50       0x3e C:/ST/STM32CubeIDE_1.16.1/STM32CubeIDE/plugins/com.st.stm32cube.ide.mcu.externaltools.gnu-tools-for-stm32.12.3.rel1.win32_1.0.200.202406191623/tools/bin/../lib/gcc/arm-none-eabi/12.3.1/../../../../arm-none-eabi/lib/thumb/v7e-m+fp/hard\libc_nano.a(libc_a-mprec.o)
                0x0800fd50                __hi0bits
 .text.__lo0bits
                0x0800fd8e       0x5a C:/ST/STM32CubeIDE_1.16.1/STM32CubeIDE/plugins/com.st.stm32cube.ide.mcu.externaltools.gnu-tools-for-stm32.12.3.rel1.win32_1.0.200.202406191623/tools/bin/../lib/gcc/arm-none-eabi/12.3.1/../../../../arm-none-eabi/lib/thumb/v7e-m+fp/hard\libc_nano.a(libc_a-mprec.o)
                0x0800fd8e                __lo0bits
 .text.__i2b    0x0800fde8       0x2c C:/ST/STM32CubeIDE_1.16.1/STM32CubeIDE/plugins/com.st.stm32cube.ide.mcu.externaltools.gnu-tools-for-stm32.12.3.rel1.win32_1.0.200.202406191623/tools/bin/../lib/gcc/arm-none-eabi/12.3.1/../../../../arm-none-eabi/lib/thumb/v7e-m+fp/hard\libc_nano.a(libc_a-mprec.o)
                0x0800fde8                __i2b
 .text.__multiply
                0x0800fe14      0x154 C:/ST/STM32CubeIDE_1.16.1/STM32CubeIDE/plugins/com.st.stm32cube.ide.mcu.externaltools.gnu-tools-for-stm32.12.3.rel1.win32_1.0.200.202406191623/tools/bin/../lib/gcc/arm-none-eabi/12.3.1/../../../../arm-none-eabi/lib/thumb/v7e-m+fp/hard\libc_nano.a(libc_a-mprec.o)
                0x0800fe14                __multiply
 .text.__pow5mult
                0x0800ff68       0xb4 C:/ST/STM32CubeIDE_1.16.1/STM32CubeIDE/plugins/com.st.stm32cube.ide.mcu.externaltools.gnu-tools-for-stm32.12.3.rel1.win32_1.0.200.202406191623/tools/bin/../lib/gcc/arm-none-eabi/12.3.1/../../../../arm-none-eabi/lib/thumb/v7e-m+fp/hard\libc_nano.a(libc_a-mprec.o)
                0x0800ff68                __pow5mult
 .text.__lshift
                0x0801001c       0xd8 C:/ST/STM32CubeIDE_1.16.1/STM32CubeIDE/plugins/com.st.stm32cube.ide.mcu.externaltools.gnu-tools-for-stm32.12.3.rel1.win32_1.0.200.202406191623/tools/bin/../lib/gcc/arm-none-eabi/12.3.1/../../../../arm-none-eabi/lib/thumb/v7e-m+fp/hard\libc_nano.a(libc_a-mprec.o)
                0x0801001c                __lshift
 .text.__mcmp   0x080100f4       0x36 C:/ST/STM32CubeIDE_1.16.1/STM32CubeIDE/plugins/com.st.stm32cube.ide.mcu.externaltools.gnu-tools-for-stm32.12.3.rel1.win32_1.0.200.202406191623/tools/bin/../lib/gcc/arm-none-eabi/12.3.1/../../../../arm-none-eabi/lib/thumb/v7e-m+fp/hard\libc_nano.a(libc_a-mprec.o)
                0x080100f4                __mcmp
 *fill*         0x0801012a        0x2 
 .text.__mdiff  0x0801012c      0x128 C:/ST/STM32CubeIDE_1.16.1/STM32CubeIDE/plugins/com.st.stm32cube.ide.mcu.externaltools.gnu-tools-for-stm32.12.3.rel1.win32_1.0.200.202406191623/tools/bin/../lib/gcc/arm-none-eabi/12.3.1/../../../../arm-none-eabi/lib/thumb/v7e-m+fp/hard\libc_nano.a(libc_a-mprec.o)
                0x0801012c                __mdiff
 .text.__d2b    0x08010254       0xb0 C:/ST/STM32CubeIDE_1.16.1/STM32CubeIDE/plugins/com.st.stm32cube.ide.mcu.externaltools.gnu-tools-for-stm32.12.3.rel1.win32_1.0.200.202406191623/tools/bin/../lib/gcc/arm-none-eabi/12.3.1/../../../../arm-none-eabi/lib/thumb/v7e-m+fp/hard\libc_nano.a(libc_a-mprec.o)
                0x08010254                __d2b
 .text.__ssputs_r
                0x08010304       0xb6 C:/ST/STM32CubeIDE_1.16.1/STM32CubeIDE/plugins/com.st.stm32cube.ide.mcu.externaltools.gnu-tools-for-stm32.12.3.rel1.win32_1.0.200.202406191623/tools/bin/../lib/gcc/arm-none-eabi/12.3.1/../../../../arm-none-eabi/lib/thumb/v7e-m+fp/hard\libc_nano.a(libc_a-nano-svfprintf.o)
                0x08010304                __ssputs_r
 *fill*         0x080103ba        0x2 
 .text._svfprintf_r
                0x080103bc      0x1f8 C:/ST/STM32CubeIDE_1.16.1/STM32CubeIDE/plugins/com.st.stm32cube.ide.mcu.externaltools.gnu-tools-for-stm32.12.3.rel1.win32_1.0.200.202406191623/tools/bin/../lib/gcc/arm-none-eabi/12.3.1/../../../../arm-none-eabi/lib/thumb/v7e-m+fp/hard\libc_nano.a(libc_a-nano-svfprintf.o)
                0x080103bc                _svfiprintf_r
                0x080103bc                _svfprintf_r
 .text.__sflush_r
                0x080105b4      0x108 C:/ST/STM32CubeIDE_1.16.1/STM32CubeIDE/plugins/com.st.stm32cube.ide.mcu.externaltools.gnu-tools-for-stm32.12.3.rel1.win32_1.0.200.202406191623/tools/bin/../lib/gcc/arm-none-eabi/12.3.1/../../../../arm-none-eabi/lib/thumb/v7e-m+fp/hard\libc_nano.a(libc_a-fflush.o)
                0x080105b4                __sflush_r
 .text._fflush_r
                0x080106bc       0x50 C:/ST/STM32CubeIDE_1.16.1/STM32CubeIDE/plugins/com.st.stm32cube.ide.mcu.externaltools.gnu-tools-for-stm32.12.3.rel1.win32_1.0.200.202406191623/tools/bin/../lib/gcc/arm-none-eabi/12.3.1/../../../../arm-none-eabi/lib/thumb/v7e-m+fp/hard\libc_nano.a(libc_a-fflush.o)
                0x080106bc                _fflush_r
 .text.memmove  0x0801070c       0x34 C:/ST/STM32CubeIDE_1.16.1/STM32CubeIDE/plugins/com.st.stm32cube.ide.mcu.externaltools.gnu-tools-for-stm32.12.3.rel1.win32_1.0.200.202406191623/tools/bin/../lib/gcc/arm-none-eabi/12.3.1/../../../../arm-none-eabi/lib/thumb/v7e-m+fp/hard\libc_nano.a(libc_a-memmove.o)
                0x0801070c                memmove
 .text._sbrk_r  0x08010740       0x20 C:/ST/STM32CubeIDE_1.16.1/STM32CubeIDE/plugins/com.st.stm32cube.ide.mcu.externaltools.gnu-tools-for-stm32.12.3.rel1.win32_1.0.200.202406191623/tools/bin/../lib/gcc/arm-none-eabi/12.3.1/../../../../arm-none-eabi/lib/thumb/v7e-m+fp/hard\libc_nano.a(libc_a-sbrkr.o)
                0x08010740                _sbrk_r
 .text.__assert_func
                0x08010760       0x3c C:/ST/STM32CubeIDE_1.16.1/STM32CubeIDE/plugins/com.st.stm32cube.ide.mcu.externaltools.gnu-tools-for-stm32.12.3.rel1.win32_1.0.200.202406191623/tools/bin/../lib/gcc/arm-none-eabi/12.3.1/../../../../arm-none-eabi/lib/thumb/v7e-m+fp/hard\libc_nano.a(libc_a-assert.o)
                0x08010760                __assert_func
 .text._calloc_r
                0x0801079c       0x28 C:/ST/STM32CubeIDE_1.16.1/STM32CubeIDE/plugins/com.st.stm32cube.ide.mcu.externaltools.gnu-tools-for-stm32.12.3.rel1.win32_1.0.200.202406191623/tools/bin/../lib/gcc/arm-none-eabi/12.3.1/../../../../arm-none-eabi/lib/thumb/v7e-m+fp/hard\libc_nano.a(libc_a-callocr.o)
                0x0801079c                _calloc_r
 .text.__ascii_mbtowc
                0x080107c4       0x24 C:/ST/STM32CubeIDE_1.16.1/STM32CubeIDE/plugins/com.st.stm32cube.ide.mcu.externaltools.gnu-tools-for-stm32.12.3.rel1.win32_1.0.200.202406191623/tools/bin/../lib/gcc/arm-none-eabi/12.3.1/../../../../arm-none-eabi/lib/thumb/v7e-m+fp/hard\libc_nano.a(libc_a-mbtowc_r.o)
                0x080107c4                __ascii_mbtowc
 .text._realloc_r
                0x080107e8       0x5c C:/ST/STM32CubeIDE_1.16.1/STM32CubeIDE/plugins/com.st.stm32cube.ide.mcu.externaltools.gnu-tools-for-stm32.12.3.rel1.win32_1.0.200.202406191623/tools/bin/../lib/gcc/arm-none-eabi/12.3.1/../../../../arm-none-eabi/lib/thumb/v7e-m+fp/hard\libc_nano.a(libc_a-reallocr.o)
                0x080107e8                _realloc_r
 .text.__ascii_wctomb
                0x08010844       0x1a C:/ST/STM32CubeIDE_1.16.1/STM32CubeIDE/plugins/com.st.stm32cube.ide.mcu.externaltools.gnu-tools-for-stm32.12.3.rel1.win32_1.0.200.202406191623/tools/bin/../lib/gcc/arm-none-eabi/12.3.1/../../../../arm-none-eabi/lib/thumb/v7e-m+fp/hard\libc_nano.a(libc_a-wctomb_r.o)
                0x08010844                __ascii_wctomb
 *fill*         0x0801085e        0x2 
 .text.fprintf  0x08010860       0x24 C:/ST/STM32CubeIDE_1.16.1/STM32CubeIDE/plugins/com.st.stm32cube.ide.mcu.externaltools.gnu-tools-for-stm32.12.3.rel1.win32_1.0.200.202406191623/tools/bin/../lib/gcc/arm-none-eabi/12.3.1/../../../../arm-none-eabi/lib/thumb/v7e-m+fp/hard\libc_nano.a(libc_a-fprintf.o)
                0x08010860                fiprintf
                0x08010860                fprintf
 .text.abort    0x08010884        0xe C:/ST/STM32CubeIDE_1.16.1/STM32CubeIDE/plugins/com.st.stm32cube.ide.mcu.externaltools.gnu-tools-for-stm32.12.3.rel1.win32_1.0.200.202406191623/tools/bin/../lib/gcc/arm-none-eabi/12.3.1/../../../../arm-none-eabi/lib/thumb/v7e-m+fp/hard\libc_nano.a(libc_a-abort.o)
                0x08010884                abort
 .text._malloc_usable_size_r
                0x08010892       0x10 C:/ST/STM32CubeIDE_1.16.1/STM32CubeIDE/plugins/com.st.stm32cube.ide.mcu.externaltools.gnu-tools-for-stm32.12.3.rel1.win32_1.0.200.202406191623/tools/bin/../lib/gcc/arm-none-eabi/12.3.1/../../../../arm-none-eabi/lib/thumb/v7e-m+fp/hard\libc_nano.a(libc_a-msizer.o)
                0x08010892                _malloc_usable_size_r
 .text.__sfputc_r
                0x080108a2       0x2e C:/ST/STM32CubeIDE_1.16.1/STM32CubeIDE/plugins/com.st.stm32cube.ide.mcu.externaltools.gnu-tools-for-stm32.12.3.rel1.win32_1.0.200.202406191623/tools/bin/../lib/gcc/arm-none-eabi/12.3.1/../../../../arm-none-eabi/lib/thumb/v7e-m+fp/hard\libc_nano.a(libc_a-nano-vfprintf.o)
 .text.__sfputs_r
                0x080108d0       0x24 C:/ST/STM32CubeIDE_1.16.1/STM32CubeIDE/plugins/com.st.stm32cube.ide.mcu.externaltools.gnu-tools-for-stm32.12.3.rel1.win32_1.0.200.202406191623/tools/bin/../lib/gcc/arm-none-eabi/12.3.1/../../../../arm-none-eabi/lib/thumb/v7e-m+fp/hard\libc_nano.a(libc_a-nano-vfprintf.o)
                0x080108d0                __sfputs_r
 .text._vfprintf_r
                0x080108f4      0x230 C:/ST/STM32CubeIDE_1.16.1/STM32CubeIDE/plugins/com.st.stm32cube.ide.mcu.externaltools.gnu-tools-for-stm32.12.3.rel1.win32_1.0.200.202406191623/tools/bin/../lib/gcc/arm-none-eabi/12.3.1/../../../../arm-none-eabi/lib/thumb/v7e-m+fp/hard\libc_nano.a(libc_a-nano-vfprintf.o)
                0x080108f4                _vfprintf_r
                0x080108f4                _vfiprintf_r
 .text.__swbuf_r
                0x08010b24       0x7c C:/ST/STM32CubeIDE_1.16.1/STM32CubeIDE/plugins/com.st.stm32cube.ide.mcu.externaltools.gnu-tools-for-stm32.12.3.rel1.win32_1.0.200.202406191623/tools/bin/../lib/gcc/arm-none-eabi/12.3.1/../../../../arm-none-eabi/lib/thumb/v7e-m+fp/hard\libc_nano.a(libc_a-wbuf.o)
                0x08010b24                __swbuf_r
 .text.__swsetup_r
                0x08010ba0       0xac C:/ST/STM32CubeIDE_1.16.1/STM32CubeIDE/plugins/com.st.stm32cube.ide.mcu.externaltools.gnu-tools-for-stm32.12.3.rel1.win32_1.0.200.202406191623/tools/bin/../lib/gcc/arm-none-eabi/12.3.1/../../../../arm-none-eabi/lib/thumb/v7e-m+fp/hard\libc_nano.a(libc_a-wsetup.o)
                0x08010ba0                __swsetup_r
 .text._raise_r
                0x08010c4c       0x50 C:/ST/STM32CubeIDE_1.16.1/STM32CubeIDE/plugins/com.st.stm32cube.ide.mcu.externaltools.gnu-tools-for-stm32.12.3.rel1.win32_1.0.200.202406191623/tools/bin/../lib/gcc/arm-none-eabi/12.3.1/../../../../arm-none-eabi/lib/thumb/v7e-m+fp/hard\libc_nano.a(libc_a-signal.o)
                0x08010c4c                _raise_r
 .text.raise    0x08010c9c       0x10 C:/ST/STM32CubeIDE_1.16.1/STM32CubeIDE/plugins/com.st.stm32cube.ide.mcu.externaltools.gnu-tools-for-stm32.12.3.rel1.win32_1.0.200.202406191623/tools/bin/../lib/gcc/arm-none-eabi/12.3.1/../../../../arm-none-eabi/lib/thumb/v7e-m+fp/hard\libc_nano.a(libc_a-signal.o)
                0x08010c9c                raise
 .text._kill_r  0x08010cac       0x24 C:/ST/STM32CubeIDE_1.16.1/STM32CubeIDE/plugins/com.st.stm32cube.ide.mcu.externaltools.gnu-tools-for-stm32.12.3.rel1.win32_1.0.200.202406191623/tools/bin/../lib/gcc/arm-none-eabi/12.3.1/../../../../arm-none-eabi/lib/thumb/v7e-m+fp/hard\libc_nano.a(libc_a-signalr.o)
                0x08010cac                _kill_r
 .text._getpid_r
                0x08010cd0        0x4 C:/ST/STM32CubeIDE_1.16.1/STM32CubeIDE/plugins/com.st.stm32cube.ide.mcu.externaltools.gnu-tools-for-stm32.12.3.rel1.win32_1.0.200.202406191623/tools/bin/../lib/gcc/arm-none-eabi/12.3.1/../../../../arm-none-eabi/lib/thumb/v7e-m+fp/hard\libc_nano.a(libc_a-signalr.o)
                0x08010cd0                _getpid_r
 .text.__swhatbuf_r
                0x08010cd4       0x4c C:/ST/STM32CubeIDE_1.16.1/STM32CubeIDE/plugins/com.st.stm32cube.ide.mcu.externaltools.gnu-tools-for-stm32.12.3.rel1.win32_1.0.200.202406191623/tools/bin/../lib/gcc/arm-none-eabi/12.3.1/../../../../arm-none-eabi/lib/thumb/v7e-m+fp/hard\libc_nano.a(libc_a-makebuf.o)
                0x08010cd4                __swhatbuf_r
 .text.__smakebuf_r
                0x08010d20       0x78 C:/ST/STM32CubeIDE_1.16.1/STM32CubeIDE/plugins/com.st.stm32cube.ide.mcu.externaltools.gnu-tools-for-stm32.12.3.rel1.win32_1.0.200.202406191623/tools/bin/../lib/gcc/arm-none-eabi/12.3.1/../../../../arm-none-eabi/lib/thumb/v7e-m+fp/hard\libc_nano.a(libc_a-makebuf.o)
                0x08010d20                __smakebuf_r
 .text._fstat_r
                0x08010d98       0x24 C:/ST/STM32CubeIDE_1.16.1/STM32CubeIDE/plugins/com.st.stm32cube.ide.mcu.externaltools.gnu-tools-for-stm32.12.3.rel1.win32_1.0.200.202406191623/tools/bin/../lib/gcc/arm-none-eabi/12.3.1/../../../../arm-none-eabi/lib/thumb/v7e-m+fp/hard\libc_nano.a(libc_a-fstatr.o)
                0x08010d98                _fstat_r
 .text._isatty_r
                0x08010dbc       0x20 C:/ST/STM32CubeIDE_1.16.1/STM32CubeIDE/plugins/com.st.stm32cube.ide.mcu.externaltools.gnu-tools-for-stm32.12.3.rel1.win32_1.0.200.202406191623/tools/bin/../lib/gcc/arm-none-eabi/12.3.1/../../../../arm-none-eabi/lib/thumb/v7e-m+fp/hard\libc_nano.a(libc_a-isattyr.o)
                0x08010dbc                _isatty_r
 *(.glue_7)
 .glue_7        0x08010ddc        0x0 linker stubs
 *(.glue_7t)
 .glue_7t       0x08010ddc        0x0 linker stubs
 *(.eh_frame)
 .eh_frame      0x08010ddc        0x0 C:/ST/STM32CubeIDE_1.16.1/STM32CubeIDE/plugins/com.st.stm32cube.ide.mcu.externaltools.gnu-tools-for-stm32.12.3.rel1.win32_1.0.200.202406191623/tools/bin/../lib/gcc/arm-none-eabi/12.3.1/thumb/v7e-m+fp/hard/crtbegin.o
 *(.init)
 .init          0x08010ddc        0x4 C:/ST/STM32CubeIDE_1.16.1/STM32CubeIDE/plugins/com.st.stm32cube.ide.mcu.externaltools.gnu-tools-for-stm32.12.3.rel1.win32_1.0.200.202406191623/tools/bin/../lib/gcc/arm-none-eabi/12.3.1/thumb/v7e-m+fp/hard/crti.o
                0x08010ddc                _init
 .init          0x08010de0        0x8 C:/ST/STM32CubeIDE_1.16.1/STM32CubeIDE/plugins/com.st.stm32cube.ide.mcu.externaltools.gnu-tools-for-stm32.12.3.rel1.win32_1.0.200.202406191623/tools/bin/../lib/gcc/arm-none-eabi/12.3.1/thumb/v7e-m+fp/hard/crtn.o
 *(.fini)
 .fini          0x08010de8        0x4 C:/ST/STM32CubeIDE_1.16.1/STM32CubeIDE/plugins/com.st.stm32cube.ide.mcu.externaltools.gnu-tools-for-stm32.12.3.rel1.win32_1.0.200.202406191623/tools/bin/../lib/gcc/arm-none-eabi/12.3.1/thumb/v7e-m+fp/hard/crti.o
                0x08010de8                _fini
 .fini          0x08010dec        0x8 C:/ST/STM32CubeIDE_1.16.1/STM32CubeIDE/plugins/com.st.stm32cube.ide.mcu.externaltools.gnu-tools-for-stm32.12.3.rel1.win32_1.0.200.202406191623/tools/bin/../lib/gcc/arm-none-eabi/12.3.1/thumb/v7e-m+fp/hard/crtn.o
                0x08010df4                        . = ALIGN (0x4)
                0x08010df4                        _etext = .

.vfp11_veneer   0x08010df4        0x0
 .vfp11_veneer  0x08010df4        0x0 linker stubs

.v4_bx          0x08010df4        0x0
 .v4_bx         0x08010df4        0x0 linker stubs

.iplt           0x08010df4        0x0
 .iplt          0x08010df4        0x0 C:/ST/STM32CubeIDE_1.16.1/STM32CubeIDE/plugins/com.st.stm32cube.ide.mcu.externaltools.gnu-tools-for-stm32.12.3.rel1.win32_1.0.200.202406191623/tools/bin/../lib/gcc/arm-none-eabi/12.3.1/thumb/v7e-m+fp/hard/crtbegin.o

.rodata         0x08010df8      0x6b8
                0x08010df8                        . = ALIGN (0x4)
 *(.rodata)
 .rodata        0x08010df8       0xf7 ./Core/Src/main.o
 *fill*         0x08010eef        0x1 
 .rodata        0x08010ef0        0x5 ./Middlewares/Third_Party/FreeRTOS/Source/tasks.o
 *fill*         0x08010ef5        0x3 
 .rodata        0x08010ef8        0xd ./Middlewares/Third_Party/FreeRTOS/Source/timers.o
 *(.rodata*)
 *fill*         0x08010f05        0x3 
 .rodata.oledTask_attributes
                0x08010f08       0x24 ./Core/Src/main.o
                0x08010f08                oledTask_attributes
 .rodata.commandTask_attributes
                0x08010f2c       0x24 ./Core/Src/main.o
                0x08010f2c                commandTask_attributes
 .rodata.ADCTask_attributes
                0x08010f50       0x24 ./Core/Src/main.o
                0x08010f50                ADCTask_attributes
 .rodata.moveDistTask_attributes
                0x08010f74       0x24 ./Core/Src/main.o
                0x08010f74                moveDistTask_attributes
 .rodata.fastestPathTask_attributes
                0x08010f98       0x24 ./Core/Src/main.o
                0x08010f98                fastestPathTask_attributes
 .rodata.buzzerTask_attributes
                0x08010fbc       0x24 ./Core/Src/main.o
                0x08010fbc                buzzerTask_attributes
 .rodata.FLTask_attributes
                0x08010fe0       0x24 ./Core/Src/main.o
                0x08010fe0                FLTask_attributes
 .rodata.FRTask_attributes
                0x08011004       0x24 ./Core/Src/main.o
                0x08011004                FRTask_attributes
 .rodata.BLTask_attributes
                0x08011028       0x24 ./Core/Src/main.o
                0x08011028                BLTask_attributes
 .rodata.BRTask_attributes
                0x0801104c       0x24 ./Core/Src/main.o
                0x0801104c                BRTask_attributes
 .rodata.fastestPathV2_attributes
                0x08011070       0x24 ./Core/Src/main.o
                0x08011070                fastestPathV2_attributes
 .rodata.batteryTask_attributes
                0x08011094       0x24 ./Core/Src/main.o
                0x08011094                batteryTask_attributes
 .rodata.moveDistObsTask_attributes
                0x080110b8       0x24 ./Core/Src/main.o
                0x080110b8                moveDistObsTask_attributes
 .rodata.SensorTask_attributes
                0x080110dc       0x24 ./Core/Src/main.o
                0x080110dc                SensorTask_attributes
 .rodata.IRTask_attributes
                0x08011100       0x24 ./Core/Src/main.o
                0x08011100                IRTask_attributes
 .rodata.AHBPrescTable
                0x08011124       0x10 ./Core/Src/system_stm32f4xx.o
                0x08011124                AHBPrescTable
 .rodata.APBPrescTable
                0x08011134        0x8 ./Core/Src/system_stm32f4xx.o
                0x08011134                APBPrescTable
 .rodata._ctype_
                0x0801113c      0x101 C:/ST/STM32CubeIDE_1.16.1/STM32CubeIDE/plugins/com.st.stm32cube.ide.mcu.externaltools.gnu-tools-for-stm32.12.3.rel1.win32_1.0.200.202406191623/tools/bin/../lib/gcc/arm-none-eabi/12.3.1/../../../../arm-none-eabi/lib/thumb/v7e-m+fp/hard\libc_nano.a(libc_a-ctype_.o)
                0x0801113c                _ctype_
 .rodata._printf_float.str1.1