../Core/Src/ICM20948.c:27:19:_ICM20948_SelectUserBank	32	static
../Core/Src/ICM20948.c:44:19:_ICM20948_WriteByte	32	static
../Core/Src/ICM20948.c:60:19:_ICM20948_ReadByte	24	static
../Core/Src/ICM20948.c:76:19:_ICM20948_BrustRead	24	static
../Core/Src/ICM20948.c:92:9:ICM20948_isI2cAddress1	8	static
../Core/Src/ICM20948.c:102:9:ICM20948_isI2cAddress2	8	static
../Core/Src/ICM20948.c:112:6:ICM20948_init	16	static
../Core/Src/ICM20948.c:187:6:ICM20948_readGyroscope_allAxises	40	static
../Core/Src/ICM20948.c:224:6:ICM20948_readGyroscope_Z	24	static
../Core/Src/ICM20948.c:235:6:ICM20948_readAccelerometer_allAxises	32	static
../Core/Src/ICM20948.c:272:6:ICM20948_readTemperature	32	static
../Core/Src/ICM20948.c:283:19:_AK09918_BrustRead	24	static
../Core/Src/ICM20948.c:298:19:_AK09918_WriteByte	32	static
../Core/Src/ICM20948.c:313:6:ICM20948_readMagnetometer_allAxises	24	static
