../Core/Src/main.c:1018:6:StartDefaultTask	8	static
../Core/Src/main.c:308:6:SystemClock_Config	88	static,ignoring_inline_asm
../Core/Src/main.c:187:5:main	128	static,ignoring_inline_asm
../Core/Src/main.c:720:6:HAL_UART_RxCpltCallback	64	static
../Core/Src/main.c:831:6:setLeftPWM	0	static
../Core/Src/main.c:835:6:setRightPWM	0	static
../Core/Src/main.c:839:6:motorStop	8	static
../Core/Src/main.c:849:6:moveMotor	16	static
../Core/Src/main.c:879:6:setMotorForward	8	static
../Core/Src/main.c:888:6:setMotorBackward	8	static
../Core/Src/main.c:897:6:turnLeft	0	static
../Core/Src/main.c:901:6:turnRight	0	static
../Core/Src/main.c:905:6:faceFront	0	static
../Core/Src/main.c:910:6:calibrate	0	static
../Core/Src/main.c:915:6:robotTurn	48	static
../Core/Src/main.c:940:10:getEncoderDelta	0	static
../Core/Src/main.c:1055:6:chassisTask	96	static
../Core/Src/main.c:957:6:robotTurnPID	72	static
../Core/Src/main.c:1335:6:enqueue	16	static
../Core/Src/main.c:1464:6:delay_us	0	static
../Core/Src/main.c:1450:6:HCSR04_Read	8	static
../Core/Src/main.c:1469:6:sensorTask	48	static
../Core/Src/main.c:1528:6:HAL_TIM_PeriodElapsedCallback	0	static
../Core/Src/main.c:1544:6:Error_Handler	0	static,ignoring_inline_asm
