../Core/Src/main.c:436:5:main	16	static
../Core/Src/main.c:603:6:SystemClock_Config	88	static
../Core/Src/main.c:643:13:MX_ADC1_Init	24	static
../Core/Src/main.c:693:13:MX_ADC2_Init	24	static
../Core/Src/main.c:743:13:MX_I2C1_Init	8	static
../Core/Src/main.c:777:13:MX_TIM1_Init	96	static
../Core/Src/main.c:851:13:MX_TIM2_Init	56	static
../Core/Src/main.c:900:13:MX_TIM3_Init	56	static
../Core/Src/main.c:949:13:MX_TIM4_Init	32	static
../Core/Src/main.c:995:13:MX_TIM6_Init	16	static
../Core/Src/main.c:1033:13:MX_TIM8_Init	96	static
../Core/Src/main.c:1111:13:MX_USART3_UART_Init	8	static
../Core/Src/main.c:1144:13:MX_GPIO_Init	56	static
../Core/Src/main.c:1216:6:HAL_UART_RxCpltCallback	48	static
../Core/Src/main.c:1336:6:HAL_GPIO_EXTI_Callback	16	static
../Core/Src/main.c:1361:6:IR_Left_Read	8	static
../Core/Src/main.c:1368:5:IR_Right_Read	16	static
../Core/Src/main.c:1380:6:StartIRTask	40	static
../Core/Src/main.c:1407:6:PIDConfigInit	24	static
../Core/Src/main.c:1415:6:PIDConfigReset	16	static
../Core/Src/main.c:1425:6:StraightLineMove	32	static
../Core/Src/main.c:1437:6:StraightLineMoveSpeedScale	32	static
../Core/Src/main.c:1447:6:RobotMoveDist	24	static
../Core/Src/main.c:1483:6:RobotMoveDistObstacle	16	static
../Core/Src/main.c:1522:6:RobotMoveDistObstacle_IR	16	static
../Core/Src/main.c:1548:6:RobotTurn	64	static
../Core/Src/main.c:1574:6:Wait	8	static
../Core/Src/main.c:1586:6:RobotTurnFastest	40	static
../Core/Src/main.c:1601:6:FASTESTPATH_TURN_LEFT_90	8	static
../Core/Src/main.c:1609:6:FASTESTPATH_TURN_RIGHT_90	8	static
../Core/Src/main.c:1618:6:FASTESTPATH_TURN_RIGHT_180	8	static
../Core/Src/main.c:1626:6:FASTESTPATH_TURN_LEFT_90X	16	static
../Core/Src/main.c:1649:6:FASTESTPATH_TURN_LEFT_90X_RETURN	16	static
../Core/Src/main.c:1692:6:FASTESTPATH_TURN_RIGHT_180X	16	static
../Core/Src/main.c:1713:6:RobotMoveUntilIROvershoot	8	static
../Core/Src/main.c:1743:6:RobotMoveUntilIRHit	8	static
../Core/Src/main.c:1769:6:runOledTask	80	static
../Core/Src/main.c:1811:6:runCmdTask	16	static
../Core/Src/main.c:1916:6:runADCTask	24	static
../Core/Src/main.c:1959:6:runMoveDistTask	16	static
../Core/Src/main.c:2028:6:runFastestPathTask	16	static
../Core/Src/main.c:2057:6:runBuzzerTask	16	static
../Core/Src/main.c:2093:6:runFLTask	104	static
../Core/Src/main.c:2189:6:runFRTask	48	static
../Core/Src/main.c:2244:6:runBLTask	48	static
../Core/Src/main.c:2299:6:runBRTask	40	static
../Core/Src/main.c:2348:6:runFastestPathTask_V2	16	static
../Core/Src/main.c:2370:6:HCSR04_Read	8	static
../Core/Src/main.c:2377:6:delay_us	16	static
../Core/Src/main.c:2384:6:HAL_TIM_IC_CaptureCallback	16	static
../Core/Src/main.c:2413:6:sensorTask	40	static
../Core/Src/main.c:2434:6:setLeftPWM	16	static
../Core/Src/main.c:2438:6:setRightPWM	16	static
../Core/Src/main.c:2442:6:motorStop	8	static
../Core/Src/main.c:2460:6:runBatteryTask	16	static
../Core/Src/main.c:2482:6:runMoveDistObsTask	16	static
../Core/Src/main.c:2509:6:Error_Handler	4	static,ignoring_inline_asm
