../Core/Src/stm32f4xx_it.c:73:6:NMI_Handler	4	static
../Core/Src/stm32f4xx_it.c:88:6:HardFault_Handler	4	static
../Core/Src/stm32f4xx_it.c:103:6:MemManage_Handler	4	static
../Core/Src/stm32f4xx_it.c:118:6:BusFault_Handler	4	static
../Core/Src/stm32f4xx_it.c:133:6:UsageFault_Handler	4	static
../Core/Src/stm32f4xx_it.c:148:6:DebugMon_Handler	4	static
../Core/Src/stm32f4xx_it.c:161:6:SysTick_Handler	8	static
../Core/Src/stm32f4xx_it.c:190:6:RCC_IRQHandler	4	static
../Core/Src/stm32f4xx_it.c:203:6:TIM1_CC_IRQHandler	8	static
../Core/Src/stm32f4xx_it.c:217:6:TIM4_IRQHandler	8	static
../Core/Src/stm32f4xx_it.c:231:6:USART3_IRQHandler	8	static
